<html>
<body>
<pre>
<h1>礦ision Build Log</h1>
<h2>Tool Versions:</h2>
IDE-Version: μVision V5.38.0.0
Copyright (C) 2022 ARM Ltd and ARM Germany GmbH. All rights reserved.
License Information: 1 qiu, 1, LIC=JL28G-V89FM-MML9I-TXR8R-9LM29-P5CGD
 
Tool Versions:
Toolchain:       MDK-ARM Plus  Version: 5.38.0.0
Toolchain Path:  E:\dianzi\MDKv5\ARM\ARMCLANG\Bin
C Compiler:      ArmClang.exe V6.19
Assembler:       Armasm.exe V6.19
Linker/Locator:  ArmLink.exe V6.19
Library Manager: ArmAr.exe V6.19
Hex Converter:   FromElf.exe V6.19
CPU DLL:         SARMCM3.DLL V5.38.0.0
Dialog DLL:      DCM.DLL V1.17.5.0
Target DLL:      UL2CM3.DLL V1.164.8.0
Dialog DLL:      TCM.DLL V1.56.4.0
 
<h2>Project:</h2>
E:\StudyNote\study_STM32-HAL\STM32F4快速入门_HAL\2.code\6.WWDG-LED\Project\STM32F4.uvprojx
Project File Date:  06/02/2025

<h2>Output:</h2>
*** Using Compiler 'V6.19', folder: 'E:\dianzi\MDKv5\ARM\ARMCLANG\Bin'
Build target 'Template'
creating preprocessor file for stm32f4xx_hal_wwdg.c...
compiling stm32f4xx_hal_wwdg.c...
linking...
Program Size: Code=5656 RO-data=448 RW-data=16 ZI-data=1488  
FromELF: creating hex file...
"..\Output\Template.axf" - 0 Error(s), 0 Warning(s).

<h2>Software Packages used:</h2>

Package Vendor: Keil
                http://www.keil.com/pack/Keil.STM32F4xx_DFP.2.13.0.pack
                Keil.STM32F4xx_DFP.2.13.0
                STMicroelectronics STM32F4 Series Device Support, Drivers and Examples

<h2>Collection of Component include folders:</h2>
  E:/dianzi/MDKv5/Keil/STM32F4xx_DFP/2.13.0/Drivers/CMSIS/Device/ST/STM32F4xx/Include

<h2>Collection of Component Files used:</h2>
Build Time Elapsed:  00:00:01
</pre>
</body>
</html>
