../Core/Src/tim.c:20:6:MX_TIM1_Init	56	static
../Core/Src/tim.c:69:6:MX_TIM12_Init	64	static
../Core/Src/tim.c:118:6:HAL_TIM_IC_CaptureCallback	40	static
../Core/Src/tim.c:183:6:Start_PWM_Input_Capture	8	static
../Core/Src/tim.c:208:6:Start_PWM_Output	8	static
../Core/Src/tim.c:215:6:Stop_PWM_Output	8	static
../Core/Src/tim.c:221:6:Set_PWM_Output	24	static
../Core/Src/tim.c:242:6:TIM1_UP_IRQHandler	8	static
../Core/Src/tim.c:261:6:HAL_TIM_Base_MspInit	48	static
../Core/Src/tim.c:285:6:HAL_TIM_MspPostInit	40	static
../Core/Src/tim.c:300:6:HAL_TIM_Base_MspDeInit	16	static
