<html>
<body>
<pre>
<h1>礦ision Build Log</h1>
<h2>Tool Versions:</h2>
IDE-Version: μVision V5.38.0.0
Copyright (C) 2022 ARM Ltd and ARM Germany GmbH. All rights reserved.
License Information: 1 qiu, 1, LIC=JL28G-V89FM-MML9I-TXR8R-9LM29-P5CGD
 
Tool Versions:
Toolchain:       MDK-ARM Plus  Version: 5.38.0.0
Toolchain Path:  E:\dianzi\MDKv5\ARM\AC5\Bin
C Compiler:      Armcc.exe V5.06 update 7 (build 960)
Assembler:       Armasm.exe V5.06 update 7 (build 960)
Linker/Locator:  ArmLink.exe V5.06 update 7 (build 960)
Library Manager: ArmAr.exe V5.06 update 7 (build 960)
Hex Converter:   FromElf.exe V5.06 update 7 (build 960)
CPU DLL:         SARMCM3.DLL V5.38.0.0
Dialog DLL:      DCM.DLL V1.17.5.0
Target DLL:      STLink\ST-LINKIII-KEIL_SWO.dll V3.1.0.0
Dialog DLL:      TCM.DLL V1.56.4.0
 
<h2>Project:</h2>
E:\StudyNote\study_STM32-HAL\3.参考例程\0.新建工程模板(HAL)\USER\Template.uvprojx
Project File Date:  12/20/2024

<h2>Output:</h2>
*** Using Compiler 'V5.06 update 7 (build 960)', folder: 'E:\dianzi\MDKv5\ARM\AC5\Bin'
Build target 'Template'
assembling startup_stm32f407xx.s...
compiling stm32f4xx_hal_msp.c...
compiling main.c...
..\SYSTEM\sys\sys.h(115): warning:  #1-D: last line of file ends without a newline
  #endif
..\SYSTEM\delay\delay.h(9): warning:  #1-D: last line of file ends without a newline
  #endif
main.c(37): warning:  #1-D: last line of file ends without a newline
  }
main.c: 3 warnings, 0 errors
compiling stm32f4xx_hal_cortex.c...
compiling stm32f4xx_hal_pwr_ex.c...
compiling stm32f4xx_hal_gpio.c...
compiling stm32f4xx_hal_rcc_ex.c...
compiling system_stm32f4xx.c...
compiling stm32f4xx_hal.c...
compiling stm32f4xx_it.c...
compiling stm32f4xx_hal_usart.c...
compiling stm32f4xx_hal_pwr.c...
compiling stm32f4xx_hal_dma_ex.c...
compiling stm32f4xx_hal_adc.c...
compiling stm32f4xx_hal_dma.c...
compiling stm32f4xx_hal_rcc.c...
compiling stm32f4xx_hal_uart.c...
compiling stm32f4xx_hal_adc_ex.c...
compiling stm32f4xx_hal_can.c...
compiling stm32f4xx_hal_dma2d.c...
compiling stm32f4xx_hal_dcmi_ex.c...
compiling stm32f4xx_hal_dac_ex.c...
compiling stm32f4xx_hal_cec.c...
compiling stm32f4xx_hal_dac.c...
compiling stm32f4xx_hal_crc.c...
compiling stm32f4xx_hal_eth.c...
compiling stm32f4xx_hal_dcmi.c...
compiling stm32f4xx_hal_i2c_ex.c...
compiling stm32f4xx_hal_exti.c...
compiling stm32f4xx_hal_flash.c...
compiling stm32f4xx_hal_flash_ex.c...
compiling stm32f4xx_hal_i2s.c...
compiling stm32f4xx_hal_ltdc_ex.c...
compiling stm32f4xx_hal_i2c.c...
compiling stm32f4xx_hal_ltdc.c...
compiling stm32f4xx_hal_i2s_ex.c...
compiling sys.c...
..\SYSTEM\sys\sys.h(115): warning:  #1-D: last line of file ends without a newline
  #endif
..\SYSTEM\sys\sys.c: 1 warning, 0 errors
compiling delay.c...
..\SYSTEM\sys\sys.h(115): warning:  #1-D: last line of file ends without a newline
  #endif
..\SYSTEM\delay\delay.h(9): warning:  #1-D: last line of file ends without a newline
  #endif
..\SYSTEM\delay\delay.c(183): warning:  #1-D: last line of file ends without a newline
  #endif		 
..\SYSTEM\delay\delay.c: 3 warnings, 0 errors
compiling usart.c...
..\SYSTEM\sys\sys.h(115): warning:  #1-D: last line of file ends without a newline
  #endif
..\SYSTEM\delay\delay.h(9): warning:  #1-D: last line of file ends without a newline
  #endif
..\SYSTEM\usart\usart.c(186): warning:  #1-D: last line of file ends without a newline
  */
..\SYSTEM\usart\usart.c: 3 warnings, 0 errors
compiling stm32f4xx_hal_tim_ex.c...
compiling stm32f4xx_hal_tim.c...
linking...
Program Size: Code=3786 RO-data=442 RW-data=20 ZI-data=1900  
FromELF: creating hex file...
"..\OBJ\Template.axf" - 0 Error(s), 10 Warning(s).

<h2>Software Packages used:</h2>

Package Vendor: Keil
                http://www.keil.com/pack/Keil.STM32F4xx_DFP.2.13.0.pack
                Keil.STM32F4xx_DFP.2.13.0
                STMicroelectronics STM32F4 Series Device Support, Drivers and Examples

<h2>Collection of Component include folders:</h2>
  E:/dianzi/MDKv5/Keil/STM32F4xx_DFP/2.13.0/Drivers/CMSIS/Device/ST/STM32F4xx/Include

<h2>Collection of Component Files used:</h2>
Build Time Elapsed:  00:00:02
</pre>
</body>
</html>
