Component: ARM Compiler 5.06 update 6 (build 750) Tool: armlink [4d35ed]

==============================================================================

Section Cross References

    main.o(.text) refers to lcd.o(.text) for LCD_ShowString
    main.o(.text) refers to usbh_core.o(.text) for USBH_DeInit
    main.o(.text) refers to usb_core.o(.text) for USB_OTG_StopHost
    main.o(.text) refers to stm32f4xx_rcc.o(.text) for RCC_AHB2PeriphClockCmd
    main.o(.text) refers to delay.o(.text) for delay_ms
    main.o(.text) refers to rt_memclr_w.o(.text) for __aeabi_memclr4
    main.o(.text) refers to misc.o(.text) for NVIC_PriorityGroupConfig
    main.o(.text) refers to usart.o(.text) for uart_init
    main.o(.text) refers to led.o(.text) for LED_Init
    main.o(.text) refers to usbh_usr.o(.text) for USBH_Check_HIDCommDead
    main.o(.text) refers to lcd.o(.data) for POINT_COLOR
    main.o(.text) refers to lcd.o(.bss) for lcddev
    main.o(.text) refers to main.o(.bss) for USB_Host
    main.o(.text) refers to usbh_usr.o(.data) for USR_Callbacks
    main.o(.text) refers to usbh_hid_core.o(.data) for HID_cb
    main.o(.text) refers to usbh_hid_core.o(.bss) for HID_Machine
    system_stm32f4xx.o(.text) refers to system_stm32f4xx.o(.data) for SystemCoreClock
    led.o(.text) refers to stm32f4xx_rcc.o(.text) for RCC_AHB1PeriphClockCmd
    led.o(.text) refers to stm32f4xx_gpio.o(.text) for GPIO_Init
    lcd.o(.text) refers to _printf_percent.o(.ARM.Collect$$_printf_percent$$00000000) for _printf_percent
    lcd.o(.text) refers to _printf_x.o(.ARM.Collect$$_printf_percent$$0000000C) for _printf_x
    lcd.o(.text) refers to _printf_hex_int.o(.text) for _printf_longlong_hex
    lcd.o(.text) refers to delay.o(.text) for delay_us
    lcd.o(.text) refers to lcd.o(.bss) for lcddev
    lcd.o(.text) refers to lcd.o(.data) for POINT_COLOR
    lcd.o(.text) refers to dflt_clz.o(x$fpl$dfltu) for __aeabi_ui2d
    lcd.o(.text) refers to dmul.o(x$fpl$dmul) for __aeabi_dmul
    lcd.o(.text) refers to dfixu.o(x$fpl$dfixu) for __aeabi_d2uiz
    lcd.o(.text) refers to stm32f4xx_rcc.o(.text) for RCC_AHB1PeriphClockCmd
    lcd.o(.text) refers to stm32f4xx_gpio.o(.text) for GPIO_Init
    lcd.o(.text) refers to stm32f4xx_fsmc.o(.text) for FSMC_NORSRAMInit
    lcd.o(.text) refers to noretval__2printf.o(.text) for __2printf
    lcd.o(.text) refers to lcd.o(.constdata) for asc2_1206
    delay.o(.text) refers to misc.o(.text) for SysTick_CLKSourceConfig
    delay.o(.text) refers to delay.o(.data) for fac_us
    usart.o(.rev16_text) refers (Special) to use_no_semi_2.o(.text) for __use_no_semihosting
    usart.o(.revsh_text) refers (Special) to use_no_semi_2.o(.text) for __use_no_semihosting
    usart.o(.text) refers (Special) to use_no_semi_2.o(.text) for __use_no_semihosting
    usart.o(.text) refers to stm32f4xx_rcc.o(.text) for RCC_AHB1PeriphClockCmd
    usart.o(.text) refers to stm32f4xx_gpio.o(.text) for GPIO_PinAFConfig
    usart.o(.text) refers to stm32f4xx_usart.o(.text) for USART_Init
    usart.o(.text) refers to misc.o(.text) for NVIC_Init
    usart.o(.text) refers to usart.o(.data) for USART_RX_STA
    usart.o(.text) refers to usart.o(.bss) for USART_RX_BUF
    usart.o(.bss) refers (Special) to use_no_semi_2.o(.text) for __use_no_semihosting
    usart.o(.data) refers (Special) to use_no_semi_2.o(.text) for __use_no_semihosting
    startup_stm32f40_41xxx.o(STACK) refers (Special) to heapauxi.o(.text) for __use_two_region_memory
    startup_stm32f40_41xxx.o(HEAP) refers (Special) to heapauxi.o(.text) for __use_two_region_memory
    startup_stm32f40_41xxx.o(RESET) refers (Special) to heapauxi.o(.text) for __use_two_region_memory
    startup_stm32f40_41xxx.o(RESET) refers to startup_stm32f40_41xxx.o(STACK) for __initial_sp
    startup_stm32f40_41xxx.o(RESET) refers to startup_stm32f40_41xxx.o(.text) for Reset_Handler
    startup_stm32f40_41xxx.o(RESET) refers to stm32f4xx_it.o(.text) for NMI_Handler
    startup_stm32f40_41xxx.o(RESET) refers to usart.o(.text) for USART1_IRQHandler
    startup_stm32f40_41xxx.o(RESET) refers to usbh_usr.o(.text) for OTG_FS_IRQHandler
    startup_stm32f40_41xxx.o(.text) refers (Special) to heapauxi.o(.text) for __use_two_region_memory
    startup_stm32f40_41xxx.o(.text) refers to system_stm32f4xx.o(.text) for SystemInit
    startup_stm32f40_41xxx.o(.text) refers to __main.o(!!!main) for __main
    startup_stm32f40_41xxx.o(.text) refers to startup_stm32f40_41xxx.o(HEAP) for Heap_Mem
    startup_stm32f40_41xxx.o(.text) refers to startup_stm32f40_41xxx.o(STACK) for Stack_Mem
    stm32f4xx_gpio.o(.text) refers to stm32f4xx_rcc.o(.text) for RCC_AHB1PeriphResetCmd
    stm32f4xx_fsmc.o(.text) refers to stm32f4xx_fsmc.o(.constdata) for FSMC_DefaultTimingStruct
    stm32f4xx_rcc.o(.text) refers to stm32f4xx_rcc.o(.data) for APBAHBPrescTable
    stm32f4xx_syscfg.o(.text) refers to stm32f4xx_rcc.o(.text) for RCC_APB2PeriphResetCmd
    stm32f4xx_usart.o(.text) refers to stm32f4xx_rcc.o(.text) for RCC_APB2PeriphResetCmd
[...]
    .ARM.Collect$$libinit$$0000002E          0x08000218   Section        0  libinit2.o(.ARM.Collect$$libinit$$0000002E)
    .ARM.Collect$$libinit$$00000030          0x08000218   Section        0  libinit2.o(.ARM.Collect$$libinit$$00000030)
    .ARM.Collect$$libinit$$00000032          0x08000218   Section        0  libinit2.o(.ARM.Collect$$libinit$$00000032)
    .ARM.Collect$$libinit$$00000033          0x08000218   Section        2  libinit2.o(.ARM.Collect$$libinit$$00000033)
    .ARM.Collect$$libshutdown$$00000000      0x0800021a   Section        2  libshutdown.o(.ARM.Collect$$libshutdown$$00000000)
    .ARM.Collect$$libshutdown$$00000002      0x0800021c   Section        0  libshutdown2.o(.ARM.Collect$$libshutdown$$00000002)
    .ARM.Collect$$libshutdown$$00000004      0x0800021c   Section        0  libshutdown2.o(.ARM.Collect$$libshutdown$$00000004)
    .ARM.Collect$$libshutdown$$00000007      0x0800021c   Section        0  libshutdown2.o(.ARM.Collect$$libshutdown$$00000007)
    .ARM.Collect$$libshutdown$$0000000A      0x0800021c   Section        0  libshutdown2.o(.ARM.Collect$$libshutdown$$0000000A)
    .ARM.Collect$$libshutdown$$0000000C      0x0800021c   Section        0  libshutdown2.o(.ARM.Collect$$libshutdown$$0000000C)
    .ARM.Collect$$libshutdown$$0000000F      0x0800021c   Section        0  libshutdown2.o(.ARM.Collect$$libshutdown$$0000000F)
    .ARM.Collect$$libshutdown$$00000010      0x0800021c   Section        2  libshutdown2.o(.ARM.Collect$$libshutdown$$00000010)
    .ARM.Collect$$rtentry$$00000000          0x0800021e   Section        0  __rtentry.o(.ARM.Collect$$rtentry$$00000000)
    .ARM.Collect$$rtentry$$00000002          0x0800021e   Section        0  __rtentry2.o(.ARM.Collect$$rtentry$$00000002)
    .ARM.Collect$$rtentry$$00000004          0x0800021e   Section        6  __rtentry4.o(.ARM.Collect$$rtentry$$00000004)
    .ARM.Collect$$rtentry$$00000009          0x08000224   Section        0  __rtentry2.o(.ARM.Collect$$rtentry$$00000009)
    .ARM.Collect$$rtentry$$0000000A          0x08000224   Section        4  __rtentry2.o(.ARM.Collect$$rtentry$$0000000A)
    .ARM.Collect$$rtentry$$0000000C          0x08000228   Section        0  __rtentry2.o(.ARM.Collect$$rtentry$$0000000C)
    .ARM.Collect$$rtentry$$0000000D          0x08000228   Section        8  __rtentry2.o(.ARM.Collect$$rtentry$$0000000D)
    .ARM.Collect$$rtexit$$00000000           0x08000230   Section        2  rtexit.o(.ARM.Collect$$rtexit$$00000000)
    .ARM.Collect$$rtexit$$00000002           0x08000232   Section        0  rtexit2.o(.ARM.Collect$$rtexit$$00000002)
    .ARM.Collect$$rtexit$$00000003           0x08000232   Section        4  rtexit2.o(.ARM.Collect$$rtexit$$00000003)
    .ARM.Collect$$rtexit$$00000004           0x08000236   Section        6  rtexit2.o(.ARM.Collect$$rtexit$$00000004)
    .text                                    0x0800023c   Section        0  main.o(.text)
    .text                                    0x080005e4   Section        0  stm32f4xx_it.o(.text)
    .text                                    0x08000600   Section        0  system_stm32f4xx.o(.text)
    SetSysClock                              0x08000601   Thumb Code   220  system_stm32f4xx.o(.text)
    .text                                    0x08000810   Section        0  led.o(.text)
    .text                                    0x08000850   Section        0  lcd.o(.text)
    .text                                    0x080054d0   Section        0  delay.o(.text)
    .text                                    0x080055d4   Section        0  usart.o(.text)
    .text                                    0x0800571c   Section       64  startup_stm32f40_41xxx.o(.text)
    $v0                                      0x0800571c   Number         0  startup_stm32f40_41xxx.o(.text)
    .text                                    0x0800575c   Section        0  misc.o(.text)
    .text                                    0x0800583c   Section        0  stm32f4xx_gpio.o(.text)
    .text                                    0x08005ad0   Section        0  stm32f4xx_fsmc.o(.text)
    .text                                    0x08006098   Section        0  stm32f4xx_rcc.o(.text)
    .text                                    0x080066f4   Section        0  stm32f4xx_usart.o(.text)
    .text                                    0x08006b48   Section        0  usb_core.o(.text)
    USB_OTG_EnableCommonInt                  0x08006b49   Thumb Code    52  usb_core.o(.text)
    USB_OTG_CoreReset                        0x08006b7d   Thumb Code   108  usb_core.o(.text)
    .text                                    0x08007772   Section        0  usb_hcd.o(.text)
    .text                                    0x08007858   Section        0  usb_hcd_int.o(.text)
    USB_OTG_USBH_handle_IncompletePeriodicXfer_ISR 0x08007859   Thumb Code    70  usb_hcd_int.o(.text)
    USB_OTG_USBH_handle_Disconnect_ISR       0x0800789f   Thumb Code    40  usb_hcd_int.o(.text)
    USB_OTG_USBH_handle_port_ISR             0x080078c7   Thumb Code   282  usb_hcd_int.o(.text)
    USB_OTG_USBH_handle_hc_n_Out_ISR         0x080079e1   Thumb Code   984  usb_hcd_int.o(.text)
    USB_OTG_USBH_handle_hc_n_In_ISR          0x08007db9   Thumb Code  1066  usb_hcd_int.o(.text)
    USB_OTG_USBH_handle_hc_ISR               0x080081e3   Thumb Code    86  usb_hcd_int.o(.text)
    USB_OTG_USBH_handle_ptxfempty_ISR        0x08008239   Thumb Code   302  usb_hcd_int.o(.text)
    USB_OTG_USBH_handle_nptxfempty_ISR       0x08008367   Thumb Code   302  usb_hcd_int.o(.text)
    USB_OTG_USBH_handle_rx_qlvl_ISR          0x08008495   Thumb Code   356  usb_hcd_int.o(.text)
    USB_OTG_USBH_handle_sof_ISR              0x080085f9   Thumb Code    38  usb_hcd_int.o(.text)
    .text                                    0x080086cc   Section        0  usbh_core.o(.text)
    USBH_HandleEnum                          0x080089b7   Thumb Code   472  usbh_core.o(.text)
    .text                                    0x08008d32   Section        0  usbh_hcs.o(.text)
    USBH_GetFreeChannel                      0x08008e31   Thumb Code    40  usbh_hcs.o(.text)
    .text                                    0x08008eb8   Section        0  usbh_ioreq.o(.text)
    USBH_SubmitSetupRequest                  0x08008eb9   Thumb Code    24  usbh_ioreq.o(.text)
    .text                                    0x08009260   Section        0  usbh_stdreq.o(.text)
    USBH_ParseDevDesc                        0x08009261   Thumb Code    88  usbh_stdreq.o(.text)
    USBH_ParseEPDesc                         0x08009335   Thumb Code    32  usbh_stdreq.o(.text)
    USBH_ParseInterfaceDesc                  0x08009355   Thumb Code    38  usbh_stdreq.o(.text)
    USBH_ParseCfgDesc                        0x0800938d   Thumb Code   274  usbh_stdreq.o(.text)
    USBH_ParseStringDesc                     0x080094f7   Thumb Code    54  usbh_stdreq.o(.text)
    .text                                    0x08009638   Section        0  usbh_hid_core.o(.text)
    USBH_HID_InterfaceInit                   0x08009639   Thumb Code   328  usbh_hid_core.o(.text)
    USBH_HID_InterfaceDeInit                 0x08009781   Thumb Code    94  usbh_hid_core.o(.text)
    USBH_Set_Protocol                        0x080097df   Thumb Code    48  usbh_hid_core.o(.text)
    USBH_Set_Idle                            0x0800980f   Thumb Code    50  usbh_hid_core.o(.text)
    USBH_Get_HID_ReportDescriptor            0x08009841   Thumb Code    40  usbh_hid_core.o(.text)
    USBH_ParseHIDDesc                        0x08009869   Thumb Code    42  usbh_hid_core.o(.text)
    USBH_Get_HID_Descriptor                  0x08009893   Thumb Code    40  usbh_hid_core.o(.text)
    USBH_HID_ClassRequest                    0x080098bb   Thumb Code   168  usbh_hid_core.o(.text)
    USBH_HID_Handle                          0x08009963   Thumb Code   274  usbh_hid_core.o(.text)
    .text                                    0x08009aac   Section        0  usbh_hid_keybd.o(.text)
    KEYBRD_Init                              0x08009aad   Thumb Code     8  usbh_hid_keybd.o(.text)
    KEYBRD_Decode                            0x08009ab5   Thumb Code   296  usbh_hid_keybd.o(.text)
    .text                                    0x08009c08   Section        0  usbh_hid_mouse.o(.text)
    MOUSE_Init                               0x08009c09   Thumb Code     8  usbh_hid_mouse.o(.text)
    MOUSE_Decode                             0x08009c11   Thumb Code    80  usbh_hid_mouse.o(.text)
    .text                                    0x08009c68   Section        0  usb_bsp.o(.text)
    .text                                    0x08009d24   Section        0  usbh_usr.o(.text)
    .text                                    0x0800a43c   Section        2  use_no_semi_2.o(.text)
    .text                                    0x0800a440   Section        0  noretval__2printf.o(.text)
    .text                                    0x0800a458   Section        0  noretval__2sprintf.o(.text)
    .text                                    0x0800a480   Section        0  _printf_pad.o(.text)
    .text                                    0x0800a4ce   Section        0  _printf_str.o(.text)
    .text                                    0x0800a520   Section        0  _printf_dec.o(.text)
    .text                                    0x0800a598   Section        0  _printf_hex_int.o(.text)
    .text                                    0x0800a5f0   Section        0  __printf_flags_wp.o(.text)
    .text                                    0x0800a728   Section        0  strcat.o(.text)
    .text                                    0x0800a740   Section       78  rt_memclr_w.o(.text)
    .text                                    0x0800a78e   Section        0  heapauxi.o(.text)
    .text                                    0x0800a794   Section        2  use_no_semi.o(.text)
    .text                                    0x0800a796   Section        0  _printf_intcommon.o(.text)
    .text                                    0x0800a848   Section        0  _printf_char_common.o(.text)
    _printf_input_char                       0x0800a849   Thumb Code    10  _printf_char_common.o(.text)
    .text                                    0x0800a878   Section        0  _sputc.o(.text)
    .text                                    0x0800a882   Section        0  _printf_char.o(.text)
    .text                                    0x0800a8b0   Section        0  _printf_char_file.o(.text)
    .text                                    0x0800a8d4   Section        0  ferror.o(.text)
    .text                                    0x0800a8dc   Section       74  sys_stackheap_outer.o(.text)
    .text                                    0x0800a926   Section        0  exit.o(.text)
    .text                                    0x0800a938   Section        8  libspace.o(.text)
    i._is_digit                              0x0800a940   Section        0  __printf_wp.o(i._is_digit)
    x$fpl$dfixu                              0x0800a950   Section       90  dfixu.o(x$fpl$dfixu)
    $v0                                      0x0800a950   Number         0  dfixu.o(x$fpl$dfixu)
    x$fpl$dfltu                              0x0800a9aa   Section       38  dflt_clz.o(x$fpl$dfltu)
    $v0                                      0x0800a9aa   Number         0  dflt_clz.o(x$fpl$dfltu)
    x$fpl$dmul                               0x0800a9d0   Section      340  dmul.o(x$fpl$dmul)
    $v0                                      0x0800a9d0   Number         0  dmul.o(x$fpl$dmul)
    x$fpl$dnaninf                            0x0800ab24   Section      156  dnaninf.o(x$fpl$dnaninf)
    $v0                                      0x0800ab24   Number         0  dnaninf.o(x$fpl$dnaninf)
    x$fpl$dretinf                            0x0800abc0   Section       12  dretinf.o(x$fpl$dretinf)
    $v0                                      0x0800abc0   Number         0  dretinf.o(x$fpl$dretinf)
    x$fpl$fpinit                             0x0800abcc   Section       10  fpinit.o(x$fpl$fpinit)
    $v0                                      0x0800abcc   Number         0  fpinit.o(x$fpl$fpinit)
    .constdata                               0x0800abd6   Section     6080  lcd.o(.constdata)
    x$fpl$usenofp                            0x0800abd6   Section        0  usenofp.o(x$fpl$usenofp)
    .constdata                               0x0800c398   Section       28  stm32f4xx_fsmc.o(.constdata)
    .constdata                               0x0800c3b4   Section      492  usbh_hid_keybd.o(.constdata)
    HID_KEYBRD_Codes                         0x0800c3b4   Data         232  usbh_hid_keybd.o(.constdata)
    HID_KEYBRD_Key                           0x0800c49c   Data         130  usbh_hid_keybd.o(.constdata)
    HID_KEYBRD_ShiftKey                      0x0800c51e   Data         130  usbh_hid_keybd.o(.constdata)
    .constdata                               0x0800c5a0   Section       40  _printf_hex_int.o(.constdata)
    uc_hextab                                0x0800c5a0   Data          20  _printf_hex_int.o(.constdata)
    lc_hextab                                0x0800c5b4   Data          20  _printf_hex_int.o(.constdata)
    .constdata                               0x0800c5c8   Section       17  __printf_flags_wp.o(.constdata)
    maptable                                 0x0800c5c8   Data          17  __printf_flags_wp.o(.constdata)
    .data                                    0x20000000   Section       20  system_stm32f4xx.o(.data)
    .data                                    0x20000014   Section        4  lcd.o(.data)
    .data                                    0x20000018   Section        4  delay.o(.data)
    fac_us                                   0x20000018   Data           1  delay.o(.data)
    fac_ms                                   0x2000001a   Data           2  delay.o(.data)
    .data                                    0x2000001c   Section        6  usart.o(.data)
    .data                                    0x20000022   Section       16  stm32f4xx_rcc.o(.data)
    APBAHBPrescTable                         0x20000022   Data          16  stm32f4xx_rcc.o(.data)
    .data                                    0x20000034   Section       18  usbh_core.o(.data)
    timeout                                  0x20000044   Data           2  usbh_core.o(.data)
    .data                                    0x20000046   Section        3  usbh_stdreq.o(.data)
    prev_ep_size                             0x20000046   Data           2  usbh_stdreq.o(.data)
    prev_itf                                 0x20000048   Data           1  usbh_stdreq.o(.data)
    .data                                    0x2000004c   Section       28  usbh_hid_core.o(.data)
    .data                                    0x20000068   Section       31  usbh_hid_keybd.o(.data)
    shift                                    0x20000070   Data           1  usbh_hid_keybd.o(.data)
    keys                                     0x20000071   Data           6  usbh_hid_keybd.o(.data)
    keys_new                                 0x20000077   Data           6  usbh_hid_keybd.o(.data)
    keys_last                                0x2000007d   Data           6  usbh_hid_keybd.o(.data)
    key_newest                               0x20000083   Data           1  usbh_hid_keybd.o(.data)
    nbr_keys                                 0x20000084   Data           1  usbh_hid_keybd.o(.data)
    nbr_keys_new                             0x20000085   Data           1  usbh_hid_keybd.o(.data)
    nbr_keys_last                            0x20000086   Data           1  usbh_hid_keybd.o(.data)
    .data                                    0x20000088   Section       12  usbh_hid_mouse.o(.data)
    .data                                    0x20000094   Section       92  usbh_usr.o(.data)
    errcnt                                   0x200000e0   Data           2  usbh_usr.o(.data)
    x                                        0x200000e2   Data           2  usbh_usr.o(.data)
    y                                        0x200000e4   Data           2  usbh_usr.o(.data)
    z                                        0x200000e6   Data           2  usbh_usr.o(.data)
    pos                                      0x200000e8   Data           2  usbh_usr.o(.data)
    endx                                     0x200000ea   Data           2  usbh_usr.o(.data)
    endy                                     0x200000ec   Data           2  usbh_usr.o(.data)
    maxinputchar                             0x200000ee   Data           2  usbh_usr.o(.data)
    .bss                                     0x200000f0   Section     1584  main.o(.bss)
    .bss                                     0x20000720   Section       14  lcd.o(.bss)
    .bss                                     0x2000072e   Section      200  usart.o(.bss)
    .bss                                     0x200007f6   Section      512  usbh_stdreq.o(.bss)
    .bss                                     0x200009f8   Section      166  usbh_hid_core.o(.bss)
    .bss                                     0x20000aa0   Section     2017  usbh_usr.o(.bss)
    .bss                                     0x20001284   Section       96  libspace.o(.bss)
    HEAP                                     0x200012e8   Section      512  startup_stm32f40_41xxx.o(HEAP)
    Heap_Mem                                 0x200012e8   Data         512  startup_stm32f40_41xxx.o(HEAP)
    STACK                                    0x200014e8   Section     1024  startup_stm32f40_41xxx.o(STACK)
    Stack_Mem                                0x200014e8   Data        1024  startup_stm32f40_41xxx.o(STACK)
    __initial_sp                             0x200018e8   Data           0  startup_stm32f40_41xxx.o(STACK)

    Global Symbols

    Symbol Name                              Value     Ov Type        Size  Object(Section)

    BuildAttributes$$THM_ISAv4$E$P$D$K$B$S$7EM$VFPi3$EXTD16$VFPS$VFMA$PE$A:L22UL41UL21$X:L11$S22US41US21$IEEE1$IW$USESV6$~STKCKD$USESV7$~SHL$OSPACE$ROPI$EBA8$UX$STANDARDLIB$REQ8$PRES8$EABIv2 0x00000000   Number         0  anon$$obj.o ABSOLUTE
    __ARM_use_no_argv                        0x00000000   Number         0  main.o ABSOLUTE
    _printf_flags                            0x00000000   Number         0  printf_stubs.o ABSOLUTE
    _printf_return_value                     0x00000000   Number         0  printf_stubs.o ABSOLUTE
    _printf_sizespec                         0x00000000   Number         0  printf_stubs.o ABSOLUTE
    _printf_widthprec                        0x00000000   Number         0  printf_stubs.o ABSOLUTE
    __ARM_exceptions_init                     - Undefined Weak Reference
    __alloca_initialize                       - Undefined Weak Reference
    __arm_preinit_                            - Undefined Weak Reference
    __cpp_initialize__aeabi_                  - Undefined Weak Reference
    __cxa_finalize                            - Undefined Weak Reference
    __rt_locale                               - Undefined Weak Reference
    __sigvec_lookup                           - Undefined Weak Reference
    _atexit_init                              - Undefined Weak Reference
    _call_atexit_fns                          - Undefined Weak Reference
    _clock_init                               - Undefined Weak Reference
    _fp_trap_init                             - Undefined Weak Reference
    _fp_trap_shutdown                         - Undefined Weak Reference
    _get_lc_collate                           - Undefined Weak Reference
    _get_lc_ctype                             - Undefined Weak Reference
    _get_lc_monetary                          - Undefined Weak Reference
    _get_lc_numeric                           - Undefined Weak Reference
    _get_lc_time                              - Undefined Weak Reference
    _getenv_init                              - Undefined Weak Reference
    _handle_redirection                       - Undefined Weak Reference
    _init_alloc                               - Undefined Weak Reference
    _init_user_alloc                          - Undefined Weak Reference
    _initio                                   - Undefined Weak Reference
    _mutex_acquire                            - Undefined Weak Reference
    _mutex_release                            - Undefined Weak Reference
    _printf_mbtowc                            - Undefined Weak Reference
    _printf_truncate_signed                   - Undefined Weak Reference
    _printf_truncate_unsigned                 - Undefined Weak Reference
    _rand_init                                - Undefined Weak Reference
    _signal_finish                            - Undefined Weak Reference
    _signal_init                              - Undefined Weak Reference
    _terminate_alloc                          - Undefined Weak Reference
    _terminate_user_alloc                     - Undefined Weak Reference
    _terminateio                              - Undefined Weak Reference
    __Vectors_Size                           0x00000188   Number         0  startup_stm32f40_41xxx.o ABSOLUTE
    __Vectors                                0x08000000   Data           4  startup_stm32f40_41xxx.o(RESET)
    __Vectors_End                            0x08000188   Data           0  startup_stm32f40_41xxx.o(RESET)
    __main                                   0x08000189   Thumb Code     8  __main.o(!!!main)
    __scatterload                            0x08000191   Thumb Code     0  __scatter.o(!!!scatter)
    __scatterload_rt2                        0x08000191   Thumb Code    44  __scatter.o(!!!scatter)
    __scatterload_rt2_thumb_only             0x08000191   Thumb Code     0  __scatter.o(!!!scatter)
    __scatterload_null                       0x0800019f   Thumb Code     0  __scatter.o(!!!scatter)
    __scatterload_copy                       0x080001c5   Thumb Code    26  __scatter_copy.o(!!handler_copy)
    __scatterload_zeroinit                   0x080001e1   Thumb Code    28  __scatter_zi.o(!!handler_zi)
    _printf_d                                0x080001fd   Thumb Code     0  _printf_d.o(.ARM.Collect$$_printf_percent$$00000009)
    _printf_percent                          0x080001fd   Thumb Code     0  _printf_percent.o(.ARM.Collect$$_printf_percent$$00000000)
    _printf_x                                0x08000203   Thumb Code     0  _printf_x.o(.ARM.Collect$$_printf_percent$$0000000C)
    _printf_s                                0x08000209   Thumb Code     0  _printf_s.o(.ARM.Collect$$_printf_percent$$00000014)
    _printf_percent_end                      0x0800020f   Thumb Code     0  _printf_percent_end.o(.ARM.Collect$$_printf_percent$$00000017)
    __rt_lib_init                            0x08000213   Thumb Code     0  libinit.o(.ARM.Collect$$libinit$$00000000)
    __rt_lib_init_fp_1                       0x08000215   Thumb Code     0  libinit2.o(.ARM.Collect$$libinit$$00000001)
    __rt_lib_init_alloca_1                   0x08000219   Thumb Code     0  libinit2.o(.ARM.Collect$$libinit$$0000002E)
    __rt_lib_init_argv_1                     0x08000219   Thumb Code     0  libinit2.o(.ARM.Collect$$libinit$$0000002C)
    __rt_lib_init_atexit_1                   0x08000219   Thumb Code     0  libinit2.o(.ARM.Collect$$libinit$$0000001B)
    __rt_lib_init_clock_1                    0x08000219   Thumb Code     0  libinit2.o(.ARM.Collect$$libinit$$00000021)
    __rt_lib_init_cpp_1                      0x08000219   Thumb Code     0  libinit2.o(.ARM.Collect$$libinit$$00000032)
    __rt_lib_init_exceptions_1               0x08000219   Thumb Code     0  libinit2.o(.ARM.Collect$$libinit$$00000030)
    __rt_lib_init_fp_trap_1                  0x08000219   Thumb Code     0  libinit2.o(.ARM.Collect$$libinit$$0000001F)
    __rt_lib_init_getenv_1                   0x08000219   Thumb Code     0  libinit2.o(.ARM.Collect$$libinit$$00000023)
    __rt_lib_init_heap_1                     0x08000219   Thumb Code     0  libinit2.o(.ARM.Collect$$libinit$$0000000A)
    __rt_lib_init_lc_collate_1               0x08000219   Thumb Code     0  libinit2.o(.ARM.Collect$$libinit$$00000011)
    __rt_lib_init_lc_ctype_1                 0x08000219   Thumb Code     0  libinit2.o(.ARM.Collect$$libinit$$00000013)
    __rt_lib_init_lc_monetary_1              0x08000219   Thumb Code     0  libinit2.o(.ARM.Collect$$libinit$$00000015)
    __rt_lib_init_lc_numeric_1               0x08000219   Thumb Code     0  libinit2.o(.ARM.Collect$$libinit$$00000017)
    __rt_lib_init_lc_time_1                  0x08000219   Thumb Code     0  libinit2.o(.ARM.Collect$$libinit$$00000019)
    __rt_lib_init_preinit_1                  0x08000219   Thumb Code     0  libinit2.o(.ARM.Collect$$libinit$$00000004)
    __rt_lib_init_rand_1                     0x08000219   Thumb Code     0  libinit2.o(.ARM.Collect$$libinit$$0000000E)
    __rt_lib_init_return                     0x08000219   Thumb Code     0  libinit2.o(.ARM.Collect$$libinit$$00000033)
    __rt_lib_init_signal_1                   0x08000219   Thumb Code     0  libinit2.o(.ARM.Collect$$libinit$$0000001D)
    __rt_lib_init_stdio_1                    0x08000219   Thumb Code     0  libinit2.o(.ARM.Collect$$libinit$$00000025)
    __rt_lib_init_user_alloc_1               0x08000219   Thumb Code     0  libinit2.o(.ARM.Collect$$libinit$$0000000C)
    __rt_lib_shutdown                        0x0800021b   Thumb Code     0  libshutdown.o(.ARM.Collect$$libshutdown$$00000000)
    __rt_lib_shutdown_cpp_1                  0x0800021d   Thumb Code     0  libshutdown2.o(.ARM.Collect$$libshutdown$$00000002)
    __rt_lib_shutdown_fp_trap_1              0x0800021d   Thumb Code     0  libshutdown2.o(.ARM.Collect$$libshutdown$$00000007)
    __rt_lib_shutdown_heap_1                 0x0800021d   Thumb Code     0  libshutdown2.o(.ARM.Collect$$libshutdown$$0000000F)
    __rt_lib_shutdown_return                 0x0800021d   Thumb Code     0  libshutdown2.o(.ARM.Collect$$libshutdown$$00000010)
    __rt_lib_shutdown_signal_1               0x0800021d   Thumb Code     0  libshutdown2.o(.ARM.Collect$$libshutdown$$0000000A)
    __rt_lib_shutdown_stdio_1                0x0800021d   Thumb Code     0  libshutdown2.o(.ARM.Collect$$libshutdown$$00000004)
    __rt_lib_shutdown_user_alloc_1           0x0800021d   Thumb Code     0  libshutdown2.o(.ARM.Collect$$libshutdown$$0000000C)
    __rt_entry                               0x0800021f   Thumb Code     0  __rtentry.o(.ARM.Collect$$rtentry$$00000000)
    __rt_entry_presh_1                       0x0800021f   Thumb Code     0  __rtentry2.o(.ARM.Collect$$rtentry$$00000002)
    __rt_entry_sh                            0x0800021f   Thumb Code     0  __rtentry4.o(.ARM.Collect$$rtentry$$00000004)
    __rt_entry_li                            0x08000225   Thumb Code     0  __rtentry2.o(.ARM.Collect$$rtentry$$0000000A)
    __rt_entry_postsh_1                      0x08000225   Thumb Code     0  __rtentry2.o(.ARM.Collect$$rtentry$$00000009)
    __rt_entry_main                          0x08000229   Thumb Code     0  __rtentry2.o(.ARM.Collect$$rtentry$$0000000D)
    __rt_entry_postli_1                      0x08000229   Thumb Code     0  __rtentry2.o(.ARM.Collect$$rtentry$$0000000C)
    __rt_exit                                0x08000231   Thumb Code     0  rtexit.o(.ARM.Collect$$rtexit$$00000000)
    __rt_exit_ls                             0x08000233   Thumb Code     0  rtexit2.o(.ARM.Collect$$rtexit$$00000003)
    __rt_exit_prels_1                        0x08000233   Thumb Code     0  rtexit2.o(.ARM.Collect$$rtexit$$00000002)
    __rt_exit_exit                           0x08000237   Thumb Code     0  rtexit2.o(.ARM.Collect$$rtexit$$00000004)
    USBH_Msg_Show                            0x0800023d   Thumb Code   320  main.o(.text)
    USBH_HID_Reconnect                       0x0800037d   Thumb Code   132  main.o(.text)
    main                                     0x08000401   Thumb Code   230  main.o(.text)
    NMI_Handler                              0x080005e5   Thumb Code     2  stm32f4xx_it.o(.text)
    HardFault_Handler                        0x080005e7   Thumb Code     4  stm32f4xx_it.o(.text)
    MemManage_Handler                        0x080005eb   Thumb Code     4  stm32f4xx_it.o(.text)
    BusFault_Handler                         0x080005ef   Thumb Code     4  stm32f4xx_it.o(.text)
    UsageFault_Handler                       0x080005f3   Thumb Code     4  stm32f4xx_it.o(.text)
    SVC_Handler                              0x080005f7   Thumb Code     2  stm32f4xx_it.o(.text)
    DebugMon_Handler                         0x080005f9   Thumb Code     2  stm32f4xx_it.o(.text)
    PendSV_Handler                           0x080005fb   Thumb Code     2  stm32f4xx_it.o(.text)
    SysTick_Handler                          0x080005fd   Thumb Code     2  stm32f4xx_it.o(.text)
    SystemInit                               0x080006dd   Thumb Code    88  system_stm32f4xx.o(.text)
    SystemCoreClockUpdate                    0x08000735   Thumb Code   174  system_stm32f4xx.o(.text)
    LED_Init                                 0x08000811   Thumb Code    60  led.o(.text)
    LCD_WR_REG                               0x08000851   Thumb Code    18  lcd.o(.text)
    LCD_WR_DATA                              0x08000863   Thumb Code    20  lcd.o(.text)
    LCD_RD_DATA                              0x08000877   Thumb Code    16  lcd.o(.text)
    LCD_WriteReg                             0x08000887   Thumb Code    14  lcd.o(.text)
    LCD_ReadReg                              0x08000895   Thumb Code    22  lcd.o(.text)
    LCD_WriteRAM_Prepare                     0x080008ab   Thumb Code    10  lcd.o(.text)
    LCD_WriteRAM                             0x080008b5   Thumb Code     8  lcd.o(.text)
    LCD_BGR2RGB                              0x080008bd   Thumb Code    26  lcd.o(.text)
    opt_delay                                0x080008d7   Thumb Code    14  lcd.o(.text)
    LCD_SetCursor                            0x080008e5   Thumb Code   418  lcd.o(.text)
    LCD_ReadPoint                            0x08000a87   Thumb Code   360  lcd.o(.text)
    LCD_DisplayOn                            0x08000bef   Thumb Code   102  lcd.o(.text)
    LCD_DisplayOff                           0x08000c55   Thumb Code    90  lcd.o(.text)
    LCD_Scan_Dir                             0x08000caf   Thumb Code   744  lcd.o(.text)
    LCD_DrawPoint                            0x08000f97   Thumb Code    28  lcd.o(.text)
    LCD_Fast_DrawPoint                       0x08000fb3   Thumb Code   388  lcd.o(.text)
    LCD_SSD_BackLightSet                     0x08001137   Thumb Code    88  lcd.o(.text)
    LCD_Display_Dir                          0x0800118f   Thumb Code   444  lcd.o(.text)
    LCD_Set_Window                           0x0800134b   Thumb Code   546  lcd.o(.text)
    LCD_Clear                                0x0800156d   Thumb Code   100  lcd.o(.text)
    LCD_Init                                 0x080015d1   Thumb Code 14696  lcd.o(.text)
    LCD_Fill                                 0x08004f39   Thumb Code   180  lcd.o(.text)
    LCD_Color_Fill                           0x08004fed   Thumb Code   100  lcd.o(.text)
    LCD_DrawLine                             0x08005051   Thumb Code   176  lcd.o(.text)
    LCD_DrawRectangle                        0x08005101   Thumb Code    60  lcd.o(.text)
    LCD_Draw_Circle                          0x0800513d   Thumb Code   152  lcd.o(.text)
    LCD_ShowChar                             0x080051d5   Thumb Code   272  lcd.o(.text)
    LCD_Pow                                  0x080052e5   Thumb Code    22  lcd.o(.text)
    LCD_ShowNum                              0x080052fb   Thumb Code   148  lcd.o(.text)
    LCD_ShowxNum                             0x0800538f   Thumb Code   220  lcd.o(.text)
    LCD_ShowString                           0x0800546b   Thumb Code   102  lcd.o(.text)
    delay_init                               0x080054d1   Thumb Code    52  delay.o(.text)
    delay_us                                 0x08005505   Thumb Code    72  delay.o(.text)
    delay_xms                                0x0800554d   Thumb Code    72  delay.o(.text)
    delay_ms                                 0x08005595   Thumb Code    56  delay.o(.text)
    _sys_exit                                0x080055d5   Thumb Code     4  usart.o(.text)
    fputc                                    0x080055d9   Thumb Code    22  usart.o(.text)
    uart_init                                0x080055ef   Thumb Code   164  usart.o(.text)
    USART1_IRQHandler                        0x08005693   Thumb Code   122  usart.o(.text)
    Reset_Handler                            0x0800571d   Thumb Code     8  startup_stm32f40_41xxx.o(.text)
    ADC_IRQHandler                           0x08005737   Thumb Code     0  startup_stm32f40_41xxx.o(.text)
    CAN1_RX0_IRQHandler                      0x08005737   Thumb Code     0  startup_stm32f40_41xxx.o(.text)
    CAN1_RX1_IRQHandler                      0x08005737   Thumb Code     0  startup_stm32f40_41xxx.o(.text)
    CAN1_SCE_IRQHandler                      0x08005737   Thumb Code     0  startup_stm32f40_41xxx.o(.text)
    CAN1_TX_IRQHandler                       0x08005737   Thumb Code     0  startup_stm32f40_41xxx.o(.text)
    CAN2_RX0_IRQHandler                      0x08005737   Thumb Code     0  startup_stm32f40_41xxx.o(.text)
    CAN2_RX1_IRQHandler                      0x08005737   Thumb Code     0  startup_stm32f40_41xxx.o(.text)
    CAN2_SCE_IRQHandler                      0x08005737   Thumb Code     0  startup_stm32f40_41xxx.o(.text)
    CAN2_TX_IRQHandler                       0x08005737   Thumb Code     0  startup_stm32f40_41xxx.o(.text)
    CRYP_IRQHandler                          0x08005737   Thumb Code     0  startup_stm32f40_41xxx.o(.text)
    DCMI_IRQHandler                          0x08005737   Thumb Code     0  startup_stm32f40_41xxx.o(.text)
    DMA1_Stream0_IRQHandler                  0x08005737   Thumb Code     0  startup_stm32f40_41xxx.o(.text)
    DMA1_Stream1_IRQHandler                  0x08005737   Thumb Code     0  startup_stm32f40_41xxx.o(.text)
    DMA1_Stream2_IRQHandler                  0x08005737   Thumb Code     0  startup_stm32f40_41xxx.o(.text)
    DMA1_Stream3_IRQHandler                  0x08005737   Thumb Code     0  startup_stm32f40_41xxx.o(.text)
    DMA1_Stream4_IRQHandler                  0x08005737   Thumb Code     0  startup_stm32f40_41xxx.o(.text)
    DMA1_Stream5_IRQHandler                  0x08005737   Thumb Code     0  startup_stm32f40_41xxx.o(.text)
    DMA1_Stream6_IRQHandler                  0x08005737   Thumb Code     0  startup_stm32f40_41xxx.o(.text)
    DMA1_Stream7_IRQHandler                  0x08005737   Thumb Code     0  startup_stm32f40_41xxx.o(.text)
    DMA2_Stream0_IRQHandler                  0x08005737   Thumb Code     0  startup_stm32f40_41xxx.o(.text)
    DMA2_Stream1_IRQHandler                  0x08005737   Thumb Code     0  startup_stm32f40_41xxx.o(.text)
    DMA2_Stream2_IRQHandler                  0x08005737   Thumb Code     0  startup_stm32f40_41xxx.o(.text)
    DMA2_Stream3_IRQHandler                  0x08005737   Thumb Code     0  startup_stm32f40_41xxx.o(.text)
    DMA2_Stream4_IRQHandler                  0x08005737   Thumb Code     0  startup_stm32f40_41xxx.o(.text)
    DMA2_Stream5_IRQHandler                  0x08005737   Thumb Code     0  startup_stm32f40_41xxx.o(.text)
    DMA2_Stream6_IRQHandler                  0x08005737   Thumb Code     0  startup_stm32f40_41xxx.o(.text)
    DMA2_Stream7_IRQHandler                  0x08005737   Thumb Code     0  startup_stm32f40_41xxx.o(.text)
    ETH_IRQHandler                           0x08005737   Thumb Code     0  startup_stm32f40_41xxx.o(.text)
    ETH_WKUP_IRQHandler                      0x08005737   Thumb Code     0  startup_stm32f40_41xxx.o(.text)
    EXTI0_IRQHandler                         0x08005737   Thumb Code     0  startup_stm32f40_41xxx.o(.text)
    EXTI15_10_IRQHandler                     0x08005737   Thumb Code     0  startup_stm32f40_41xxx.o(.text)
    EXTI1_IRQHandler                         0x08005737   Thumb Code     0  startup_stm32f40_41xxx.o(.text)
    EXTI2_IRQHandler                         0x08005737   Thumb Code     0  startup_stm32f40_41xxx.o(.text)
    EXTI3_IRQHandler                         0x08005737   Thumb Code     0  startup_stm32f40_41xxx.o(.text)
    EXTI4_IRQHandler                         0x08005737   Thumb Code     0  startup_stm32f40_41xxx.o(.text)
    EXTI9_5_IRQHandler                       0x08005737   Thumb Code     0  startup_stm32f40_41xxx.o(.text)
    FLASH_IRQHandler                         0x08005737   Thumb Code     0  startup_stm32f40_41xxx.o(.text)
    FPU_IRQHandler                           0x08005737   Thumb Code     0  startup_stm32f40_41xxx.o(.text)
    FSMC_IRQHandler                          0x08005737   Thumb Code     0  startup_stm32f40_41xxx.o(.text)
    HASH_RNG_IRQHandler                      0x08005737   Thumb Code     0  startup_stm32f40_41xxx.o(.text)
    I2C1_ER_IRQHandler                       0x08005737   Thumb Code     0  startup_stm32f40_41xxx.o(.text)
    I2C1_EV_IRQHandler                       0x08005737   Thumb Code     0  startup_stm32f40_41xxx.o(.text)
    I2C2_ER_IRQHandler                       0x08005737   Thumb Code     0  startup_stm32f40_41xxx.o(.text)
    I2C2_EV_IRQHandler                       0x08005737   Thumb Code     0  startup_stm32f40_41xxx.o(.text)
    I2C3_ER_IRQHandler                       0x08005737   Thumb Code     0  startup_stm32f40_41xxx.o(.text)
    I2C3_EV_IRQHandler                       0x08005737   Thumb Code     0  startup_stm32f40_41xxx.o(.text)
    OTG_FS_WKUP_IRQHandler                   0x08005737   Thumb Code     0  startup_stm32f40_41xxx.o(.text)
    OTG_HS_EP1_IN_IRQHandler                 0x08005737   Thumb Code     0  startup_stm32f40_41xxx.o(.text)
    OTG_HS_EP1_OUT_IRQHandler                0x08005737   Thumb Code     0  startup_stm32f40_41xxx.o(.text)
    OTG_HS_IRQHandler                        0x08005737   Thumb Code     0  startup_stm32f40_41xxx.o(.text)
    OTG_HS_WKUP_IRQHandler                   0x08005737   Thumb Code     0  startup_stm32f40_41xxx.o(.text)
    PVD_IRQHandler                           0x08005737   Thumb Code     0  startup_stm32f40_41xxx.o(.text)
    RCC_IRQHandler                           0x08005737   Thumb Code     0  startup_stm32f40_41xxx.o(.text)
    RTC_Alarm_IRQHandler                     0x08005737   Thumb Code     0  startup_stm32f40_41xxx.o(.text)
    RTC_WKUP_IRQHandler                      0x08005737   Thumb Code     0  startup_stm32f40_41xxx.o(.text)
    SDIO_IRQHandler                          0x08005737   Thumb Code     0  startup_stm32f40_41xxx.o(.text)
    SPI1_IRQHandler                          0x08005737   Thumb Code     0  startup_stm32f40_41xxx.o(.text)
    SPI2_IRQHandler                          0x08005737   Thumb Code     0  startup_stm32f40_41xxx.o(.text)
    SPI3_IRQHandler                          0x08005737   Thumb Code     0  startup_stm32f40_41xxx.o(.text)
    TAMP_STAMP_IRQHandler                    0x08005737   Thumb Code     0  startup_stm32f40_41xxx.o(.text)
    TIM1_BRK_TIM9_IRQHandler                 0x08005737   Thumb Code     0  startup_stm32f40_41xxx.o(.text)
    TIM1_CC_IRQHandler                       0x08005737   Thumb Code     0  startup_stm32f40_41xxx.o(.text)
    TIM1_TRG_COM_TIM11_IRQHandler            0x08005737   Thumb Code     0  startup_stm32f40_41xxx.o(.text)
    TIM1_UP_TIM10_IRQHandler                 0x08005737   Thumb Code     0  startup_stm32f40_41xxx.o(.text)
    TIM2_IRQHandler                          0x08005737   Thumb Code     0  startup_stm32f40_41xxx.o(.text)
    TIM3_IRQHandler                          0x08005737   Thumb Code     0  startup_stm32f40_41xxx.o(.text)
    TIM4_IRQHandler                          0x08005737   Thumb Code     0  startup_stm32f40_41xxx.o(.text)
    TIM5_IRQHandler                          0x08005737   Thumb Code     0  startup_stm32f40_41xxx.o(.text)
    TIM6_DAC_IRQHandler                      0x08005737   Thumb Code     0  startup_stm32f40_41xxx.o(.text)
    TIM7_IRQHandler                          0x08005737   Thumb Code     0  startup_stm32f40_41xxx.o(.text)
    TIM8_BRK_TIM12_IRQHandler                0x08005737   Thumb Code     0  startup_stm32f40_41xxx.o(.text)
    TIM8_CC_IRQHandler                       0x08005737   Thumb Code     0  startup_stm32f40_41xxx.o(.text)
    TIM8_TRG_COM_TIM14_IRQHandler            0x08005737   Thumb Code     0  startup_stm32f40_41xxx.o(.text)
    TIM8_UP_TIM13_IRQHandler                 0x08005737   Thumb Code     0  startup_stm32f40_41xxx.o(.text)
    UART4_IRQHandler                         0x08005737   Thumb Code     0  startup_stm32f40_41xxx.o(.text)
    UART5_IRQHandler                         0x08005737   Thumb Code     0  startup_stm32f40_41xxx.o(.text)
    USART2_IRQHandler                        0x08005737   Thumb Code     0  startup_stm32f40_41xxx.o(.text)
    USART3_IRQHandler                        0x08005737   Thumb Code     0  startup_stm32f40_41xxx.o(.text)
    USART6_IRQHandler                        0x08005737   Thumb Code     0  startup_stm32f40_41xxx.o(.text)
    WWDG_IRQHandler                          0x08005737   Thumb Code     0  startup_stm32f40_41xxx.o(.text)
    __user_initial_stackheap                 0x08005739   Thumb Code     0  startup_stm32f40_41xxx.o(.text)
    NVIC_PriorityGroupConfig                 0x0800575d   Thumb Code    10  misc.o(.text)
    NVIC_Init                                0x08005767   Thumb Code   106  misc.o(.text)
    NVIC_SetVectorTable                      0x080057d1   Thumb Code    14  misc.o(.text)
    NVIC_SystemLPConfig                      0x080057df   Thumb Code    34  misc.o(.text)
    SysTick_CLKSourceConfig                  0x08005801   Thumb Code    40  misc.o(.text)
    GPIO_DeInit                              0x0800583d   Thumb Code   268  stm32f4xx_gpio.o(.text)
    GPIO_Init                                0x08005949   Thumb Code   144  stm32f4xx_gpio.o(.text)
    GPIO_StructInit                          0x080059d9   Thumb Code    18  stm32f4xx_gpio.o(.text)
    GPIO_PinLockConfig                       0x080059eb   Thumb Code    34  stm32f4xx_gpio.o(.text)
    GPIO_ReadInputDataBit                    0x08005a0d   Thumb Code    18  stm32f4xx_gpio.o(.text)
    GPIO_ReadInputData                       0x08005a1f   Thumb Code     8  stm32f4xx_gpio.o(.text)
    GPIO_ReadOutputDataBit                   0x08005a27   Thumb Code    18  stm32f4xx_gpio.o(.text)
    GPIO_ReadOutputData                      0x08005a39   Thumb Code     8  stm32f4xx_gpio.o(.text)
    GPIO_SetBits                             0x08005a41   Thumb Code     4  stm32f4xx_gpio.o(.text)
    GPIO_ResetBits                           0x08005a45   Thumb Code     4  stm32f4xx_gpio.o(.text)
    GPIO_WriteBit                            0x08005a49   Thumb Code    10  stm32f4xx_gpio.o(.text)
    GPIO_Write                               0x08005a53   Thumb Code     4  stm32f4xx_gpio.o(.text)
    GPIO_ToggleBits                          0x08005a57   Thumb Code     8  stm32f4xx_gpio.o(.text)
    GPIO_PinAFConfig                         0x08005a5f   Thumb Code    70  stm32f4xx_gpio.o(.text)
    FSMC_NORSRAMDeInit                       0x08005ad1   Thumb Code    54  stm32f4xx_fsmc.o(.text)
    FSMC_NORSRAMInit                         0x08005b07   Thumb Code   230  stm32f4xx_fsmc.o(.text)
    FSMC_NORSRAMStructInit                   0x08005bed   Thumb Code    48  stm32f4xx_fsmc.o(.text)
    FSMC_NORSRAMCmd                          0x08005c1d   Thumb Code    46  stm32f4xx_fsmc.o(.text)
    FSMC_NANDDeInit                          0x08005c4b   Thumb Code    62  stm32f4xx_fsmc.o(.text)
    FSMC_NANDInit                            0x08005c89   Thumb Code   132  stm32f4xx_fsmc.o(.text)
    FSMC_NANDStructInit                      0x08005d0d   Thumb Code    54  stm32f4xx_fsmc.o(.text)
    FSMC_NANDCmd                             0x08005d43   Thumb Code    86  stm32f4xx_fsmc.o(.text)
    FSMC_NANDECCCmd                          0x08005d99   Thumb Code    86  stm32f4xx_fsmc.o(.text)
    FSMC_GetECC                              0x08005def   Thumb Code    24  stm32f4xx_fsmc.o(.text)
    FSMC_PCCARDDeInit                        0x08005e07   Thumb Code    36  stm32f4xx_fsmc.o(.text)
    FSMC_PCCARDInit                          0x08005e2b   Thumb Code   130  stm32f4xx_fsmc.o(.text)
    FSMC_PCCARDStructInit                    0x08005ead   Thumb Code    60  stm32f4xx_fsmc.o(.text)
    FSMC_PCCARDCmd                           0x08005ee9   Thumb Code    44  stm32f4xx_fsmc.o(.text)
    FSMC_ITConfig                            0x08005f15   Thumb Code   128  stm32f4xx_fsmc.o(.text)
    FSMC_GetFlagStatus                       0x08005f95   Thumb Code    54  stm32f4xx_fsmc.o(.text)
    FSMC_ClearFlag                           0x08005fcb   Thumb Code    74  stm32f4xx_fsmc.o(.text)
    FSMC_GetITStatus                         0x08006015   Thumb Code    62  stm32f4xx_fsmc.o(.text)
    FSMC_ClearITPendingBit                   0x08006053   Thumb Code    66  stm32f4xx_fsmc.o(.text)
    RCC_DeInit                               0x08006099   Thumb Code    82  stm32f4xx_rcc.o(.text)
    RCC_HSEConfig                            0x080060eb   Thumb Code    14  stm32f4xx_rcc.o(.text)
    RCC_GetFlagStatus                        0x080060f9   Thumb Code    60  stm32f4xx_rcc.o(.text)
    RCC_WaitForHSEStartUp                    0x08006135   Thumb Code    56  stm32f4xx_rcc.o(.text)
    RCC_AdjustHSICalibrationValue            0x0800616d   Thumb Code    20  stm32f4xx_rcc.o(.text)
    RCC_HSICmd                               0x08006181   Thumb Code     6  stm32f4xx_rcc.o(.text)
    RCC_LSEConfig                            0x08006187   Thumb Code    46  stm32f4xx_rcc.o(.text)
    RCC_LSICmd                               0x080061b5   Thumb Code     6  stm32f4xx_rcc.o(.text)
    RCC_PLLConfig                            0x080061bb   Thumb Code    32  stm32f4xx_rcc.o(.text)
    RCC_PLLCmd                               0x080061db   Thumb Code     6  stm32f4xx_rcc.o(.text)
    RCC_PLLI2SConfig                         0x080061e1   Thumb Code    14  stm32f4xx_rcc.o(.text)
    RCC_PLLI2SCmd                            0x080061ef   Thumb Code     6  stm32f4xx_rcc.o(.text)
    RCC_PLLSAIConfig                         0x080061f5   Thumb Code    20  stm32f4xx_rcc.o(.text)
    RCC_PLLSAICmd                            0x08006209   Thumb Code     6  stm32f4xx_rcc.o(.text)
    RCC_ClockSecuritySystemCmd               0x0800620f   Thumb Code     6  stm32f4xx_rcc.o(.text)
    RCC_MCO1Config                           0x08006215   Thumb Code    28  stm32f4xx_rcc.o(.text)
    RCC_MCO2Config                           0x08006231   Thumb Code    28  stm32f4xx_rcc.o(.text)
    RCC_SYSCLKConfig                         0x0800624d   Thumb Code    20  stm32f4xx_rcc.o(.text)
    RCC_GetSYSCLKSource                      0x08006261   Thumb Code    12  stm32f4xx_rcc.o(.text)
    RCC_HCLKConfig                           0x0800626d   Thumb Code    20  stm32f4xx_rcc.o(.text)
    RCC_PCLK1Config                          0x08006281   Thumb Code    20  stm32f4xx_rcc.o(.text)
    RCC_PCLK2Config                          0x08006295   Thumb Code    22  stm32f4xx_rcc.o(.text)
    RCC_GetClocksFreq                        0x080062ab   Thumb Code   222  stm32f4xx_rcc.o(.text)
    RCC_RTCCLKConfig                         0x08006389   Thumb Code    54  stm32f4xx_rcc.o(.text)
    RCC_RTCCLKCmd                            0x080063bf   Thumb Code     8  stm32f4xx_rcc.o(.text)
    RCC_BackupResetCmd                       0x080063c7   Thumb Code     8  stm32f4xx_rcc.o(.text)
    RCC_I2SCLKConfig                         0x080063cf   Thumb Code     6  stm32f4xx_rcc.o(.text)
    RCC_SAIPLLI2SClkDivConfig                0x080063d5   Thumb Code    26  stm32f4xx_rcc.o(.text)
    RCC_SAIPLLSAIClkDivConfig                0x080063ef   Thumb Code    28  stm32f4xx_rcc.o(.text)
    RCC_SAIBlockACLKConfig                   0x0800640b   Thumb Code    20  stm32f4xx_rcc.o(.text)
    RCC_SAIBlockBCLKConfig                   0x0800641f   Thumb Code    20  stm32f4xx_rcc.o(.text)
    RCC_LTDCCLKDivConfig                     0x08006433   Thumb Code    20  stm32f4xx_rcc.o(.text)
    RCC_TIMCLKPresConfig                     0x08006447   Thumb Code     6  stm32f4xx_rcc.o(.text)
    RCC_AHB1PeriphClockCmd                   0x0800644d   Thumb Code    34  stm32f4xx_rcc.o(.text)
    RCC_AHB2PeriphClockCmd                   0x0800646f   Thumb Code    78  stm32f4xx_rcc.o(.text)
    RCC_AHB3PeriphClockCmd                   0x080064bd   Thumb Code    34  stm32f4xx_rcc.o(.text)
    RCC_APB1PeriphClockCmd                   0x080064df   Thumb Code    34  stm32f4xx_rcc.o(.text)
    RCC_APB2PeriphClockCmd                   0x08006501   Thumb Code    34  stm32f4xx_rcc.o(.text)
    RCC_AHB1PeriphResetCmd                   0x08006523   Thumb Code    34  stm32f4xx_rcc.o(.text)
    RCC_AHB2PeriphResetCmd                   0x08006545   Thumb Code    34  stm32f4xx_rcc.o(.text)
    RCC_AHB3PeriphResetCmd                   0x08006567   Thumb Code    34  stm32f4xx_rcc.o(.text)
    RCC_APB1PeriphResetCmd                   0x08006589   Thumb Code    34  stm32f4xx_rcc.o(.text)
    RCC_APB2PeriphResetCmd                   0x080065ab   Thumb Code    34  stm32f4xx_rcc.o(.text)
    RCC_AHB1PeriphClockLPModeCmd             0x080065cd   Thumb Code    34  stm32f4xx_rcc.o(.text)
    RCC_AHB2PeriphClockLPModeCmd             0x080065ef   Thumb Code    34  stm32f4xx_rcc.o(.text)
    RCC_AHB3PeriphClockLPModeCmd             0x08006611   Thumb Code    34  stm32f4xx_rcc.o(.text)
    RCC_APB1PeriphClockLPModeCmd             0x08006633   Thumb Code    34  stm32f4xx_rcc.o(.text)
    RCC_APB2PeriphClockLPModeCmd             0x08006655   Thumb Code    34  stm32f4xx_rcc.o(.text)
    RCC_LSEModeConfig                        0x08006677   Thumb Code    40  stm32f4xx_rcc.o(.text)
    RCC_ITConfig                             0x0800669f   Thumb Code    34  stm32f4xx_rcc.o(.text)
    RCC_ClearFlag                            0x080066c1   Thumb Code    18  stm32f4xx_rcc.o(.text)
    RCC_GetITStatus                          0x080066d3   Thumb Code    22  stm32f4xx_rcc.o(.text)
    RCC_ClearITPendingBit                    0x080066e9   Thumb Code     8  stm32f4xx_rcc.o(.text)
    USART_DeInit                             0x080066f5   Thumb Code   206  stm32f4xx_usart.o(.text)
    USART_Init                               0x080067c3   Thumb Code   204  stm32f4xx_usart.o(.text)
    USART_StructInit                         0x0800688f   Thumb Code    24  stm32f4xx_usart.o(.text)
    USART_ClockInit                          0x080068a7   Thumb Code    32  stm32f4xx_usart.o(.text)
    USART_ClockStructInit                    0x080068c7   Thumb Code    12  stm32f4xx_usart.o(.text)
    USART_Cmd                                0x080068d3   Thumb Code    24  stm32f4xx_usart.o(.text)
    USART_SetPrescaler                       0x080068eb   Thumb Code    16  stm32f4xx_usart.o(.text)
    USART_OverSampling8Cmd                   0x080068fb   Thumb Code    22  stm32f4xx_usart.o(.text)
    USART_OneBitMethodCmd                    0x08006911   Thumb Code    24  stm32f4xx_usart.o(.text)
    USART_SendData                           0x08006929   Thumb Code     8  stm32f4xx_usart.o(.text)
    USART_ReceiveData                        0x08006931   Thumb Code    10  stm32f4xx_usart.o(.text)
    USART_SetAddress                         0x0800693b   Thumb Code    18  stm32f4xx_usart.o(.text)
    USART_ReceiverWakeUpCmd                  0x0800694d   Thumb Code    24  stm32f4xx_usart.o(.text)
    USART_WakeUpConfig                       0x08006965   Thumb Code    18  stm32f4xx_usart.o(.text)
    USART_LINBreakDetectLengthConfig         0x08006977   Thumb Code    18  stm32f4xx_usart.o(.text)
    USART_LINCmd                             0x08006989   Thumb Code    24  stm32f4xx_usart.o(.text)
    USART_SendBreak                          0x080069a1   Thumb Code    10  stm32f4xx_usart.o(.text)
    USART_HalfDuplexCmd                      0x080069ab   Thumb Code    24  stm32f4xx_usart.o(.text)
    USART_SetGuardTime                       0x080069c3   Thumb Code    16  stm32f4xx_usart.o(.text)
    USART_SmartCardCmd                       0x080069d3   Thumb Code    24  stm32f4xx_usart.o(.text)
    USART_SmartCardNACKCmd                   0x080069eb   Thumb Code    24  stm32f4xx_usart.o(.text)
    USART_IrDAConfig                         0x08006a03   Thumb Code    18  stm32f4xx_usart.o(.text)
    USART_IrDACmd                            0x08006a15   Thumb Code    24  stm32f4xx_usart.o(.text)
    USART_DMACmd                             0x08006a2d   Thumb Code    18  stm32f4xx_usart.o(.text)
    USART_ITConfig                           0x08006a3f   Thumb Code    74  stm32f4xx_usart.o(.text)
    USART_GetFlagStatus                      0x08006a89   Thumb Code    26  stm32f4xx_usart.o(.text)
    USART_ClearFlag                          0x08006aa3   Thumb Code    18  stm32f4xx_usart.o(.text)
    USART_GetITStatus                        0x08006ab5   Thumb Code   118  stm32f4xx_usart.o(.text)
    USART_ClearITPendingBit                  0x08006b2b   Thumb Code    30  stm32f4xx_usart.o(.text)
    USB_OTG_WritePacket                      0x08006be9   Thumb Code    64  usb_core.o(.text)
    USB_OTG_ReadPacket                       0x08006c29   Thumb Code    40  usb_core.o(.text)
    USB_OTG_SelectCore                       0x08006c51   Thumb Code   204  usb_core.o(.text)
    USB_OTG_CoreInit                         0x08006d1d   Thumb Code   294  usb_core.o(.text)
    USB_OTG_EnableGlobalInt                  0x08006e43   Thumb Code    34  usb_core.o(.text)
    USB_OTG_DisableGlobalInt                 0x08006e65   Thumb Code    34  usb_core.o(.text)
    USB_OTG_FlushTxFifo                      0x08006e87   Thumb Code    80  usb_core.o(.text)
    USB_OTG_FlushRxFifo                      0x08006ed7   Thumb Code    70  usb_core.o(.text)
    USB_OTG_SetCurrentMode                   0x08006f1d   Thumb Code    78  usb_core.o(.text)
    USB_OTG_GetMode                          0x08006f6b   Thumb Code    22  usb_core.o(.text)
    USB_OTG_IsDeviceMode                     0x08006f81   Thumb Code    22  usb_core.o(.text)
    USB_OTG_IsHostMode                       0x08006f97   Thumb Code    20  usb_core.o(.text)
    USB_OTG_ReadCoreItr                      0x08006fab   Thumb Code    16  usb_core.o(.text)
    USB_OTG_ReadOtgItr                       0x08006fbb   Thumb Code     8  usb_core.o(.text)
    USB_OTG_EnableHostInt                    0x08006fc3   Thumb Code   116  usb_core.o(.text)
    USB_OTG_ReadHPRT0                        0x08007037   Thumb Code    48  usb_core.o(.text)
    USB_OTG_DriveVbus                        0x08007067   Thumb Code    92  usb_core.o(.text)
    USB_OTG_ResetPort                        0x080070c3   Thumb Code    64  usb_core.o(.text)
    USB_OTG_InitFSLSPClkSel                  0x08007103   Thumb Code    24  usb_core.o(.text)
    USB_OTG_CoreInitHost                     0x0800711b   Thumb Code   214  usb_core.o(.text)
    USB_OTG_IsEvenFrame                      0x080071f1   Thumb Code    16  usb_core.o(.text)
    USB_OTG_ReadHostAllChannels_intr         0x08007201   Thumb Code     8  usb_core.o(.text)
    USB_OTG_HC_Init                          0x08007209   Thumb Code   568  usb_core.o(.text)
    USB_OTG_HC_StartXfer                     0x08007441   Thumb Code   502  usb_core.o(.text)
    USB_OTG_HC_Halt                          0x08007637   Thumb Code   130  usb_core.o(.text)
    USB_OTG_HC_DoPing                        0x080076b9   Thumb Code    90  usb_core.o(.text)
    USB_OTG_StopHost                         0x08007713   Thumb Code    96  usb_core.o(.text)
    HCD_Init                                 0x08007773   Thumb Code    96  usb_hcd.o(.text)
    HCD_GetCurrentSpeed                      0x080077d3   Thumb Code    20  usb_hcd.o(.text)
    HCD_ResetPort                            0x080077e7   Thumb Code    14  usb_hcd.o(.text)
    HCD_IsDeviceConnected                    0x080077f5   Thumb Code     8  usb_hcd.o(.text)
    HCD_GetCurrentFrame                      0x080077fd   Thumb Code    10  usb_hcd.o(.text)
    HCD_GetURB_State                         0x08007807   Thumb Code    10  usb_hcd.o(.text)
    HCD_GetXferCnt                           0x08007811   Thumb Code    12  usb_hcd.o(.text)
    HCD_GetHCState                           0x0800781d   Thumb Code    10  usb_hcd.o(.text)
    HCD_HC_Init                              0x08007827   Thumb Code    16  usb_hcd.o(.text)
    HCD_SubmitRequest                        0x08007837   Thumb Code    32  usb_hcd.o(.text)
    USBH_OTG_ISR_Handler                     0x0800861f   Thumb Code   168  usb_hcd_int.o(.text)
    USBH_Connected                           0x080086cd   Thumb Code    12  usbh_core.o(.text)
    USBH_Disconnected                        0x080086d9   Thumb Code    12  usbh_core.o(.text)
    USBH_SOF                                 0x080086e5   Thumb Code     6  usbh_core.o(.text)
    USBH_DeInit                              0x080086eb   Thumb Code    58  usbh_core.o(.text)
    USBH_Init                                0x08008725   Thumb Code    68  usbh_core.o(.text)
    USBH_HandleControl                       0x08008769   Thumb Code   544  usbh_core.o(.text)
    USBH_ErrorHandle                         0x08008989   Thumb Code    46  usbh_core.o(.text)
    USBH_Process                             0x08008b8f   Thumb Code   420  usbh_core.o(.text)
    USBH_Open_Channel                        0x08008d33   Thumb Code   154  usbh_hcs.o(.text)
    USBH_Modify_Channel                      0x08008dcd   Thumb Code   100  usbh_hcs.o(.text)
    USBH_Alloc_Channel                       0x08008e59   Thumb Code    38  usbh_hcs.o(.text)
    USBH_Free_Channel                        0x08008e7f   Thumb Code    30  usbh_hcs.o(.text)
    USBH_DeAllocate_AllChannel               0x08008e9d   Thumb Code    28  usbh_hcs.o(.text)
    USBH_CtlReq                              0x08008ed1   Thumb Code   100  usbh_ioreq.o(.text)
    USBH_CtlSendSetup                        0x08008f35   Thumb Code    66  usbh_ioreq.o(.text)
    USBH_CtlSendData                         0x08008f77   Thumb Code   110  usbh_ioreq.o(.text)
    USBH_CtlReceiveData                      0x08008fe5   Thumb Code    70  usbh_ioreq.o(.text)
    USBH_BulkSendData                        0x0800902b   Thumb Code    94  usbh_ioreq.o(.text)
    USBH_BulkReceiveData                     0x08009089   Thumb Code    96  usbh_ioreq.o(.text)
    USBH_InterruptReceiveData                0x080090e9   Thumb Code   120  usbh_ioreq.o(.text)
    USBH_InterruptSendData                   0x08009161   Thumb Code   118  usbh_ioreq.o(.text)
    USBH_IsocReceiveData                     0x080091d7   Thumb Code    70  usbh_ioreq.o(.text)
    USBH_IsocSendData                        0x0800921d   Thumb Code    68  usbh_ioreq.o(.text)
    USBH_GetDescriptor                       0x080092b9   Thumb Code    68  usbh_stdreq.o(.text)
    USBH_Get_DevDesc                         0x080092fd   Thumb Code    56  usbh_stdreq.o(.text)
    USBH_GetNextDesc                         0x0800937b   Thumb Code    18  usbh_stdreq.o(.text)
    USBH_Get_CfgDesc                         0x0800949f   Thumb Code    88  usbh_stdreq.o(.text)
    USBH_Get_StringDesc                      0x0800952d   Thumb Code    60  usbh_stdreq.o(.text)
    USBH_SetAddress                          0x08009569   Thumb Code    38  usbh_stdreq.o(.text)
    USBH_SetCfg                              0x0800958f   Thumb Code    38  usbh_stdreq.o(.text)
    USBH_SetInterface                        0x080095b5   Thumb Code    44  usbh_stdreq.o(.text)
    USBH_ClrFeature                          0x080095e1   Thumb Code    76  usbh_stdreq.o(.text)
    USBH_Set_Report                          0x08009a75   Thumb Code    52  usbh_hid_core.o(.text)
    USB_OTG_BSP_Init                         0x08009c69   Thumb Code   112  usb_bsp.o(.text)
    USB_OTG_BSP_EnableInterrupt              0x08009cd9   Thumb Code    36  usb_bsp.o(.text)
    USB_OTG_BSP_DisableInterrupt             0x08009cfd   Thumb Code     2  usb_bsp.o(.text)
    USB_OTG_BSP_DriveVBUS                    0x08009cff   Thumb Code     2  usb_bsp.o(.text)
    USB_OTG_BSP_ConfigVBUS                   0x08009d01   Thumb Code     2  usb_bsp.o(.text)
    USB_OTG_BSP_uDelay                       0x08009d03   Thumb Code    12  usb_bsp.o(.text)
    USB_OTG_BSP_mDelay                       0x08009d0f   Thumb Code    12  usb_bsp.o(.text)
    OTG_FS_IRQHandler                        0x08009d25   Thumb Code    10  usbh_usr.o(.text)
    USBH_USR_Init                            0x08009d2f   Thumb Code    22  usbh_usr.o(.text)
    USBH_USR_DeviceAttached                  0x08009d45   Thumb Code    10  usbh_usr.o(.text)
    USBH_USR_DeviceDisconnected              0x08009d4f   Thumb Code    20  usbh_usr.o(.text)
    USBH_USR_ResetDevice                     0x08009d63   Thumb Code    10  usbh_usr.o(.text)
    USBH_USR_DeviceSpeedDetected             0x08009d6d   Thumb Code    46  usbh_usr.o(.text)
    USBH_USR_Device_DescAvailable            0x08009d9b   Thumb Code    24  usbh_usr.o(.text)
    USBH_USR_DeviceAddressAssigned           0x08009db3   Thumb Code    10  usbh_usr.o(.text)
    USBH_USR_Configuration_DescAvailable     0x08009dbd   Thumb Code    42  usbh_usr.o(.text)
    USBH_USR_Manufacturer_String             0x08009de7   Thumb Code    14  usbh_usr.o(.text)
    USBH_USR_Product_String                  0x08009df5   Thumb Code    14  usbh_usr.o(.text)
    USBH_USR_SerialNum_String                0x08009e03   Thumb Code    14  usbh_usr.o(.text)
    USBH_USR_EnumerationDone                 0x08009e11   Thumb Code    10  usbh_usr.o(.text)
    USBH_USR_DeviceNotSupported              0x08009e1b   Thumb Code    10  usbh_usr.o(.text)
    USBH_USR_UserInput                       0x08009e25   Thumb Code    16  usbh_usr.o(.text)
    USBH_USR_OverCurrentDetected             0x08009e35   Thumb Code    10  usbh_usr.o(.text)
    USBH_USR_DeInit                          0x08009e3f   Thumb Code    10  usbh_usr.o(.text)
    USBH_USR_UnrecoveredError                0x08009e49   Thumb Code    10  usbh_usr.o(.text)
    USBH_Check_EnumeDead                     0x08009e53   Thumb Code    80  usbh_usr.o(.text)
    USBH_Check_HIDCommDead                   0x08009ea3   Thumb Code    24  usbh_usr.o(.text)
    USR_MOUSE_Init                           0x08009ebb   Thumb Code    16  usbh_usr.o(.text)
    USR_KEYBRD_Init                          0x08009ecb   Thumb Code    16  usbh_usr.o(.text)
    USR_MOUSE_ProcessData                    0x08009edb   Thumb Code  1028  usbh_usr.o(.text)
    USR_KEYBRD_ProcessData                   0x0800a2df   Thumb Code   308  usbh_usr.o(.text)
    __use_no_semihosting                     0x0800a43d   Thumb Code     2  use_no_semi_2.o(.text)
    __2printf                                0x0800a441   Thumb Code    20  noretval__2printf.o(.text)
    __2sprintf                               0x0800a459   Thumb Code    34  noretval__2sprintf.o(.text)
    _printf_pre_padding                      0x0800a481   Thumb Code    44  _printf_pad.o(.text)
    _printf_post_padding                     0x0800a4ad   Thumb Code    34  _printf_pad.o(.text)
    _printf_str                              0x0800a4cf   Thumb Code    82  _printf_str.o(.text)
    _printf_int_dec                          0x0800a521   Thumb Code   104  _printf_dec.o(.text)
    _printf_int_hex                          0x0800a599   Thumb Code    84  _printf_hex_int.o(.text)
    _printf_longlong_hex                     0x0800a599   Thumb Code     0  _printf_hex_int.o(.text)
    __printf                                 0x0800a5f1   Thumb Code   308  __printf_flags_wp.o(.text)
    strcat                                   0x0800a729   Thumb Code    24  strcat.o(.text)
    __aeabi_memclr4                          0x0800a741   Thumb Code     0  rt_memclr_w.o(.text)
    __aeabi_memclr8                          0x0800a741   Thumb Code     0  rt_memclr_w.o(.text)
    __rt_memclr_w                            0x0800a741   Thumb Code    78  rt_memclr_w.o(.text)
    _memset_w                                0x0800a745   Thumb Code     0  rt_memclr_w.o(.text)
    __use_two_region_memory                  0x0800a78f   Thumb Code     2  heapauxi.o(.text)
    __rt_heap_escrow$2region                 0x0800a791   Thumb Code     2  heapauxi.o(.text)
    __rt_heap_expand$2region                 0x0800a793   Thumb Code     2  heapauxi.o(.text)
    __I$use$semihosting                      0x0800a795   Thumb Code     0  use_no_semi.o(.text)
    __use_no_semihosting_swi                 0x0800a795   Thumb Code     2  use_no_semi.o(.text)
    _printf_int_common                       0x0800a797   Thumb Code   178  _printf_intcommon.o(.text)
    _printf_char_common                      0x0800a853   Thumb Code    32  _printf_char_common.o(.text)
    _sputc                                   0x0800a879   Thumb Code    10  _sputc.o(.text)
    _printf_cs_common                        0x0800a883   Thumb Code    20  _printf_char.o(.text)
    _printf_char                             0x0800a897   Thumb Code    16  _printf_char.o(.text)
    _printf_string                           0x0800a8a7   Thumb Code     8  _printf_char.o(.text)
    _printf_char_file                        0x0800a8b1   Thumb Code    32  _printf_char_file.o(.text)
    ferror                                   0x0800a8d5   Thumb Code     8  ferror.o(.text)
    __user_setup_stackheap                   0x0800a8dd   Thumb Code    74  sys_stackheap_outer.o(.text)
    exit                                     0x0800a927   Thumb Code    18  exit.o(.text)
    __user_libspace                          0x0800a939   Thumb Code     8  libspace.o(.text)
    __user_perproc_libspace                  0x0800a939   Thumb Code     0  libspace.o(.text)
    __user_perthread_libspace                0x0800a939   Thumb Code     0  libspace.o(.text)
    _is_digit                                0x0800a941   Thumb Code    14  __printf_wp.o(i._is_digit)
    __aeabi_d2uiz                            0x0800a951   Thumb Code     0  dfixu.o(x$fpl$dfixu)
    _dfixu                                   0x0800a951   Thumb Code    90  dfixu.o(x$fpl$dfixu)
    __aeabi_ui2d                             0x0800a9ab   Thumb Code     0  dflt_clz.o(x$fpl$dfltu)
    _dfltu                                   0x0800a9ab   Thumb Code    38  dflt_clz.o(x$fpl$dfltu)
    __aeabi_dmul                             0x0800a9d1   Thumb Code     0  dmul.o(x$fpl$dmul)
    _dmul                                    0x0800a9d1   Thumb Code   332  dmul.o(x$fpl$dmul)
    __fpl_dnaninf                            0x0800ab25   Thumb Code   156  dnaninf.o(x$fpl$dnaninf)
    __fpl_dretinf                            0x0800abc1   Thumb Code    12  dretinf.o(x$fpl$dretinf)
    _fp_init                                 0x0800abcd   Thumb Code    10  fpinit.o(x$fpl$fpinit)
    __fplib_config_fpu_vfp                   0x0800abd5   Thumb Code     0  fpinit.o(x$fpl$fpinit)
    __fplib_config_pureend_doubles           0x0800abd5   Thumb Code     0  fpinit.o(x$fpl$fpinit)
    __I$use$fp                               0x0800abd6   Number         0  usenofp.o(x$fpl$usenofp)
    asc2_1206                                0x0800abd6   Data        1140  lcd.o(.constdata)
    asc2_1608                                0x0800b04a   Data        1520  lcd.o(.constdata)
    asc2_2412                                0x0800b63a   Data        3420  lcd.o(.constdata)
    FSMC_DefaultTimingStruct                 0x0800c398   Data          28  stm32f4xx_fsmc.o(.constdata)
    Region$$Table$$Base                      0x0800c5dc   Number         0  anon$$obj.o(Region$$Table)
    Region$$Table$$Limit                     0x0800c5fc   Number         0  anon$$obj.o(Region$$Table)
    SystemCoreClock                          0x20000000   Data           4  system_stm32f4xx.o(.data)
    AHBPrescTable                            0x20000004   Data          16  system_stm32f4xx.o(.data)
    POINT_COLOR                              0x20000014   Data           2  lcd.o(.data)
    BACK_COLOR                               0x20000016   Data           2  lcd.o(.data)
    __stdout                                 0x2000001c   Data           4  usart.o(.data)
    USART_RX_STA                             0x20000020   Data           2  usart.o(.data)
    USBH_HCD_INT_cb                          0x20000034   Data          12  usbh_core.o(.data)
    USBH_HCD_INT_fops                        0x20000040   Data           4  usbh_core.o(.data)
    HID_Setup                                0x2000004c   Data           8  usbh_hid_core.o(.data)
    start_toggle                             0x20000054   Data           1  usbh_hid_core.o(.data)
    HID_cb                                   0x20000058   Data          16  usbh_hid_core.o(.data)
    HID_KEYBRD_cb                            0x20000068   Data           8  usbh_hid_keybd.o(.data)
    HID_MOUSE_Data                           0x20000088   Data           4  usbh_hid_mouse.o(.data)
    HID_MOUSE_cb                             0x2000008c   Data           8  usbh_hid_mouse.o(.data)
    bDeviceState                             0x20000094   Data           1  usbh_usr.o(.data)
    USB_FIRST_PLUGIN_FLAG                    0x20000095   Data           1  usbh_usr.o(.data)
    USR_Callbacks                            0x20000098   Data          72  usbh_usr.o(.data)
    USB_Host                                 0x200000f0   Data         132  main.o(.bss)
    USB_OTG_Core_dev                         0x20000174   Data        1452  main.o(.bss)
    lcddev                                   0x20000720   Data          14  lcd.o(.bss)
    USART_RX_BUF                             0x2000072e   Data         200  usart.o(.bss)
    USBH_CfgDesc                             0x200007f6   Data         512  usbh_stdreq.o(.bss)
    HID_Machine                              0x200009f8   Data          84  usbh_hid_core.o(.bss)
    HID_Report                               0x20000a4c   Data          72  usbh_hid_core.o(.bss)
    HID_Desc                                 0x20000a94   Data          10  usbh_hid_core.o(.bss)
    tbuf                                     0x20000aa0   Data        2017  usbh_usr.o(.bss)
    __libspace_start                         0x20001284   Data          96  libspace.o(.bss)
    __temporary_stack_top$libspace           0x200012e4   Data           0  libspace.o(.bss)



==============================================================================

Memory Map of the image

  Image Entry point : 0x08000189

  Load Region LR_IROM1 (Base: 0x08000000, Size: 0x0000c6ec, Max: 0x00100000, ABSOLUTE)

    Execution Region ER_IROM1 (Exec base: 0x08000000, Load base: 0x08000000, Size: 0x0000c5fc, Max: 0x00100000, ABSOLUTE)

    Exec Addr    Load Addr    Size         Type   Attr      Idx    E Section Name        Object

    0x08000000   0x08000000   0x00000188   Data   RO          410    RESET               startup_stm32f40_41xxx.o
    0x08000188   0x08000188   0x00000008   Code   RO          911  * !!!main             c_w.l(__main.o)
    0x08000190   0x08000190   0x00000034   Code   RO         1100    !!!scatter          c_w.l(__scatter.o)
    0x080001c4   0x080001c4   0x0000001a   Code   RO         1102    !!handler_copy      c_w.l(__scatter_copy.o)
    0x080001de   0x080001de   0x00000002   PAD
    0x080001e0   0x080001e0   0x0000001c   Code   RO         1104    !!handler_zi        c_w.l(__scatter_zi.o)
    0x080001fc   0x080001fc   0x00000000   Code   RO          904    .ARM.Collect$$_printf_percent$$00000000  c_w.l(_printf_percent.o)
    0x080001fc   0x080001fc   0x00000006   Code   RO          903    .ARM.Collect$$_printf_percent$$00000009  c_w.l(_printf_d.o)
    0x08000202   0x08000202   0x00000006   Code   RO          902    .ARM.Collect$$_printf_percent$$0000000C  c_w.l(_printf_x.o)
    0x08000208   0x08000208   0x00000006   Code   RO          901    .ARM.Collect$$_printf_percent$$00000014  c_w.l(_printf_s.o)
    0x0800020e   0x0800020e   0x00000004   Code   RO          938    .ARM.Collect$$_printf_percent$$00000017  c_w.l(_printf_percent_end.o)
    0x08000212   0x08000212   0x00000002   Code   RO          974    .ARM.Collect$$libinit$$00000000  c_w.l(libinit.o)
    0x08000214   0x08000214   0x00000004   Code   RO          980    .ARM.Collect$$libinit$$00000001  c_w.l(libinit2.o)
    0x08000218   0x08000218   0x00000000   Code   RO          983    .ARM.Collect$$libinit$$00000004  c_w.l(libinit2.o)
    0x08000218   0x08000218   0x00000000   Code   RO          986    .ARM.Collect$$libinit$$0000000A  c_w.l(libinit2.o)
    0x08000218   0x08000218   0x00000000   Code   RO          988    .ARM.Collect$$libinit$$0000000C  c_w.l(libinit2.o)
    0x08000218   0x08000218   0x00000000   Code   RO          990    .ARM.Collect$$libinit$$0000000E  c_w.l(libinit2.o)
    0x08000218   0x08000218   0x00000000   Code   RO          993    .ARM.Collect$$libinit$$00000011  c_w.l(libinit2.o)
    0x08000218   0x08000218   0x00000000   Code   RO          995    .ARM.Collect$$libinit$$00000013  c_w.l(libinit2.o)
    0x08000218   0x08000218   0x00000000   Code   RO          997    .ARM.Collect$$libinit$$00000015  c_w.l(libinit2.o)
    0x08000218   0x08000218   0x00000000   Code   RO          999    .ARM.Collect$$libinit$$00000017  c_w.l(libinit2.o)
    0x08000218   0x08000218   0x00000000   Code   RO         1001    .ARM.Collect$$libinit$$00000019  c_w.l(libinit2.o)
    0x08000218   0x08000218   0x00000000   Code   RO         1003    .ARM.Collect$$libinit$$0000001B  c_w.l(libinit2.o)
    0x08000218   0x08000218   0x00000000   Code   RO         1005    .ARM.Collect$$libinit$$0000001D  c_w.l(libinit2.o)
    0x08000218   0x08000218   0x00000000   Code   RO         1007    .ARM.Collect$$libinit$$0000001F  c_w.l(libinit2.o)
    0x08000218   0x08000218   0x00000000   Code   RO         1009    .ARM.Collect$$libinit$$00000021  c_w.l(libinit2.o)
    0x08000218   0x08000218   0x00000000   Code   RO         1011    .ARM.Collect$$libinit$$00000023  c_w.l(libinit2.o)
    0x08000218   0x08000218   0x00000000   Code   RO         1013    .ARM.Collect$$libinit$$00000025  c_w.l(libinit2.o)
    0x08000218   0x08000218   0x00000000   Code   RO         1017    .ARM.Collect$$libinit$$0000002C  c_w.l(libinit2.o)
    0x08000218   0x08000218   0x00000000   Code   RO         1019    .ARM.Collect$$libinit$$0000002E  c_w.l(libinit2.o)
    0x08000218   0x08000218   0x00000000   Code   RO         1021    .ARM.Collect$$libinit$$00000030  c_w.l(libinit2.o)
    0x08000218   0x08000218   0x00000000   Code   RO         1023    .ARM.Collect$$libinit$$00000032  c_w.l(libinit2.o)
    0x08000218   0x08000218   0x00000002   Code   RO         1024    .ARM.Collect$$libinit$$00000033  c_w.l(libinit2.o)
    0x0800021a   0x0800021a   0x00000002   Code   RO         1042    .ARM.Collect$$libshutdown$$00000000  c_w.l(libshutdown.o)
    0x0800021c   0x0800021c   0x00000000   Code   RO         1052    .ARM.Collect$$libshutdown$$00000002  c_w.l(libshutdown2.o)
    0x0800021c   0x0800021c   0x00000000   Code   RO         1054    .ARM.Collect$$libshutdown$$00000004  c_w.l(libshutdown2.o)
    0x0800021c   0x0800021c   0x00000000   Code   RO         1057    .ARM.Collect$$libshutdown$$00000007  c_w.l(libshutdown2.o)
    0x0800021c   0x0800021c   0x00000000   Code   RO         1060    .ARM.Collect$$libshutdown$$0000000A  c_w.l(libshutdown2.o)
    0x0800021c   0x0800021c   0x00000000   Code   RO         1062    .ARM.Collect$$libshutdown$$0000000C  c_w.l(libshutdown2.o)
    0x0800021c   0x0800021c   0x00000000   Code   RO         1065    .ARM.Collect$$libshutdown$$0000000F  c_w.l(libshutdown2.o)
    0x0800021c   0x0800021c   0x00000002   Code   RO         1066    .ARM.Collect$$libshutdown$$00000010  c_w.l(libshutdown2.o)
    0x0800021e   0x0800021e   0x00000000   Code   RO          927    .ARM.Collect$$rtentry$$00000000  c_w.l(__rtentry.o)
    0x0800021e   0x0800021e   0x00000000   Code   RO          945    .ARM.Collect$$rtentry$$00000002  c_w.l(__rtentry2.o)
    0x0800021e   0x0800021e   0x00000006   Code   RO          957    .ARM.Collect$$rtentry$$00000004  c_w.l(__rtentry4.o)
    0x08000224   0x08000224   0x00000000   Code   RO          947    .ARM.Collect$$rtentry$$00000009  c_w.l(__rtentry2.o)
    0x08000224   0x08000224   0x00000004   Code   RO          948    .ARM.Collect$$rtentry$$0000000A  c_w.l(__rtentry2.o)
    0x08000228   0x08000228   0x00000000   Code   RO          950    .ARM.Collect$$rtentry$$0000000C  c_w.l(__rtentry2.o)
    0x08000228   0x08000228   0x00000008   Code   RO          951    .ARM.Collect$$rtentry$$0000000D  c_w.l(__rtentry2.o)
    0x08000230   0x08000230   0x00000002   Code   RO          978    .ARM.Collect$$rtexit$$00000000  c_w.l(rtexit.o)
    0x08000232   0x08000232   0x00000000   Code   RO         1026    .ARM.Collect$$rtexit$$00000002  c_w.l(rtexit2.o)
    0x08000232   0x08000232   0x00000004   Code   RO         1027    .ARM.Collect$$rtexit$$00000003  c_w.l(rtexit2.o)
    0x08000236   0x08000236   0x00000006   Code   RO         1028    .ARM.Collect$$rtexit$$00000004  c_w.l(rtexit2.o)
    0x0800023c   0x0800023c   0x000003a8   Code   RO            3    .text               main.o
    0x080005e4   0x080005e4   0x0000001a   Code   RO          206    .text               stm32f4xx_it.o
    0x080005fe   0x080005fe   0x00000002   PAD
    0x08000600   0x08000600   0x00000210   Code   RO          255    .text               system_stm32f4xx.o
    0x08000810   0x08000810   0x00000040   Code   RO          281    .text               led.o
    0x08000850   0x08000850   0x00004c80   Code   RO          301    .text               lcd.o
    0x080054d0   0x080054d0   0x00000104   Code   RO          339    .text               delay.o
    0x080055d4   0x080055d4   0x00000148   Code   RO          379    .text               usart.o
    0x0800571c   0x0800571c   0x00000040   Code   RO          411    .text               startup_stm32f40_41xxx.o
    0x0800575c   0x0800575c   0x000000e0   Code   RO          417    .text               misc.o
    0x0800583c   0x0800583c   0x00000294   Code   RO          437    .text               stm32f4xx_gpio.o
    0x08005ad0   0x08005ad0   0x000005c8   Code   RO          457    .text               stm32f4xx_fsmc.o
    0x08006098   0x08006098   0x0000065c   Code   RO          480    .text               stm32f4xx_rcc.o
    0x080066f4   0x080066f4   0x00000454   Code   RO          522    .text               stm32f4xx_usart.o
    0x08006b48   0x08006b48   0x00000c2a   Code   RO          542    .text               usb_core.o
    0x08007772   0x08007772   0x000000e4   Code   RO          562    .text               usb_hcd.o
    0x08007856   0x08007856   0x00000002   PAD
    0x08007858   0x08007858   0x00000e74   Code   RO          582    .text               usb_hcd_int.o
    0x080086cc   0x080086cc   0x00000666   Code   RO          606    .text               usbh_core.o
    0x08008d32   0x08008d32   0x00000186   Code   RO          632    .text               usbh_hcs.o
    0x08008eb8   0x08008eb8   0x000003a8   Code   RO          652    .text               usbh_ioreq.o
    0x08009260   0x08009260   0x000003d8   Code   RO          672    .text               usbh_stdreq.o
    0x08009638   0x08009638   0x00000474   Code   RO          699    .text               usbh_hid_core.o
    0x08009aac   0x08009aac   0x0000015c   Code   RO          734    .text               usbh_hid_keybd.o
    0x08009c08   0x08009c08   0x00000060   Code   RO          760    .text               usbh_hid_mouse.o
    0x08009c68   0x08009c68   0x000000bc   Code   RO          786    .text               usb_bsp.o
    0x08009d24   0x08009d24   0x00000718   Code   RO          806    .text               usbh_usr.o
    0x0800a43c   0x0800a43c   0x00000002   Code   RO          842    .text               c_w.l(use_no_semi_2.o)
    0x0800a43e   0x0800a43e   0x00000002   PAD
    0x0800a440   0x0800a440   0x00000018   Code   RO          848    .text               c_w.l(noretval__2printf.o)
    0x0800a458   0x0800a458   0x00000028   Code   RO          850    .text               c_w.l(noretval__2sprintf.o)
    0x0800a480   0x0800a480   0x0000004e   Code   RO          854    .text               c_w.l(_printf_pad.o)
    0x0800a4ce   0x0800a4ce   0x00000052   Code   RO          856    .text               c_w.l(_printf_str.o)
    0x0800a520   0x0800a520   0x00000078   Code   RO          858    .text               c_w.l(_printf_dec.o)
    0x0800a598   0x0800a598   0x00000058   Code   RO          863    .text               c_w.l(_printf_hex_int.o)
    0x0800a5f0   0x0800a5f0   0x00000138   Code   RO          893    .text               c_w.l(__printf_flags_wp.o)
    0x0800a728   0x0800a728   0x00000018   Code   RO          905    .text               c_w.l(strcat.o)
    0x0800a740   0x0800a740   0x0000004e   Code   RO          907    .text               c_w.l(rt_memclr_w.o)
    0x0800a78e   0x0800a78e   0x00000006   Code   RO          909    .text               c_w.l(heapauxi.o)
    0x0800a794   0x0800a794   0x00000002   Code   RO          925    .text               c_w.l(use_no_semi.o)
    0x0800a796   0x0800a796   0x000000b2   Code   RO          928    .text               c_w.l(_printf_intcommon.o)
    0x0800a848   0x0800a848   0x00000030   Code   RO          930    .text               c_w.l(_printf_char_common.o)
    0x0800a878   0x0800a878   0x0000000a   Code   RO          932    .text               c_w.l(_sputc.o)
    0x0800a882   0x0800a882   0x0000002c   Code   RO          934    .text               c_w.l(_printf_char.o)
    0x0800a8ae   0x0800a8ae   0x00000002   PAD
    0x0800a8b0   0x0800a8b0   0x00000024   Code   RO          936    .text               c_w.l(_printf_char_file.o)
    0x0800a8d4   0x0800a8d4   0x00000008   Code   RO          961    .text               c_w.l(ferror.o)
    0x0800a8dc   0x0800a8dc   0x0000004a   Code   RO          965    .text               c_w.l(sys_stackheap_outer.o)
    0x0800a926   0x0800a926   0x00000012   Code   RO          967    .text               c_w.l(exit.o)
    0x0800a938   0x0800a938   0x00000008   Code   RO          975    .text               c_w.l(libspace.o)
    0x0800a940   0x0800a940   0x0000000e   Code   RO          891    i._is_digit         c_w.l(__printf_wp.o)
    0x0800a94e   0x0800a94e   0x00000002   PAD
    0x0800a950   0x0800a950   0x0000005a   Code   RO          913    x$fpl$dfixu         fz_wm.l(dfixu.o)
    0x0800a9aa   0x0800a9aa   0x00000026   Code   RO          917    x$fpl$dfltu         fz_wm.l(dflt_clz.o)
    0x0800a9d0   0x0800a9d0   0x00000154   Code   RO          923    x$fpl$dmul          fz_wm.l(dmul.o)
    0x0800ab24   0x0800ab24   0x0000009c   Code   RO          939    x$fpl$dnaninf       fz_wm.l(dnaninf.o)
    0x0800abc0   0x0800abc0   0x0000000c   Code   RO          941    x$fpl$dretinf       fz_wm.l(dretinf.o)
    0x0800abcc   0x0800abcc   0x0000000a   Code   RO         1034    x$fpl$fpinit        fz_wm.l(fpinit.o)
    0x0800abd6   0x0800abd6   0x00000000   Code   RO          943    x$fpl$usenofp       fz_wm.l(usenofp.o)
    0x0800abd6   0x0800abd6   0x000017c0   Data   RO          303    .constdata          lcd.o
    0x0800c396   0x0800c396   0x00000002   PAD
    0x0800c398   0x0800c398   0x0000001c   Data   RO          458    .constdata          stm32f4xx_fsmc.o
    0x0800c3b4   0x0800c3b4   0x000001ec   Data   RO          735    .constdata          usbh_hid_keybd.o
    0x0800c5a0   0x0800c5a0   0x00000028   Data   RO          864    .constdata          c_w.l(_printf_hex_int.o)
    0x0800c5c8   0x0800c5c8   0x00000011   Data   RO          894    .constdata          c_w.l(__printf_flags_wp.o)
    0x0800c5d9   0x0800c5d9   0x00000003   PAD
    0x0800c5dc   0x0800c5dc   0x00000020   Data   RO         1098    Region$$Table       anon$$obj.o


    Execution Region RW_IRAM1 (Exec base: 0x20000000, Load base: 0x0800c5fc, Size: 0x000018e8, Max: 0x00020000, ABSOLUTE)

    Exec Addr    Load Addr    Size         Type   Attr      Idx    E Section Name        Object

    0x20000000   0x0800c5fc   0x00000014   Data   RW          256    .data               system_stm32f4xx.o
    0x20000014   0x0800c610   0x00000004   Data   RW          304    .data               lcd.o
    0x20000018   0x0800c614   0x00000004   Data   RW          340    .data               delay.o
    0x2000001c   0x0800c618   0x00000006   Data   RW          381    .data               usart.o
    0x20000022   0x0800c61e   0x00000010   Data   RW          481    .data               stm32f4xx_rcc.o
    0x20000032   0x0800c62e   0x00000002   PAD
    0x20000034   0x0800c630   0x00000012   Data   RW          607    .data               usbh_core.o
    0x20000046   0x0800c642   0x00000003   Data   RW          674    .data               usbh_stdreq.o
    0x20000049   0x0800c645   0x00000003   PAD
    0x2000004c   0x0800c648   0x0000001c   Data   RW          701    .data               usbh_hid_core.o
    0x20000068   0x0800c664   0x0000001f   Data   RW          736    .data               usbh_hid_keybd.o
    0x20000087   0x0800c683   0x00000001   PAD
    0x20000088   0x0800c684   0x0000000c   Data   RW          761    .data               usbh_hid_mouse.o
    0x20000094   0x0800c690   0x0000005c   Data   RW          808    .data               usbh_usr.o
    0x200000f0        -       0x00000630   Zero   RW            4    .bss                main.o
    0x20000720        -       0x0000000e   Zero   RW          302    .bss                lcd.o
    0x2000072e        -       0x000000c8   Zero   RW          380    .bss                usart.o
    0x200007f6        -       0x00000200   Zero   RW          673    .bss                usbh_stdreq.o
    0x200009f6   0x0800c6ec   0x00000002   PAD
    0x200009f8        -       0x000000a6   Zero   RW          700    .bss                usbh_hid_core.o
    0x20000a9e   0x0800c6ec   0x00000002   PAD
    0x20000aa0        -       0x000007e1   Zero   RW          807    .bss                usbh_usr.o
    0x20001281   0x0800c6ec   0x00000003   PAD
    0x20001284        -       0x00000060   Zero   RW          976    .bss                c_w.l(libspace.o)
    0x200012e4   0x0800c6ec   0x00000004   PAD
    0x200012e8        -       0x00000200   Zero   RW          409    HEAP                startup_stm32f40_41xxx.o
    0x200014e8        -       0x00000400   Zero   RW          408    STACK               startup_stm32f40_41xxx.o


==============================================================================

Image component sizes


      Code (inc. data)   RO Data    RW Data    ZI Data      Debug   Object Name

       260          8          0          4          0       1661   delay.o
     19584        174       6080          4         14      23322   lcd.o
        64          4          0          0          0        615   led.o
       936        254          0          0       1584     300937   main.o
       224         20          0          0          0       1997   misc.o
        64         26        392          0       1536        896   startup_stm32f40_41xxx.o
      1480         18         28          0          0       5918   stm32f4xx_fsmc.o
       660         44          0          0          0       4337   stm32f4xx_gpio.o
        26          0          0          0          0       1310   stm32f4xx_it.o
      1628         52          0         16          0      13304   stm32f4xx_rcc.o
      1108         34          0          0          0       8060   stm32f4xx_usart.o
       528         46          0         20          0       2047   system_stm32f4xx.o
       328         16          0          6        200       3570   usart.o
       188         10          0          0          0       2559   usb_bsp.o
      3114         10          0          0          0      10582   usb_core.o
       228          0          0          0          0       3500   usb_hcd.o
      3700         10          0          0          0       6979   usb_hcd_int.o
      1638         44          0         18          0       6547   usbh_core.o
       390          0          0          0          0       2976   usbh_hcs.o
      1140         30          0         28        166       6814   usbh_hid_core.o
       348         44        492         31          0       2336   usbh_hid_keybd.o
        96          8          0         12          0       2268   usbh_hid_mouse.o
       936          0          0          0          0       5016   usbh_ioreq.o
       984         12          0          3        512       6525   usbh_stdreq.o
      1816        622          0         92       2017       7205   usbh_usr.o

    ----------------------------------------------------------------------
     41472       1486       7026        240       6036     431281   Object Totals
         0          0         32          0          0          0   (incl. Generated)
         4          0          2          6          7          0   (incl. Padding)

    ----------------------------------------------------------------------

      Code (inc. data)   RO Data    RW Data    ZI Data      Debug   Library Member Name

         8          0          0          0          0         68   __main.o
       312          4         17          0          0         92   __printf_flags_wp.o
        14          0          0          0          0         68   __printf_wp.o
         0          0          0          0          0          0   __rtentry.o
        12          0          0          0          0          0   __rtentry2.o
         6          0          0          0          0          0   __rtentry4.o
        52          8          0          0          0          0   __scatter.o
        26          0          0          0          0          0   __scatter_copy.o
        28          0          0          0          0          0   __scatter_zi.o
        44          0          0          0          0        108   _printf_char.o
        48          6          0          0          0         96   _printf_char_common.o
        36          4          0          0          0         80   _printf_char_file.o
         6          0          0          0          0          0   _printf_d.o
       120         16          0          0          0         92   _printf_dec.o
        88          4         40          0          0         88   _printf_hex_int.o
       178          0          0          0          0         88   _printf_intcommon.o
        78          0          0          0          0        108   _printf_pad.o
         0          0          0          0          0          0   _printf_percent.o
         4          0          0          0          0          0   _printf_percent_end.o
         6          0          0          0          0          0   _printf_s.o
        82          0          0          0          0         80   _printf_str.o
         6          0          0          0          0          0   _printf_x.o
        10          0          0          0          0         68   _sputc.o
        18          0          0          0          0         80   exit.o
         8          0          0          0          0         68   ferror.o
         6          0          0          0          0        152   heapauxi.o
         2          0          0          0          0          0   libinit.o
         6          0          0          0          0          0   libinit2.o
         2          0          0          0          0          0   libshutdown.o
         2          0          0          0          0          0   libshutdown2.o
         8          4          0          0         96         68   libspace.o
        24          4          0          0          0         84   noretval__2printf.o
        40          6          0          0          0         84   noretval__2sprintf.o
        78          0          0          0          0         80   rt_memclr_w.o
         2          0          0          0          0          0   rtexit.o
        10          0          0          0          0          0   rtexit2.o
        24          0          0          0          0         68   strcat.o
        74          0          0          0          0         80   sys_stackheap_outer.o
         2          0          0          0          0         68   use_no_semi.o
         2          0          0          0          0         68   use_no_semi_2.o
        90          4          0          0          0        140   dfixu.o
        38          0          0          0          0        116   dflt_clz.o
       340         12          0          0          0        152   dmul.o
       156          4          0          0          0        140   dnaninf.o
        12          0          0          0          0        116   dretinf.o
        10          0          0          0          0        116   fpinit.o
         0          0          0          0          0          0   usenofp.o

    ----------------------------------------------------------------------
      2126         76         60          0        100       2716   Library Totals
         8          0          3          0          4          0   (incl. Padding)

    ----------------------------------------------------------------------

      Code (inc. data)   RO Data    RW Data    ZI Data      Debug   Library Name

      1472         56         57          0         96       1936   c_w.l
       646         20          0          0          0        780   fz_wm.l

    ----------------------------------------------------------------------
      2126         76         60          0        100       2716   Library Totals

    ----------------------------------------------------------------------

==============================================================================


      Code (inc. data)   RO Data    RW Data    ZI Data      Debug   

     43598       1562       7086        240       6136     427309   Grand Totals
     43598       1562       7086        240       6136     427309   ELF Image Totals
     43598       1562       7086        240          0          0   ROM Totals

==============================================================================

    Total RO  Size (Code + RO Data)                50684 (  49.50kB)
    Total RW  Size (RW Data + ZI Data)              6376 (   6.23kB)
    Total ROM Size (Code + RO Data + RW Data)      50924 (  49.73kB)

==============================================================================

