10:18:41 **** Incremental Build of configuration Debug for project 12.ATIM-PWM ****
make -j20 all 
arm-none-eabi-gcc "../Core/Src/main.c" -mcpu=cortex-m7 -std=gnu11 -g3 -DDEBUG -DUSE_PWR_LDO_SUPPLY -DUSE_HAL_DRIVER -DSTM32H750xx -c -I../Core/Inc -I../Drivers/STM32H7xx_HAL_Driver/Inc -I../Drivers/STM32H7xx_HAL_Driver/Inc/Legacy -I../Drivers/CMSIS/Device/ST/STM32H7xx/Include -I../Drivers/CMSIS/Include -I"E:/StudyNote/study_STM32H7-MX/2.code/12.ATIM-PWM/BSP" -I"E:/StudyNote/study_STM32H7-MX/2.code/12.ATIM-PWM/BSP/LED" -I"E:/StudyNote/study_STM32H7-MX/2.code/12.ATIM-PWM/BSP/KEY" -I"E:/StudyNote/study_STM32H7-MX/2.code/12.ATIM-PWM/BSP/BEEP" -I"E:/StudyNote/study_STM32H7-MX/2.code/12.ATIM-PWM/BSP/EXTI" -O0 -ffunction-sections -fdata-sections -Wall -fstack-usage -fcyclomatic-complexity -MMD -MP -MF"Core/Src/main.d" -MT"Core/Src/main.o" --specs=nano.specs -mfpu=fpv5-d16 -mfloat-abi=hard -mthumb -o "Core/Src/main.o"
arm-none-eabi-gcc -o "12.ATIM-PWM.elf" @"objects.list"   -mcpu=cortex-m7 -T"E:\StudyNote\study_STM32H7-MX\2.code\12.ATIM-PWM\STM32H750VBTX_FLASH.ld" --specs=nosys.specs -Wl,-Map="12.ATIM-PWM.map" -Wl,--gc-sections -static --specs=nano.specs -mfpu=fpv5-d16 -mfloat-abi=hard -mthumb -Wl,--start-group -lc -lm -Wl,--end-group
Finished building target: 12.ATIM-PWM.elf
 
arm-none-eabi-size  12.ATIM-PWM.elf 
arm-none-eabi-objdump -h -S 12.ATIM-PWM.elf  > "12.ATIM-PWM.list"
   text	   data	    bss	    dec	    hex	filename
  38444	    112	   2456	  41012	   a034	12.ATIM-PWM.elf
Finished building: default.size.stdout
 
Finished building: 12.ATIM-PWM.list
 

10:18:42 Build Finished. 0 errors, 0 warnings. (took 952ms)

