16:42:34 **** Incremental Build of configuration Debug for project 14.ATIM-Deadband ****
make -j20 all 
arm-none-eabi-gcc "../Core/Src/stm32h7xx_it.c" -mcpu=cortex-m7 -std=gnu11 -g3 -DDEBUG -DUSE_PWR_LDO_SUPPLY -DUSE_HAL_DRIVER -DSTM32H750xx -c -I../Core/Inc -I../Drivers/STM32H7xx_HAL_Driver/Inc -I../Drivers/STM32H7xx_HAL_Driver/Inc/Legacy -I../Drivers/CMSIS/Device/ST/STM32H7xx/Include -I../Drivers/CMSIS/Include -I"E:/StudyNote/study_STM32H7-MX/2.code/14.ATIM-Deadband/BSP" -I"E:/StudyNote/study_STM32H7-MX/2.code/14.ATIM-Deadband/BSP/LED" -I"E:/StudyNote/study_STM32H7-MX/2.code/14.ATIM-Deadband/BSP/KEY" -I"E:/StudyNote/study_STM32H7-MX/2.code/14.ATIM-Deadband/BSP/BEEP" -I"E:/StudyNote/study_STM32H7-MX/2.code/14.ATIM-Deadband/BSP/EXTI" -O0 -ffunction-sections -fdata-sections -Wall -fstack-usage -fcyclomatic-complexity -MMD -MP -MF"Core/Src/stm32h7xx_it.d" -MT"Core/Src/stm32h7xx_it.o" --specs=nano.specs -mfpu=fpv5-d16 -mfloat-abi=hard -mthumb -o "Core/Src/stm32h7xx_it.o"
arm-none-eabi-gcc -o "14.ATIM-Deadband.elf" @"objects.list"   -mcpu=cortex-m7 -T"E:\StudyNote\study_STM32H7-MX\2.code\14.ATIM-Deadband\STM32H750VBTX_FLASH.ld" --specs=nosys.specs -Wl,-Map="14.ATIM-Deadband.map" -Wl,--gc-sections -static --specs=nano.specs -mfpu=fpv5-d16 -mfloat-abi=hard -mthumb -Wl,--start-group -lc -lm -Wl,--end-group
Finished building target: 14.ATIM-Deadband.elf
 
arm-none-eabi-size  14.ATIM-Deadband.elf 
arm-none-eabi-objdump -h -S 14.ATIM-Deadband.elf  > "14.ATIM-Deadband.list"
   text	   data	    bss	    dec	    hex	filename
  30632	    108	   2244	  32984	   80d8	14.ATIM-Deadband.elf
Finished building: default.size.stdout
 
Finished building: 14.ATIM-Deadband.list
 

16:42:35 Build Finished. 0 errors, 0 warnings. (took 950ms)

