13:40:48 **** Incremental Build of configuration Debug for project 16.MPU ****
make -j20 all 
arm-none-eabi-gcc "../Core/Src/main.c" -mcpu=cortex-m7 -std=gnu11 -g3 -DDEBUG -DUSE_PWR_LDO_SUPPLY -DUSE_HAL_DRIVER -DSTM32H750xx -c -I../Core/Inc -I../Drivers/STM32H7xx_HAL_Driver/Inc -I../Drivers/STM32H7xx_HAL_Driver/Inc/Legacy -I../Drivers/CMSIS/Device/ST/STM32H7xx/Include -I../Drivers/CMSIS/Include -I"E:/StudyNote/study_STM32H7-MX/2.code/16.MPU/BSP" -I"E:/StudyNote/study_STM32H7-MX/2.code/16.MPU/BSP/LED" -I"E:/StudyNote/study_STM32H7-MX/2.code/16.MPU/BSP/KEY" -I"E:/StudyNote/study_STM32H7-MX/2.code/16.MPU/BSP/BEEP" -I"E:/StudyNote/study_STM32H7-MX/2.code/16.MPU/BSP/MPU" -O0 -ffunction-sections -fdata-sections -Wall -fstack-usage -fcyclomatic-complexity -MMD -MP -MF"Core/Src/main.d" -MT"Core/Src/main.o" --specs=nano.specs -mfpu=fpv5-d16 -mfloat-abi=hard -mthumb -o "Core/Src/main.o"
arm-none-eabi-gcc -o "16.MPU.elf" @"objects.list"   -mcpu=cortex-m7 -T"E:\StudyNote\study_STM32H7-MX\2.code\16.MPU\STM32H750VBTX_FLASH.ld" --specs=nosys.specs -Wl,-Map="16.MPU.map" -Wl,--gc-sections -static --specs=nano.specs -mfpu=fpv5-d16 -mfloat-abi=hard -mthumb -Wl,--start-group -lc -lm -Wl,--end-group
Finished building target: 16.MPU.elf
 
arm-none-eabi-size  16.MPU.elf 
arm-none-eabi-objdump -h -S 16.MPU.elf  > "16.MPU.list"
   text	   data	    bss	    dec	    hex	filename
  13908	    116	   1908	  15932	   3e3c	16.MPU.elf
Finished building: default.size.stdout
 
Finished building: 16.MPU.list
 

13:40:48 Build Finished. 0 errors, 0 warnings. (took 847ms)

