14:58:17 **** Incremental Build of configuration Debug for project 18.RTC ****
make -j20 all 
arm-none-eabi-gcc "../Core/Src/main.c" -mcpu=cortex-m7 -std=gnu11 -g3 -DDEBUG -DUSE_PWR_LDO_SUPPLY -DUSE_HAL_DRIVER -DSTM32H750xx -c -I../Core/Inc -I../Drivers/STM32H7xx_HAL_Driver/Inc -I../Drivers/STM32H7xx_HAL_Driver/Inc/Legacy -I../Drivers/CMSIS/Device/ST/STM32H7xx/Include -I../Drivers/CMSIS/Include -I"E:/StudyNote/study_STM32H7-MX/2.code/18.RTC/BSP" -I"E:/StudyNote/study_STM32H7-MX/2.code/18.RTC/BSP/LED" -I"E:/StudyNote/study_STM32H7-MX/2.code/18.RTC/BSP/KEY" -I"E:/StudyNote/study_STM32H7-MX/2.code/18.RTC/BSP/BEEP" -I"E:/StudyNote/study_STM32H7-MX/2.code/18.RTC/BSP/EXTI" -O0 -ffunction-sections -fdata-sections -Wall -fstack-usage -fcyclomatic-complexity -MMD -MP -MF"Core/Src/main.d" -MT"Core/Src/main.o" --specs=nano.specs -mfpu=fpv5-d16 -mfloat-abi=hard -mthumb -o "Core/Src/main.o"
arm-none-eabi-gcc "../Core/Src/rtc.c" -mcpu=cortex-m7 -std=gnu11 -g3 -DDEBUG -DUSE_PWR_LDO_SUPPLY -DUSE_HAL_DRIVER -DSTM32H750xx -c -I../Core/Inc -I../Drivers/STM32H7xx_HAL_Driver/Inc -I../Drivers/STM32H7xx_HAL_Driver/Inc/Legacy -I../Drivers/CMSIS/Device/ST/STM32H7xx/Include -I../Drivers/CMSIS/Include -I"E:/StudyNote/study_STM32H7-MX/2.code/18.RTC/BSP" -I"E:/StudyNote/study_STM32H7-MX/2.code/18.RTC/BSP/LED" -I"E:/StudyNote/study_STM32H7-MX/2.code/18.RTC/BSP/KEY" -I"E:/StudyNote/study_STM32H7-MX/2.code/18.RTC/BSP/BEEP" -I"E:/StudyNote/study_STM32H7-MX/2.code/18.RTC/BSP/EXTI" -O0 -ffunction-sections -fdata-sections -Wall -fstack-usage -fcyclomatic-complexity -MMD -MP -MF"Core/Src/rtc.d" -MT"Core/Src/rtc.o" --specs=nano.specs -mfpu=fpv5-d16 -mfloat-abi=hard -mthumb -o "Core/Src/rtc.o"
arm-none-eabi-gcc -o "18.RTC.elf" @"objects.list"   -mcpu=cortex-m7 -T"E:\StudyNote\study_STM32H7-MX\2.code\18.RTC\STM32H750VBTX_FLASH.ld" --specs=nosys.specs -Wl,-Map="18.RTC.map" -Wl,--gc-sections -static --specs=nano.specs -mfpu=fpv5-d16 -mfloat-abi=hard -mthumb -Wl,--start-group -lc -lm -Wl,--end-group
Finished building target: 18.RTC.elf
 
arm-none-eabi-size  18.RTC.elf 
arm-none-eabi-objdump -h -S 18.RTC.elf  > "18.RTC.list"
   text	   data	    bss	    dec	    hex	filename
  35696	    108	   2092	  37896	   9408	18.RTC.elf
Finished building: default.size.stdout
 
Finished building: 18.RTC.list
 

14:58:18 Build Finished. 0 errors, 0 warnings. (took 1s.35ms)

