13:07:34 **** Incremental Build of configuration Debug for project 20.PWR-Sleep ****
make -j20 all 
arm-none-eabi-gcc "../Core/Src/stm32h7xx_it.c" -mcpu=cortex-m7 -std=gnu11 -g3 -DDEBUG -DUSE_PWR_LDO_SUPPLY -DUSE_HAL_DRIVER -DSTM32H750xx -c -I../Core/Inc -I../Drivers/STM32H7xx_HAL_Driver/Inc -I../Drivers/STM32H7xx_HAL_Driver/Inc/Legacy -I../Drivers/CMSIS/Device/ST/STM32H7xx/Include -I../Drivers/CMSIS/Include -I"E:/StudyNote/study_STM32H7-MX/2.code/20.PWR-Sleep/BSP" -I"E:/StudyNote/study_STM32H7-MX/2.code/20.PWR-Sleep/BSP/LED" -I"E:/StudyNote/study_STM32H7-MX/2.code/20.PWR-Sleep/BSP/KEY" -I"E:/StudyNote/study_STM32H7-MX/2.code/20.PWR-Sleep/BSP/BEEP" -I"E:/StudyNote/study_STM32H7-MX/2.code/20.PWR-Sleep/BSP/EXTI" -I"E:/StudyNote/study_STM32H7-MX/2.code/20.PWR-Sleep/BSP/PWR" -O0 -ffunction-sections -fdata-sections -Wall -fstack-usage -fcyclomatic-complexity -MMD -MP -MF"Core/Src/stm32h7xx_it.d" -MT"Core/Src/stm32h7xx_it.o" --specs=nano.specs -mfpu=fpv5-d16 -mfloat-abi=hard -mthumb -o "Core/Src/stm32h7xx_it.o"
arm-none-eabi-gcc -o "20.PWR-Sleep.elf" @"objects.list"   -mcpu=cortex-m7 -T"E:\StudyNote\study_STM32H7-MX\2.code\20.PWR-Sleep\STM32H750VBTX_FLASH.ld" --specs=nosys.specs -Wl,-Map="20.PWR-Sleep.map" -Wl,--gc-sections -static --specs=nano.specs -mfpu=fpv5-d16 -mfloat-abi=hard -mthumb -Wl,--start-group -lc -lm -Wl,--end-group
Finished building target: 20.PWR-Sleep.elf
 
arm-none-eabi-size  20.PWR-Sleep.elf 
arm-none-eabi-objdump -h -S 20.PWR-Sleep.elf  > "20.PWR-Sleep.list"
   text	   data	    bss	    dec	    hex	filename
  30152	    112	   2056	  32320	   7e40	20.PWR-Sleep.elf
Finished building: default.size.stdout
 
Finished building: 20.PWR-Sleep.list
 

13:07:35 Build Finished. 0 errors, 0 warnings. (took 952ms)

