14:02:19 **** Build of configuration Debug for project 25.SPI ****
make -j20 all 
arm-none-eabi-gcc "../Drivers/STM32H7xx_HAL_Driver/Src/stm32h7xx_hal.c" -mcpu=cortex-m7 -std=gnu11 -g3 -DDEBUG -DUSE_PWR_LDO_SUPPLY -DUSE_HAL_DRIVER -DSTM32H750xx -c -I../Core/Inc -I../Drivers/STM32H7xx_HAL_Driver/Inc -I../Drivers/STM32H7xx_HAL_Driver/Inc/Legacy -I../Drivers/CMSIS/Device/ST/STM32H7xx/Include -I../Drivers/CMSIS/Include -I"E:/StudyNote/study_STM32H7-MX/2.code/25.SPI/BSP" -I"E:/StudyNote/study_STM32H7-MX/2.code/25.SPI/BSP/LED" -I"E:/StudyNote/study_STM32H7-MX/2.code/25.SPI/BSP/KEY" -I"E:/StudyNote/study_STM32H7-MX/2.code/25.SPI/BSP/BEEP" -I"E:/StudyNote/study_STM32H7-MX/2.code/25.SPI/BSP/EXTI" -I"E:/StudyNote/study_STM32H7-MX/2.code/25.SPI/BSP/I2C" -I"E:/StudyNote/study_STM32H7-MX/2.code/25.SPI/BSP/Delay" -O0 -ffunction-sections -fdata-sections -Wall -fstack-usage -fcyclomatic-complexity -MMD -MP -MF"Drivers/STM32H7xx_HAL_Driver/Src/stm32h7xx_hal.d" -MT"Drivers/STM32H7xx_HAL_Driver/Src/stm32h7xx_hal.o" --specs=nano.specs -mfpu=fpv5-d16 -mfloat-abi=hard -mthumb -o "Drivers/STM32H7xx_HAL_Driver/Src/stm32h7xx_hal.o"
arm-none-eabi-gcc "../Drivers/STM32H7xx_HAL_Driver/Src/stm32h7xx_hal_adc.c" -mcpu=cortex-m7 -std=gnu11 -g3 -DDEBUG -DUSE_PWR_LDO_SUPPLY -DUSE_HAL_DRIVER -DSTM32H750xx -c -I../Core/Inc -I../Drivers/STM32H7xx_HAL_Driver/Inc -I../Drivers/STM32H7xx_HAL_Driver/Inc/Legacy -I../Drivers/CMSIS/Device/ST/STM32H7xx/Include -I../Drivers/CMSIS/Include -I"E:/StudyNote/study_STM32H7-MX/2.code/25.SPI/BSP" -I"E:/StudyNote/study_STM32H7-MX/2.code/25.SPI/BSP/LED" -I"E:/StudyNote/study_STM32H7-MX/2.code/25.SPI/BSP/KEY" -I"E:/StudyNote/study_STM32H7-MX/2.code/25.SPI/BSP/BEEP" -I"E:/StudyNote/study_STM32H7-MX/2.code/25.SPI/BSP/EXTI" -I"E:/StudyNote/study_STM32H7-MX/2.code/25.SPI/BSP/I2C" -I"E:/StudyNote/study_STM32H7-MX/2.code/25.SPI/BSP/Delay" -O0 -ffunction-sections -fdata-sections -Wall -fstack-usage -fcyclomatic-complexity -MMD -MP -MF"Drivers/STM32H7xx_HAL_Driver/Src/stm32h7xx_hal_adc.d" -MT"Drivers/STM32H7xx_HAL_Driver/Src/stm32h7xx_hal_adc.o" --specs=nano.specs -mfpu=fpv5-d16 -mfloat-abi=hard -mthumb -o "Drivers/STM32H7xx_HAL_Driver/Src/stm32h7xx_hal_adc.o"
arm-none-eabi-gcc "../Drivers/STM32H7xx_HAL_Driver/Src/stm32h7xx_hal_adc_ex.c" -mcpu=cortex-m7 -std=gnu11 -g3 -DDEBUG -DUSE_PWR_LDO_SUPPLY -DUSE_HAL_DRIVER -DSTM32H750xx -c -I../Core/Inc -I../Drivers/STM32H7xx_HAL_Driver/Inc -I../Drivers/STM32H7xx_HAL_Driver/Inc/Legacy -I../Drivers/CMSIS/Device/ST/STM32H7xx/Include -I../Drivers/CMSIS/Include -I"E:/StudyNote/study_STM32H7-MX/2.code/25.SPI/BSP" -I"E:/StudyNote/study_STM32H7-MX/2.code/25.SPI/BSP/LED" -I"E:/StudyNote/study_STM32H7-MX/2.code/25.SPI/BSP/KEY" -I"E:/StudyNote/study_STM32H7-MX/2.code/25.SPI/BSP/BEEP" -I"E:/StudyNote/study_STM32H7-MX/2.code/25.SPI/BSP/EXTI" -I"E:/StudyNote/study_STM32H7-MX/2.code/25.SPI/BSP/I2C" -I"E:/StudyNote/study_STM32H7-MX/2.code/25.SPI/BSP/Delay" -O0 -ffunction-sections -fdata-sections -Wall -fstack-usage -fcyclomatic-complexity -MMD -MP -MF"Drivers/STM32H7xx_HAL_Driver/Src/stm32h7xx_hal_adc_ex.d" -MT"Drivers/STM32H7xx_HAL_Driver/Src/stm32h7xx_hal_adc_ex.o" --specs=nano.specs -mfpu=fpv5-d16 -mfloat-abi=hard -mthumb -o "Drivers/STM32H7xx_HAL_Driver/Src/stm32h7xx_hal_adc_ex.o"
arm-none-eabi-gcc "../Drivers/STM32H7xx_HAL_Driver/Src/stm32h7xx_hal_cortex.c" -mcpu=cortex-m7 -std=gnu11 -g3 -DDEBUG -DUSE_PWR_LDO_SUPPLY -DUSE_HAL_DRIVER -DSTM32H750xx -c -I../Core/Inc -I../Drivers/STM32H7xx_HAL_Driver/Inc -I../Drivers/STM32H7xx_HAL_Driver/Inc/Legacy -I../Drivers/CMSIS/Device/ST/STM32H7xx/Include -I../Drivers/CMSIS/Include -I"E:/StudyNote/study_STM32H7-MX/2.code/25.SPI/BSP" -I"E:/StudyNote/study_STM32H7-MX/2.code/25.SPI/BSP/LED" -I"E:/StudyNote/study_STM32H7-MX/2.code/25.SPI/BSP/KEY" -I"E:/StudyNote/study_STM32H7-MX/2.code/25.SPI/BSP/BEEP" -I"E:/StudyNote/study_STM32H7-MX/2.code/25.SPI/BSP/EXTI" -I"E:/StudyNote/study_STM32H7-MX/2.code/25.SPI/BSP/I2C" -I"E:/StudyNote/study_STM32H7-MX/2.code/25.SPI/BSP/Delay" -O0 -ffunction-sections -fdata-sections -Wall -fstack-usage -fcyclomatic-complexity -MMD -MP -MF"Drivers/STM32H7xx_HAL_Driver/Src/stm32h7xx_hal_cortex.d" -MT"Drivers/STM32H7xx_HAL_Driver/Src/stm32h7xx_hal_cortex.o" --specs=nano.specs -mfpu=fpv5-d16 -mfloat-abi=hard -mthumb -o "Drivers/STM32H7xx_HAL_Driver/Src/stm32h7xx_hal_cortex.o"
arm-none-eabi-gcc "../Drivers/STM32H7xx_HAL_Driver/Src/stm32h7xx_hal_dac.c" -mcpu=cortex-m7 -std=gnu11 -g3 -DDEBUG -DUSE_PWR_LDO_SUPPLY -DUSE_HAL_DRIVER -DSTM32H750xx -c -I../Core/Inc -I../Drivers/STM32H7xx_HAL_Driver/Inc -I../Drivers/STM32H7xx_HAL_Driver/Inc/Legacy -I../Drivers/CMSIS/Device/ST/STM32H7xx/Include -I../Drivers/CMSIS/Include -I"E:/StudyNote/study_STM32H7-MX/2.code/25.SPI/BSP" -I"E:/StudyNote/study_STM32H7-MX/2.code/25.SPI/BSP/LED" -I"E:/StudyNote/study_STM32H7-MX/2.code/25.SPI/BSP/KEY" -I"E:/StudyNote/study_STM32H7-MX/2.code/25.SPI/BSP/BEEP" -I"E:/StudyNote/study_STM32H7-MX/2.code/25.SPI/BSP/EXTI" -I"E:/StudyNote/study_STM32H7-MX/2.code/25.SPI/BSP/I2C" -I"E:/StudyNote/study_STM32H7-MX/2.code/25.SPI/BSP/Delay" -O0 -ffunction-sections -fdata-sections -Wall -fstack-usage -fcyclomatic-complexity -MMD -MP -MF"Drivers/STM32H7xx_HAL_Driver/Src/stm32h7xx_hal_dac.d" -MT"Drivers/STM32H7xx_HAL_Driver/Src/stm32h7xx_hal_dac.o" --specs=nano.specs -mfpu=fpv5-d16 -mfloat-abi=hard -mthumb -o "Drivers/STM32H7xx_HAL_Driver/Src/stm32h7xx_hal_dac.o"
arm-none-eabi-gcc "../Drivers/STM32H7xx_HAL_Driver/Src/stm32h7xx_hal_dac_ex.c" -mcpu=cortex-m7 -std=gnu11 -g3 -DDEBUG -DUSE_PWR_LDO_SUPPLY -DUSE_HAL_DRIVER -DSTM32H750xx -c -I../Core/Inc -I../Drivers/STM32H7xx_HAL_Driver/Inc -I../Drivers/STM32H7xx_HAL_Driver/Inc/Legacy -I../Drivers/CMSIS/Device/ST/STM32H7xx/Include -I../Drivers/CMSIS/Include -I"E:/StudyNote/study_STM32H7-MX/2.code/25.SPI/BSP" -I"E:/StudyNote/study_STM32H7-MX/2.code/25.SPI/BSP/LED" -I"E:/StudyNote/study_STM32H7-MX/2.code/25.SPI/BSP/KEY" -I"E:/StudyNote/study_STM32H7-MX/2.code/25.SPI/BSP/BEEP" -I"E:/StudyNote/study_STM32H7-MX/2.code/25.SPI/BSP/EXTI" -I"E:/StudyNote/study_STM32H7-MX/2.code/25.SPI/BSP/I2C" -I"E:/StudyNote/study_STM32H7-MX/2.code/25.SPI/BSP/Delay" -O0 -ffunction-sections -fdata-sections -Wall -fstack-usage -fcyclomatic-complexity -MMD -MP -MF"Drivers/STM32H7xx_HAL_Driver/Src/stm32h7xx_hal_dac_ex.d" -MT"Drivers/STM32H7xx_HAL_Driver/Src/stm32h7xx_hal_dac_ex.o" --specs=nano.specs -mfpu=fpv5-d16 -mfloat-abi=hard -mthumb -o "Drivers/STM32H7xx_HAL_Driver/Src/stm32h7xx_hal_dac_ex.o"
arm-none-eabi-gcc "../Drivers/STM32H7xx_HAL_Driver/Src/stm32h7xx_hal_dma.c" -mcpu=cortex-m7 -std=gnu11 -g3 -DDEBUG -DUSE_PWR_LDO_SUPPLY -DUSE_HAL_DRIVER -DSTM32H750xx -c -I../Core/Inc -I../Drivers/STM32H7xx_HAL_Driver/Inc -I../Drivers/STM32H7xx_HAL_Driver/Inc/Legacy -I../Drivers/CMSIS/Device/ST/STM32H7xx/Include -I../Drivers/CMSIS/Include -I"E:/StudyNote/study_STM32H7-MX/2.code/25.SPI/BSP" -I"E:/StudyNote/study_STM32H7-MX/2.code/25.SPI/BSP/LED" -I"E:/StudyNote/study_STM32H7-MX/2.code/25.SPI/BSP/KEY" -I"E:/StudyNote/study_STM32H7-MX/2.code/25.SPI/BSP/BEEP" -I"E:/StudyNote/study_STM32H7-MX/2.code/25.SPI/BSP/EXTI" -I"E:/StudyNote/study_STM32H7-MX/2.code/25.SPI/BSP/I2C" -I"E:/StudyNote/study_STM32H7-MX/2.code/25.SPI/BSP/Delay" -O0 -ffunction-sections -fdata-sections -Wall -fstack-usage -fcyclomatic-complexity -MMD -MP -MF"Drivers/STM32H7xx_HAL_Driver/Src/stm32h7xx_hal_dma.d" -MT"Drivers/STM32H7xx_HAL_Driver/Src/stm32h7xx_hal_dma.o" --specs=nano.specs -mfpu=fpv5-d16 -mfloat-abi=hard -mthumb -o "Drivers/STM32H7xx_HAL_Driver/Src/stm32h7xx_hal_dma.o"
arm-none-eabi-gcc "../Drivers/STM32H7xx_HAL_Driver/Src/stm32h7xx_hal_dma_ex.c" -mcpu=cortex-m7 -std=gnu11 -g3 -DDEBUG -DUSE_PWR_LDO_SUPPLY -DUSE_HAL_DRIVER -DSTM32H750xx -c -I../Core/Inc -I../Drivers/STM32H7xx_HAL_Driver/Inc -I../Drivers/STM32H7xx_HAL_Driver/Inc/Legacy -I../Drivers/CMSIS/Device/ST/STM32H7xx/Include -I../Drivers/CMSIS/Include -I"E:/StudyNote/study_STM32H7-MX/2.code/25.SPI/BSP" -I"E:/StudyNote/study_STM32H7-MX/2.code/25.SPI/BSP/LED" -I"E:/StudyNote/study_STM32H7-MX/2.code/25.SPI/BSP/KEY" -I"E:/StudyNote/study_STM32H7-MX/2.code/25.SPI/BSP/BEEP" -I"E:/StudyNote/study_STM32H7-MX/2.code/25.SPI/BSP/EXTI" -I"E:/StudyNote/study_STM32H7-MX/2.code/25.SPI/BSP/I2C" -I"E:/StudyNote/study_STM32H7-MX/2.code/25.SPI/BSP/Delay" -O0 -ffunction-sections -fdata-sections -Wall -fstack-usage -fcyclomatic-complexity -MMD -MP -MF"Drivers/STM32H7xx_HAL_Driver/Src/stm32h7xx_hal_dma_ex.d" -MT"Drivers/STM32H7xx_HAL_Driver/Src/stm32h7xx_hal_dma_ex.o" --specs=nano.specs -mfpu=fpv5-d16 -mfloat-abi=hard -mthumb -o "Drivers/STM32H7xx_HAL_Driver/Src/stm32h7xx_hal_dma_ex.o"
arm-none-eabi-gcc "../Drivers/STM32H7xx_HAL_Driver/Src/stm32h7xx_hal_exti.c" -mcpu=cortex-m7 -std=gnu11 -g3 -DDEBUG -DUSE_PWR_LDO_SUPPLY -DUSE_HAL_DRIVER -DSTM32H750xx -c -I../Core/Inc -I../Drivers/STM32H7xx_HAL_Driver/Inc -I../Drivers/STM32H7xx_HAL_Driver/Inc/Legacy -I../Drivers/CMSIS/Device/ST/STM32H7xx/Include -I../Drivers/CMSIS/Include -I"E:/StudyNote/study_STM32H7-MX/2.code/25.SPI/BSP" -I"E:/StudyNote/study_STM32H7-MX/2.code/25.SPI/BSP/LED" -I"E:/StudyNote/study_STM32H7-MX/2.code/25.SPI/BSP/KEY" -I"E:/StudyNote/study_STM32H7-MX/2.code/25.SPI/BSP/BEEP" -I"E:/StudyNote/study_STM32H7-MX/2.code/25.SPI/BSP/EXTI" -I"E:/StudyNote/study_STM32H7-MX/2.code/25.SPI/BSP/I2C" -I"E:/StudyNote/study_STM32H7-MX/2.code/25.SPI/BSP/Delay" -O0 -ffunction-sections -fdata-sections -Wall -fstack-usage -fcyclomatic-complexity -MMD -MP -MF"Drivers/STM32H7xx_HAL_Driver/Src/stm32h7xx_hal_exti.d" -MT"Drivers/STM32H7xx_HAL_Driver/Src/stm32h7xx_hal_exti.o" --specs=nano.specs -mfpu=fpv5-d16 -mfloat-abi=hard -mthumb -o "Drivers/STM32H7xx_HAL_Driver/Src/stm32h7xx_hal_exti.o"
arm-none-eabi-gcc "../Drivers/STM32H7xx_HAL_Driver/Src/stm32h7xx_hal_flash.c" -mcpu=cortex-m7 -std=gnu11 -g3 -DDEBUG -DUSE_PWR_LDO_SUPPLY -DUSE_HAL_DRIVER -DSTM32H750xx -c -I../Core/Inc -I../Drivers/STM32H7xx_HAL_Driver/Inc -I../Drivers/STM32H7xx_HAL_Driver/Inc/Legacy -I../Drivers/CMSIS/Device/ST/STM32H7xx/Include -I../Drivers/CMSIS/Include -I"E:/StudyNote/study_STM32H7-MX/2.code/25.SPI/BSP" -I"E:/StudyNote/study_STM32H7-MX/2.code/25.SPI/BSP/LED" -I"E:/StudyNote/study_STM32H7-MX/2.code/25.SPI/BSP/KEY" -I"E:/StudyNote/study_STM32H7-MX/2.code/25.SPI/BSP/BEEP" -I"E:/StudyNote/study_STM32H7-MX/2.code/25.SPI/BSP/EXTI" -I"E:/StudyNote/study_STM32H7-MX/2.code/25.SPI/BSP/I2C" -I"E:/StudyNote/study_STM32H7-MX/2.code/25.SPI/BSP/Delay" -O0 -ffunction-sections -fdata-sections -Wall -fstack-usage -fcyclomatic-complexity -MMD -MP -MF"Drivers/STM32H7xx_HAL_Driver/Src/stm32h7xx_hal_flash.d" -MT"Drivers/STM32H7xx_HAL_Driver/Src/stm32h7xx_hal_flash.o" --specs=nano.specs -mfpu=fpv5-d16 -mfloat-abi=hard -mthumb -o "Drivers/STM32H7xx_HAL_Driver/Src/stm32h7xx_hal_flash.o"
arm-none-eabi-gcc "../Drivers/STM32H7xx_HAL_Driver/Src/stm32h7xx_hal_flash_ex.c" -mcpu=cortex-m7 -std=gnu11 -g3 -DDEBUG -DUSE_PWR_LDO_SUPPLY -DUSE_HAL_DRIVER -DSTM32H750xx -c -I../Core/Inc -I../Drivers/STM32H7xx_HAL_Driver/Inc -I../Drivers/STM32H7xx_HAL_Driver/Inc/Legacy -I../Drivers/CMSIS/Device/ST/STM32H7xx/Include -I../Drivers/CMSIS/Include -I"E:/StudyNote/study_STM32H7-MX/2.code/25.SPI/BSP" -I"E:/StudyNote/study_STM32H7-MX/2.code/25.SPI/BSP/LED" -I"E:/StudyNote/study_STM32H7-MX/2.code/25.SPI/BSP/KEY" -I"E:/StudyNote/study_STM32H7-MX/2.code/25.SPI/BSP/BEEP" -I"E:/StudyNote/study_STM32H7-MX/2.code/25.SPI/BSP/EXTI" -I"E:/StudyNote/study_STM32H7-MX/2.code/25.SPI/BSP/I2C" -I"E:/StudyNote/study_STM32H7-MX/2.code/25.SPI/BSP/Delay" -O0 -ffunction-sections -fdata-sections -Wall -fstack-usage -fcyclomatic-complexity -MMD -MP -MF"Drivers/STM32H7xx_HAL_Driver/Src/stm32h7xx_hal_flash_ex.d" -MT"Drivers/STM32H7xx_HAL_Driver/Src/stm32h7xx_hal_flash_ex.o" --specs=nano.specs -mfpu=fpv5-d16 -mfloat-abi=hard -mthumb -o "Drivers/STM32H7xx_HAL_Driver/Src/stm32h7xx_hal_flash_ex.o"
arm-none-eabi-gcc "../Drivers/STM32H7xx_HAL_Driver/Src/stm32h7xx_hal_gpio.c" -mcpu=cortex-m7 -std=gnu11 -g3 -DDEBUG -DUSE_PWR_LDO_SUPPLY -DUSE_HAL_DRIVER -DSTM32H750xx -c -I../Core/Inc -I../Drivers/STM32H7xx_HAL_Driver/Inc -I../Drivers/STM32H7xx_HAL_Driver/Inc/Legacy -I../Drivers/CMSIS/Device/ST/STM32H7xx/Include -I../Drivers/CMSIS/Include -I"E:/StudyNote/study_STM32H7-MX/2.code/25.SPI/BSP" -I"E:/StudyNote/study_STM32H7-MX/2.code/25.SPI/BSP/LED" -I"E:/StudyNote/study_STM32H7-MX/2.code/25.SPI/BSP/KEY" -I"E:/StudyNote/study_STM32H7-MX/2.code/25.SPI/BSP/BEEP" -I"E:/StudyNote/study_STM32H7-MX/2.code/25.SPI/BSP/EXTI" -I"E:/StudyNote/study_STM32H7-MX/2.code/25.SPI/BSP/I2C" -I"E:/StudyNote/study_STM32H7-MX/2.code/25.SPI/BSP/Delay" -O0 -ffunction-sections -fdata-sections -Wall -fstack-usage -fcyclomatic-complexity -MMD -MP -MF"Drivers/STM32H7xx_HAL_Driver/Src/stm32h7xx_hal_gpio.d" -MT"Drivers/STM32H7xx_HAL_Driver/Src/stm32h7xx_hal_gpio.o" --specs=nano.specs -mfpu=fpv5-d16 -mfloat-abi=hard -mthumb -o "Drivers/STM32H7xx_HAL_Driver/Src/stm32h7xx_hal_gpio.o"
arm-none-eabi-gcc "../Drivers/STM32H7xx_HAL_Driver/Src/stm32h7xx_hal_hsem.c" -mcpu=cortex-m7 -std=gnu11 -g3 -DDEBUG -DUSE_PWR_LDO_SUPPLY -DUSE_HAL_DRIVER -DSTM32H750xx -c -I../Core/Inc -I../Drivers/STM32H7xx_HAL_Driver/Inc -I../Drivers/STM32H7xx_HAL_Driver/Inc/Legacy -I../Drivers/CMSIS/Device/ST/STM32H7xx/Include -I../Drivers/CMSIS/Include -I"E:/StudyNote/study_STM32H7-MX/2.code/25.SPI/BSP" -I"E:/StudyNote/study_STM32H7-MX/2.code/25.SPI/BSP/LED" -I"E:/StudyNote/study_STM32H7-MX/2.code/25.SPI/BSP/KEY" -I"E:/StudyNote/study_STM32H7-MX/2.code/25.SPI/BSP/BEEP" -I"E:/StudyNote/study_STM32H7-MX/2.code/25.SPI/BSP/EXTI" -I"E:/StudyNote/study_STM32H7-MX/2.code/25.SPI/BSP/I2C" -I"E:/StudyNote/study_STM32H7-MX/2.code/25.SPI/BSP/Delay" -O0 -ffunction-sections -fdata-sections -Wall -fstack-usage -fcyclomatic-complexity -MMD -MP -MF"Drivers/STM32H7xx_HAL_Driver/Src/stm32h7xx_hal_hsem.d" -MT"Drivers/STM32H7xx_HAL_Driver/Src/stm32h7xx_hal_hsem.o" --specs=nano.specs -mfpu=fpv5-d16 -mfloat-abi=hard -mthumb -o "Drivers/STM32H7xx_HAL_Driver/Src/stm32h7xx_hal_hsem.o"
arm-none-eabi-gcc "../Drivers/STM32H7xx_HAL_Driver/Src/stm32h7xx_hal_i2c.c" -mcpu=cortex-m7 -std=gnu11 -g3 -DDEBUG -DUSE_PWR_LDO_SUPPLY -DUSE_HAL_DRIVER -DSTM32H750xx -c -I../Core/Inc -I../Drivers/STM32H7xx_HAL_Driver/Inc -I../Drivers/STM32H7xx_HAL_Driver/Inc/Legacy -I../Drivers/CMSIS/Device/ST/STM32H7xx/Include -I../Drivers/CMSIS/Include -I"E:/StudyNote/study_STM32H7-MX/2.code/25.SPI/BSP" -I"E:/StudyNote/study_STM32H7-MX/2.code/25.SPI/BSP/LED" -I"E:/StudyNote/study_STM32H7-MX/2.code/25.SPI/BSP/KEY" -I"E:/StudyNote/study_STM32H7-MX/2.code/25.SPI/BSP/BEEP" -I"E:/StudyNote/study_STM32H7-MX/2.code/25.SPI/BSP/EXTI" -I"E:/StudyNote/study_STM32H7-MX/2.code/25.SPI/BSP/I2C" -I"E:/StudyNote/study_STM32H7-MX/2.code/25.SPI/BSP/Delay" -O0 -ffunction-sections -fdata-sections -Wall -fstack-usage -fcyclomatic-complexity -MMD -MP -MF"Drivers/STM32H7xx_HAL_Driver/Src/stm32h7xx_hal_i2c.d" -MT"Drivers/STM32H7xx_HAL_Driver/Src/stm32h7xx_hal_i2c.o" --specs=nano.specs -mfpu=fpv5-d16 -mfloat-abi=hard -mthumb -o "Drivers/STM32H7xx_HAL_Driver/Src/stm32h7xx_hal_i2c.o"
arm-none-eabi-gcc "../Drivers/STM32H7xx_HAL_Driver/Src/stm32h7xx_hal_i2c_ex.c" -mcpu=cortex-m7 -std=gnu11 -g3 -DDEBUG -DUSE_PWR_LDO_SUPPLY -DUSE_HAL_DRIVER -DSTM32H750xx -c -I../Core/Inc -I../Drivers/STM32H7xx_HAL_Driver/Inc -I../Drivers/STM32H7xx_HAL_Driver/Inc/Legacy -I../Drivers/CMSIS/Device/ST/STM32H7xx/Include -I../Drivers/CMSIS/Include -I"E:/StudyNote/study_STM32H7-MX/2.code/25.SPI/BSP" -I"E:/StudyNote/study_STM32H7-MX/2.code/25.SPI/BSP/LED" -I"E:/StudyNote/study_STM32H7-MX/2.code/25.SPI/BSP/KEY" -I"E:/StudyNote/study_STM32H7-MX/2.code/25.SPI/BSP/BEEP" -I"E:/StudyNote/study_STM32H7-MX/2.code/25.SPI/BSP/EXTI" -I"E:/StudyNote/study_STM32H7-MX/2.code/25.SPI/BSP/I2C" -I"E:/StudyNote/study_STM32H7-MX/2.code/25.SPI/BSP/Delay" -O0 -ffunction-sections -fdata-sections -Wall -fstack-usage -fcyclomatic-complexity -MMD -MP -MF"Drivers/STM32H7xx_HAL_Driver/Src/stm32h7xx_hal_i2c_ex.d" -MT"Drivers/STM32H7xx_HAL_Driver/Src/stm32h7xx_hal_i2c_ex.o" --specs=nano.specs -mfpu=fpv5-d16 -mfloat-abi=hard -mthumb -o "Drivers/STM32H7xx_HAL_Driver/Src/stm32h7xx_hal_i2c_ex.o"
arm-none-eabi-gcc "../Drivers/STM32H7xx_HAL_Driver/Src/stm32h7xx_hal_iwdg.c" -mcpu=cortex-m7 -std=gnu11 -g3 -DDEBUG -DUSE_PWR_LDO_SUPPLY -DUSE_HAL_DRIVER -DSTM32H750xx -c -I../Core/Inc -I../Drivers/STM32H7xx_HAL_Driver/Inc -I../Drivers/STM32H7xx_HAL_Driver/Inc/Legacy -I../Drivers/CMSIS/Device/ST/STM32H7xx/Include -I../Drivers/CMSIS/Include -I"E:/StudyNote/study_STM32H7-MX/2.code/25.SPI/BSP" -I"E:/StudyNote/study_STM32H7-MX/2.code/25.SPI/BSP/LED" -I"E:/StudyNote/study_STM32H7-MX/2.code/25.SPI/BSP/KEY" -I"E:/StudyNote/study_STM32H7-MX/2.code/25.SPI/BSP/BEEP" -I"E:/StudyNote/study_STM32H7-MX/2.code/25.SPI/BSP/EXTI" -I"E:/StudyNote/study_STM32H7-MX/2.code/25.SPI/BSP/I2C" -I"E:/StudyNote/study_STM32H7-MX/2.code/25.SPI/BSP/Delay" -O0 -ffunction-sections -fdata-sections -Wall -fstack-usage -fcyclomatic-complexity -MMD -MP -MF"Drivers/STM32H7xx_HAL_Driver/Src/stm32h7xx_hal_iwdg.d" -MT"Drivers/STM32H7xx_HAL_Driver/Src/stm32h7xx_hal_iwdg.o" --specs=nano.specs -mfpu=fpv5-d16 -mfloat-abi=hard -mthumb -o "Drivers/STM32H7xx_HAL_Driver/Src/stm32h7xx_hal_iwdg.o"
arm-none-eabi-gcc "../Drivers/STM32H7xx_HAL_Driver/Src/stm32h7xx_hal_mdma.c" -mcpu=cortex-m7 -std=gnu11 -g3 -DDEBUG -DUSE_PWR_LDO_SUPPLY -DUSE_HAL_DRIVER -DSTM32H750xx -c -I../Core/Inc -I../Drivers/STM32H7xx_HAL_Driver/Inc -I../Drivers/STM32H7xx_HAL_Driver/Inc/Legacy -I../Drivers/CMSIS/Device/ST/STM32H7xx/Include -I../Drivers/CMSIS/Include -I"E:/StudyNote/study_STM32H7-MX/2.code/25.SPI/BSP" -I"E:/StudyNote/study_STM32H7-MX/2.code/25.SPI/BSP/LED" -I"E:/StudyNote/study_STM32H7-MX/2.code/25.SPI/BSP/KEY" -I"E:/StudyNote/study_STM32H7-MX/2.code/25.SPI/BSP/BEEP" -I"E:/StudyNote/study_STM32H7-MX/2.code/25.SPI/BSP/EXTI" -I"E:/StudyNote/study_STM32H7-MX/2.code/25.SPI/BSP/I2C" -I"E:/StudyNote/study_STM32H7-MX/2.code/25.SPI/BSP/Delay" -O0 -ffunction-sections -fdata-sections -Wall -fstack-usage -fcyclomatic-complexity -MMD -MP -MF"Drivers/STM32H7xx_HAL_Driver/Src/stm32h7xx_hal_mdma.d" -MT"Drivers/STM32H7xx_HAL_Driver/Src/stm32h7xx_hal_mdma.o" --specs=nano.specs -mfpu=fpv5-d16 -mfloat-abi=hard -mthumb -o "Drivers/STM32H7xx_HAL_Driver/Src/stm32h7xx_hal_mdma.o"
arm-none-eabi-gcc "../Drivers/STM32H7xx_HAL_Driver/Src/stm32h7xx_hal_pwr.c" -mcpu=cortex-m7 -std=gnu11 -g3 -DDEBUG -DUSE_PWR_LDO_SUPPLY -DUSE_HAL_DRIVER -DSTM32H750xx -c -I../Core/Inc -I../Drivers/STM32H7xx_HAL_Driver/Inc -I../Drivers/STM32H7xx_HAL_Driver/Inc/Legacy -I../Drivers/CMSIS/Device/ST/STM32H7xx/Include -I../Drivers/CMSIS/Include -I"E:/StudyNote/study_STM32H7-MX/2.code/25.SPI/BSP" -I"E:/StudyNote/study_STM32H7-MX/2.code/25.SPI/BSP/LED" -I"E:/StudyNote/study_STM32H7-MX/2.code/25.SPI/BSP/KEY" -I"E:/StudyNote/study_STM32H7-MX/2.code/25.SPI/BSP/BEEP" -I"E:/StudyNote/study_STM32H7-MX/2.code/25.SPI/BSP/EXTI" -I"E:/StudyNote/study_STM32H7-MX/2.code/25.SPI/BSP/I2C" -I"E:/StudyNote/study_STM32H7-MX/2.code/25.SPI/BSP/Delay" -O0 -ffunction-sections -fdata-sections -Wall -fstack-usage -fcyclomatic-complexity -MMD -MP -MF"Drivers/STM32H7xx_HAL_Driver/Src/stm32h7xx_hal_pwr.d" -MT"Drivers/STM32H7xx_HAL_Driver/Src/stm32h7xx_hal_pwr.o" --specs=nano.specs -mfpu=fpv5-d16 -mfloat-abi=hard -mthumb -o "Drivers/STM32H7xx_HAL_Driver/Src/stm32h7xx_hal_pwr.o"
arm-none-eabi-gcc "../Drivers/STM32H7xx_HAL_Driver/Src/stm32h7xx_hal_pwr_ex.c" -mcpu=cortex-m7 -std=gnu11 -g3 -DDEBUG -DUSE_PWR_LDO_SUPPLY -DUSE_HAL_DRIVER -DSTM32H750xx -c -I../Core/Inc -I../Drivers/STM32H7xx_HAL_Driver/Inc -I../Drivers/STM32H7xx_HAL_Driver/Inc/Legacy -I../Drivers/CMSIS/Device/ST/STM32H7xx/Include -I../Drivers/CMSIS/Include -I"E:/StudyNote/study_STM32H7-MX/2.code/25.SPI/BSP" -I"E:/StudyNote/study_STM32H7-MX/2.code/25.SPI/BSP/LED" -I"E:/StudyNote/study_STM32H7-MX/2.code/25.SPI/BSP/KEY" -I"E:/StudyNote/study_STM32H7-MX/2.code/25.SPI/BSP/BEEP" -I"E:/StudyNote/study_STM32H7-MX/2.code/25.SPI/BSP/EXTI" -I"E:/StudyNote/study_STM32H7-MX/2.code/25.SPI/BSP/I2C" -I"E:/StudyNote/study_STM32H7-MX/2.code/25.SPI/BSP/Delay" -O0 -ffunction-sections -fdata-sections -Wall -fstack-usage -fcyclomatic-complexity -MMD -MP -MF"Drivers/STM32H7xx_HAL_Driver/Src/stm32h7xx_hal_pwr_ex.d" -MT"Drivers/STM32H7xx_HAL_Driver/Src/stm32h7xx_hal_pwr_ex.o" --specs=nano.specs -mfpu=fpv5-d16 -mfloat-abi=hard -mthumb -o "Drivers/STM32H7xx_HAL_Driver/Src/stm32h7xx_hal_pwr_ex.o"
arm-none-eabi-gcc "../Drivers/STM32H7xx_HAL_Driver/Src/stm32h7xx_hal_rcc.c" -mcpu=cortex-m7 -std=gnu11 -g3 -DDEBUG -DUSE_PWR_LDO_SUPPLY -DUSE_HAL_DRIVER -DSTM32H750xx -c -I../Core/Inc -I../Drivers/STM32H7xx_HAL_Driver/Inc -I../Drivers/STM32H7xx_HAL_Driver/Inc/Legacy -I../Drivers/CMSIS/Device/ST/STM32H7xx/Include -I../Drivers/CMSIS/Include -I"E:/StudyNote/study_STM32H7-MX/2.code/25.SPI/BSP" -I"E:/StudyNote/study_STM32H7-MX/2.code/25.SPI/BSP/LED" -I"E:/StudyNote/study_STM32H7-MX/2.code/25.SPI/BSP/KEY" -I"E:/StudyNote/study_STM32H7-MX/2.code/25.SPI/BSP/BEEP" -I"E:/StudyNote/study_STM32H7-MX/2.code/25.SPI/BSP/EXTI" -I"E:/StudyNote/study_STM32H7-MX/2.code/25.SPI/BSP/I2C" -I"E:/StudyNote/study_STM32H7-MX/2.code/25.SPI/BSP/Delay" -O0 -ffunction-sections -fdata-sections -Wall -fstack-usage -fcyclomatic-complexity -MMD -MP -MF"Drivers/STM32H7xx_HAL_Driver/Src/stm32h7xx_hal_rcc.d" -MT"Drivers/STM32H7xx_HAL_Driver/Src/stm32h7xx_hal_rcc.o" --specs=nano.specs -mfpu=fpv5-d16 -mfloat-abi=hard -mthumb -o "Drivers/STM32H7xx_HAL_Driver/Src/stm32h7xx_hal_rcc.o"
arm-none-eabi-gcc "../Drivers/STM32H7xx_HAL_Driver/Src/stm32h7xx_hal_rcc_ex.c" -mcpu=cortex-m7 -std=gnu11 -g3 -DDEBUG -DUSE_PWR_LDO_SUPPLY -DUSE_HAL_DRIVER -DSTM32H750xx -c -I../Core/Inc -I../Drivers/STM32H7xx_HAL_Driver/Inc -I../Drivers/STM32H7xx_HAL_Driver/Inc/Legacy -I../Drivers/CMSIS/Device/ST/STM32H7xx/Include -I../Drivers/CMSIS/Include -I"E:/StudyNote/study_STM32H7-MX/2.code/25.SPI/BSP" -I"E:/StudyNote/study_STM32H7-MX/2.code/25.SPI/BSP/LED" -I"E:/StudyNote/study_STM32H7-MX/2.code/25.SPI/BSP/KEY" -I"E:/StudyNote/study_STM32H7-MX/2.code/25.SPI/BSP/BEEP" -I"E:/StudyNote/study_STM32H7-MX/2.code/25.SPI/BSP/EXTI" -I"E:/StudyNote/study_STM32H7-MX/2.code/25.SPI/BSP/I2C" -I"E:/StudyNote/study_STM32H7-MX/2.code/25.SPI/BSP/Delay" -O0 -ffunction-sections -fdata-sections -Wall -fstack-usage -fcyclomatic-complexity -MMD -MP -MF"Drivers/STM32H7xx_HAL_Driver/Src/stm32h7xx_hal_rcc_ex.d" -MT"Drivers/STM32H7xx_HAL_Driver/Src/stm32h7xx_hal_rcc_ex.o" --specs=nano.specs -mfpu=fpv5-d16 -mfloat-abi=hard -mthumb -o "Drivers/STM32H7xx_HAL_Driver/Src/stm32h7xx_hal_rcc_ex.o"
arm-none-eabi-gcc "../Drivers/STM32H7xx_HAL_Driver/Src/stm32h7xx_hal_spi.c" -mcpu=cortex-m7 -std=gnu11 -g3 -DDEBUG -DUSE_PWR_LDO_SUPPLY -DUSE_HAL_DRIVER -DSTM32H750xx -c -I../Core/Inc -I../Drivers/STM32H7xx_HAL_Driver/Inc -I../Drivers/STM32H7xx_HAL_Driver/Inc/Legacy -I../Drivers/CMSIS/Device/ST/STM32H7xx/Include -I../Drivers/CMSIS/Include -I"E:/StudyNote/study_STM32H7-MX/2.code/25.SPI/BSP" -I"E:/StudyNote/study_STM32H7-MX/2.code/25.SPI/BSP/LED" -I"E:/StudyNote/study_STM32H7-MX/2.code/25.SPI/BSP/KEY" -I"E:/StudyNote/study_STM32H7-MX/2.code/25.SPI/BSP/BEEP" -I"E:/StudyNote/study_STM32H7-MX/2.code/25.SPI/BSP/EXTI" -I"E:/StudyNote/study_STM32H7-MX/2.code/25.SPI/BSP/I2C" -I"E:/StudyNote/study_STM32H7-MX/2.code/25.SPI/BSP/Delay" -O0 -ffunction-sections -fdata-sections -Wall -fstack-usage -fcyclomatic-complexity -MMD -MP -MF"Drivers/STM32H7xx_HAL_Driver/Src/stm32h7xx_hal_spi.d" -MT"Drivers/STM32H7xx_HAL_Driver/Src/stm32h7xx_hal_spi.o" --specs=nano.specs -mfpu=fpv5-d16 -mfloat-abi=hard -mthumb -o "Drivers/STM32H7xx_HAL_Driver/Src/stm32h7xx_hal_spi.o"
arm-none-eabi-gcc "../Drivers/STM32H7xx_HAL_Driver/Src/stm32h7xx_hal_spi_ex.c" -mcpu=cortex-m7 -std=gnu11 -g3 -DDEBUG -DUSE_PWR_LDO_SUPPLY -DUSE_HAL_DRIVER -DSTM32H750xx -c -I../Core/Inc -I../Drivers/STM32H7xx_HAL_Driver/Inc -I../Drivers/STM32H7xx_HAL_Driver/Inc/Legacy -I../Drivers/CMSIS/Device/ST/STM32H7xx/Include -I../Drivers/CMSIS/Include -I"E:/StudyNote/study_STM32H7-MX/2.code/25.SPI/BSP" -I"E:/StudyNote/study_STM32H7-MX/2.code/25.SPI/BSP/LED" -I"E:/StudyNote/study_STM32H7-MX/2.code/25.SPI/BSP/KEY" -I"E:/StudyNote/study_STM32H7-MX/2.code/25.SPI/BSP/BEEP" -I"E:/StudyNote/study_STM32H7-MX/2.code/25.SPI/BSP/EXTI" -I"E:/StudyNote/study_STM32H7-MX/2.code/25.SPI/BSP/I2C" -I"E:/StudyNote/study_STM32H7-MX/2.code/25.SPI/BSP/Delay" -O0 -ffunction-sections -fdata-sections -Wall -fstack-usage -fcyclomatic-complexity -MMD -MP -MF"Drivers/STM32H7xx_HAL_Driver/Src/stm32h7xx_hal_spi_ex.d" -MT"Drivers/STM32H7xx_HAL_Driver/Src/stm32h7xx_hal_spi_ex.o" --specs=nano.specs -mfpu=fpv5-d16 -mfloat-abi=hard -mthumb -o "Drivers/STM32H7xx_HAL_Driver/Src/stm32h7xx_hal_spi_ex.o"
arm-none-eabi-gcc "../Drivers/STM32H7xx_HAL_Driver/Src/stm32h7xx_hal_tim.c" -mcpu=cortex-m7 -std=gnu11 -g3 -DDEBUG -DUSE_PWR_LDO_SUPPLY -DUSE_HAL_DRIVER -DSTM32H750xx -c -I../Core/Inc -I../Drivers/STM32H7xx_HAL_Driver/Inc -I../Drivers/STM32H7xx_HAL_Driver/Inc/Legacy -I../Drivers/CMSIS/Device/ST/STM32H7xx/Include -I../Drivers/CMSIS/Include -I"E:/StudyNote/study_STM32H7-MX/2.code/25.SPI/BSP" -I"E:/StudyNote/study_STM32H7-MX/2.code/25.SPI/BSP/LED" -I"E:/StudyNote/study_STM32H7-MX/2.code/25.SPI/BSP/KEY" -I"E:/StudyNote/study_STM32H7-MX/2.code/25.SPI/BSP/BEEP" -I"E:/StudyNote/study_STM32H7-MX/2.code/25.SPI/BSP/EXTI" -I"E:/StudyNote/study_STM32H7-MX/2.code/25.SPI/BSP/I2C" -I"E:/StudyNote/study_STM32H7-MX/2.code/25.SPI/BSP/Delay" -O0 -ffunction-sections -fdata-sections -Wall -fstack-usage -fcyclomatic-complexity -MMD -MP -MF"Drivers/STM32H7xx_HAL_Driver/Src/stm32h7xx_hal_tim.d" -MT"Drivers/STM32H7xx_HAL_Driver/Src/stm32h7xx_hal_tim.o" --specs=nano.specs -mfpu=fpv5-d16 -mfloat-abi=hard -mthumb -o "Drivers/STM32H7xx_HAL_Driver/Src/stm32h7xx_hal_tim.o"
arm-none-eabi-gcc "../Drivers/STM32H7xx_HAL_Driver/Src/stm32h7xx_hal_tim_ex.c" -mcpu=cortex-m7 -std=gnu11 -g3 -DDEBUG -DUSE_PWR_LDO_SUPPLY -DUSE_HAL_DRIVER -DSTM32H750xx -c -I../Core/Inc -I../Drivers/STM32H7xx_HAL_Driver/Inc -I../Drivers/STM32H7xx_HAL_Driver/Inc/Legacy -I../Drivers/CMSIS/Device/ST/STM32H7xx/Include -I../Drivers/CMSIS/Include -I"E:/StudyNote/study_STM32H7-MX/2.code/25.SPI/BSP" -I"E:/StudyNote/study_STM32H7-MX/2.code/25.SPI/BSP/LED" -I"E:/StudyNote/study_STM32H7-MX/2.code/25.SPI/BSP/KEY" -I"E:/StudyNote/study_STM32H7-MX/2.code/25.SPI/BSP/BEEP" -I"E:/StudyNote/study_STM32H7-MX/2.code/25.SPI/BSP/EXTI" -I"E:/StudyNote/study_STM32H7-MX/2.code/25.SPI/BSP/I2C" -I"E:/StudyNote/study_STM32H7-MX/2.code/25.SPI/BSP/Delay" -O0 -ffunction-sections -fdata-sections -Wall -fstack-usage -fcyclomatic-complexity -MMD -MP -MF"Drivers/STM32H7xx_HAL_Driver/Src/stm32h7xx_hal_tim_ex.d" -MT"Drivers/STM32H7xx_HAL_Driver/Src/stm32h7xx_hal_tim_ex.o" --specs=nano.specs -mfpu=fpv5-d16 -mfloat-abi=hard -mthumb -o "Drivers/STM32H7xx_HAL_Driver/Src/stm32h7xx_hal_tim_ex.o"
arm-none-eabi-gcc "../Drivers/STM32H7xx_HAL_Driver/Src/stm32h7xx_hal_uart.c" -mcpu=cortex-m7 -std=gnu11 -g3 -DDEBUG -DUSE_PWR_LDO_SUPPLY -DUSE_HAL_DRIVER -DSTM32H750xx -c -I../Core/Inc -I../Drivers/STM32H7xx_HAL_Driver/Inc -I../Drivers/STM32H7xx_HAL_Driver/Inc/Legacy -I../Drivers/CMSIS/Device/ST/STM32H7xx/Include -I../Drivers/CMSIS/Include -I"E:/StudyNote/study_STM32H7-MX/2.code/25.SPI/BSP" -I"E:/StudyNote/study_STM32H7-MX/2.code/25.SPI/BSP/LED" -I"E:/StudyNote/study_STM32H7-MX/2.code/25.SPI/BSP/KEY" -I"E:/StudyNote/study_STM32H7-MX/2.code/25.SPI/BSP/BEEP" -I"E:/StudyNote/study_STM32H7-MX/2.code/25.SPI/BSP/EXTI" -I"E:/StudyNote/study_STM32H7-MX/2.code/25.SPI/BSP/I2C" -I"E:/StudyNote/study_STM32H7-MX/2.code/25.SPI/BSP/Delay" -O0 -ffunction-sections -fdata-sections -Wall -fstack-usage -fcyclomatic-complexity -MMD -MP -MF"Drivers/STM32H7xx_HAL_Driver/Src/stm32h7xx_hal_uart.d" -MT"Drivers/STM32H7xx_HAL_Driver/Src/stm32h7xx_hal_uart.o" --specs=nano.specs -mfpu=fpv5-d16 -mfloat-abi=hard -mthumb -o "Drivers/STM32H7xx_HAL_Driver/Src/stm32h7xx_hal_uart.o"
arm-none-eabi-gcc "../Drivers/STM32H7xx_HAL_Driver/Src/stm32h7xx_hal_uart_ex.c" -mcpu=cortex-m7 -std=gnu11 -g3 -DDEBUG -DUSE_PWR_LDO_SUPPLY -DUSE_HAL_DRIVER -DSTM32H750xx -c -I../Core/Inc -I../Drivers/STM32H7xx_HAL_Driver/Inc -I../Drivers/STM32H7xx_HAL_Driver/Inc/Legacy -I../Drivers/CMSIS/Device/ST/STM32H7xx/Include -I../Drivers/CMSIS/Include -I"E:/StudyNote/study_STM32H7-MX/2.code/25.SPI/BSP" -I"E:/StudyNote/study_STM32H7-MX/2.code/25.SPI/BSP/LED" -I"E:/StudyNote/study_STM32H7-MX/2.code/25.SPI/BSP/KEY" -I"E:/StudyNote/study_STM32H7-MX/2.code/25.SPI/BSP/BEEP" -I"E:/StudyNote/study_STM32H7-MX/2.code/25.SPI/BSP/EXTI" -I"E:/StudyNote/study_STM32H7-MX/2.code/25.SPI/BSP/I2C" -I"E:/StudyNote/study_STM32H7-MX/2.code/25.SPI/BSP/Delay" -O0 -ffunction-sections -fdata-sections -Wall -fstack-usage -fcyclomatic-complexity -MMD -MP -MF"Drivers/STM32H7xx_HAL_Driver/Src/stm32h7xx_hal_uart_ex.d" -MT"Drivers/STM32H7xx_HAL_Driver/Src/stm32h7xx_hal_uart_ex.o" --specs=nano.specs -mfpu=fpv5-d16 -mfloat-abi=hard -mthumb -o "Drivers/STM32H7xx_HAL_Driver/Src/stm32h7xx_hal_uart_ex.o"
arm-none-eabi-gcc "../Drivers/STM32H7xx_HAL_Driver/Src/stm32h7xx_hal_wwdg.c" -mcpu=cortex-m7 -std=gnu11 -g3 -DDEBUG -DUSE_PWR_LDO_SUPPLY -DUSE_HAL_DRIVER -DSTM32H750xx -c -I../Core/Inc -I../Drivers/STM32H7xx_HAL_Driver/Inc -I../Drivers/STM32H7xx_HAL_Driver/Inc/Legacy -I../Drivers/CMSIS/Device/ST/STM32H7xx/Include -I../Drivers/CMSIS/Include -I"E:/StudyNote/study_STM32H7-MX/2.code/25.SPI/BSP" -I"E:/StudyNote/study_STM32H7-MX/2.code/25.SPI/BSP/LED" -I"E:/StudyNote/study_STM32H7-MX/2.code/25.SPI/BSP/KEY" -I"E:/StudyNote/study_STM32H7-MX/2.code/25.SPI/BSP/BEEP" -I"E:/StudyNote/study_STM32H7-MX/2.code/25.SPI/BSP/EXTI" -I"E:/StudyNote/study_STM32H7-MX/2.code/25.SPI/BSP/I2C" -I"E:/StudyNote/study_STM32H7-MX/2.code/25.SPI/BSP/Delay" -O0 -ffunction-sections -fdata-sections -Wall -fstack-usage -fcyclomatic-complexity -MMD -MP -MF"Drivers/STM32H7xx_HAL_Driver/Src/stm32h7xx_hal_wwdg.d" -MT"Drivers/STM32H7xx_HAL_Driver/Src/stm32h7xx_hal_wwdg.o" --specs=nano.specs -mfpu=fpv5-d16 -mfloat-abi=hard -mthumb -o "Drivers/STM32H7xx_HAL_Driver/Src/stm32h7xx_hal_wwdg.o"
arm-none-eabi-gcc "../Core/Src/adc.c" -mcpu=cortex-m7 -std=gnu11 -g3 -DDEBUG -DUSE_PWR_LDO_SUPPLY -DUSE_HAL_DRIVER -DSTM32H750xx -c -I../Core/Inc -I../Drivers/STM32H7xx_HAL_Driver/Inc -I../Drivers/STM32H7xx_HAL_Driver/Inc/Legacy -I../Drivers/CMSIS/Device/ST/STM32H7xx/Include -I../Drivers/CMSIS/Include -I"E:/StudyNote/study_STM32H7-MX/2.code/25.SPI/BSP" -I"E:/StudyNote/study_STM32H7-MX/2.code/25.SPI/BSP/LED" -I"E:/StudyNote/study_STM32H7-MX/2.code/25.SPI/BSP/KEY" -I"E:/StudyNote/study_STM32H7-MX/2.code/25.SPI/BSP/BEEP" -I"E:/StudyNote/study_STM32H7-MX/2.code/25.SPI/BSP/EXTI" -I"E:/StudyNote/study_STM32H7-MX/2.code/25.SPI/BSP/I2C" -I"E:/StudyNote/study_STM32H7-MX/2.code/25.SPI/BSP/Delay" -O0 -ffunction-sections -fdata-sections -Wall -fstack-usage -fcyclomatic-complexity -MMD -MP -MF"Core/Src/adc.d" -MT"Core/Src/adc.o" --specs=nano.specs -mfpu=fpv5-d16 -mfloat-abi=hard -mthumb -o "Core/Src/adc.o"
arm-none-eabi-gcc "../Core/Src/dac.c" -mcpu=cortex-m7 -std=gnu11 -g3 -DDEBUG -DUSE_PWR_LDO_SUPPLY -DUSE_HAL_DRIVER -DSTM32H750xx -c -I../Core/Inc -I../Drivers/STM32H7xx_HAL_Driver/Inc -I../Drivers/STM32H7xx_HAL_Driver/Inc/Legacy -I../Drivers/CMSIS/Device/ST/STM32H7xx/Include -I../Drivers/CMSIS/Include -I"E:/StudyNote/study_STM32H7-MX/2.code/25.SPI/BSP" -I"E:/StudyNote/study_STM32H7-MX/2.code/25.SPI/BSP/LED" -I"E:/StudyNote/study_STM32H7-MX/2.code/25.SPI/BSP/KEY" -I"E:/StudyNote/study_STM32H7-MX/2.code/25.SPI/BSP/BEEP" -I"E:/StudyNote/study_STM32H7-MX/2.code/25.SPI/BSP/EXTI" -I"E:/StudyNote/study_STM32H7-MX/2.code/25.SPI/BSP/I2C" -I"E:/StudyNote/study_STM32H7-MX/2.code/25.SPI/BSP/Delay" -O0 -ffunction-sections -fdata-sections -Wall -fstack-usage -fcyclomatic-complexity -MMD -MP -MF"Core/Src/dac.d" -MT"Core/Src/dac.o" --specs=nano.specs -mfpu=fpv5-d16 -mfloat-abi=hard -mthumb -o "Core/Src/dac.o"
arm-none-eabi-gcc "../Core/Src/gpio.c" -mcpu=cortex-m7 -std=gnu11 -g3 -DDEBUG -DUSE_PWR_LDO_SUPPLY -DUSE_HAL_DRIVER -DSTM32H750xx -c -I../Core/Inc -I../Drivers/STM32H7xx_HAL_Driver/Inc -I../Drivers/STM32H7xx_HAL_Driver/Inc/Legacy -I../Drivers/CMSIS/Device/ST/STM32H7xx/Include -I../Drivers/CMSIS/Include -I"E:/StudyNote/study_STM32H7-MX/2.code/25.SPI/BSP" -I"E:/StudyNote/study_STM32H7-MX/2.code/25.SPI/BSP/LED" -I"E:/StudyNote/study_STM32H7-MX/2.code/25.SPI/BSP/KEY" -I"E:/StudyNote/study_STM32H7-MX/2.code/25.SPI/BSP/BEEP" -I"E:/StudyNote/study_STM32H7-MX/2.code/25.SPI/BSP/EXTI" -I"E:/StudyNote/study_STM32H7-MX/2.code/25.SPI/BSP/I2C" -I"E:/StudyNote/study_STM32H7-MX/2.code/25.SPI/BSP/Delay" -O0 -ffunction-sections -fdata-sections -Wall -fstack-usage -fcyclomatic-complexity -MMD -MP -MF"Core/Src/gpio.d" -MT"Core/Src/gpio.o" --specs=nano.specs -mfpu=fpv5-d16 -mfloat-abi=hard -mthumb -o "Core/Src/gpio.o"
arm-none-eabi-gcc "../Core/Src/iwdg.c" -mcpu=cortex-m7 -std=gnu11 -g3 -DDEBUG -DUSE_PWR_LDO_SUPPLY -DUSE_HAL_DRIVER -DSTM32H750xx -c -I../Core/Inc -I../Drivers/STM32H7xx_HAL_Driver/Inc -I../Drivers/STM32H7xx_HAL_Driver/Inc/Legacy -I../Drivers/CMSIS/Device/ST/STM32H7xx/Include -I../Drivers/CMSIS/Include -I"E:/StudyNote/study_STM32H7-MX/2.code/25.SPI/BSP" -I"E:/StudyNote/study_STM32H7-MX/2.code/25.SPI/BSP/LED" -I"E:/StudyNote/study_STM32H7-MX/2.code/25.SPI/BSP/KEY" -I"E:/StudyNote/study_STM32H7-MX/2.code/25.SPI/BSP/BEEP" -I"E:/StudyNote/study_STM32H7-MX/2.code/25.SPI/BSP/EXTI" -I"E:/StudyNote/study_STM32H7-MX/2.code/25.SPI/BSP/I2C" -I"E:/StudyNote/study_STM32H7-MX/2.code/25.SPI/BSP/Delay" -O0 -ffunction-sections -fdata-sections -Wall -fstack-usage -fcyclomatic-complexity -MMD -MP -MF"Core/Src/iwdg.d" -MT"Core/Src/iwdg.o" --specs=nano.specs -mfpu=fpv5-d16 -mfloat-abi=hard -mthumb -o "Core/Src/iwdg.o"
arm-none-eabi-gcc "../Core/Src/main.c" -mcpu=cortex-m7 -std=gnu11 -g3 -DDEBUG -DUSE_PWR_LDO_SUPPLY -DUSE_HAL_DRIVER -DSTM32H750xx -c -I../Core/Inc -I../Drivers/STM32H7xx_HAL_Driver/Inc -I../Drivers/STM32H7xx_HAL_Driver/Inc/Legacy -I../Drivers/CMSIS/Device/ST/STM32H7xx/Include -I../Drivers/CMSIS/Include -I"E:/StudyNote/study_STM32H7-MX/2.code/25.SPI/BSP" -I"E:/StudyNote/study_STM32H7-MX/2.code/25.SPI/BSP/LED" -I"E:/StudyNote/study_STM32H7-MX/2.code/25.SPI/BSP/KEY" -I"E:/StudyNote/study_STM32H7-MX/2.code/25.SPI/BSP/BEEP" -I"E:/StudyNote/study_STM32H7-MX/2.code/25.SPI/BSP/EXTI" -I"E:/StudyNote/study_STM32H7-MX/2.code/25.SPI/BSP/I2C" -I"E:/StudyNote/study_STM32H7-MX/2.code/25.SPI/BSP/Delay" -O0 -ffunction-sections -fdata-sections -Wall -fstack-usage -fcyclomatic-complexity -MMD -MP -MF"Core/Src/main.d" -MT"Core/Src/main.o" --specs=nano.specs -mfpu=fpv5-d16 -mfloat-abi=hard -mthumb -o "Core/Src/main.o"
arm-none-eabi-gcc "../Core/Src/spi.c" -mcpu=cortex-m7 -std=gnu11 -g3 -DDEBUG -DUSE_PWR_LDO_SUPPLY -DUSE_HAL_DRIVER -DSTM32H750xx -c -I../Core/Inc -I../Drivers/STM32H7xx_HAL_Driver/Inc -I../Drivers/STM32H7xx_HAL_Driver/Inc/Legacy -I../Drivers/CMSIS/Device/ST/STM32H7xx/Include -I../Drivers/CMSIS/Include -I"E:/StudyNote/study_STM32H7-MX/2.code/25.SPI/BSP" -I"E:/StudyNote/study_STM32H7-MX/2.code/25.SPI/BSP/LED" -I"E:/StudyNote/study_STM32H7-MX/2.code/25.SPI/BSP/KEY" -I"E:/StudyNote/study_STM32H7-MX/2.code/25.SPI/BSP/BEEP" -I"E:/StudyNote/study_STM32H7-MX/2.code/25.SPI/BSP/EXTI" -I"E:/StudyNote/study_STM32H7-MX/2.code/25.SPI/BSP/I2C" -I"E:/StudyNote/study_STM32H7-MX/2.code/25.SPI/BSP/Delay" -O0 -ffunction-sections -fdata-sections -Wall -fstack-usage -fcyclomatic-complexity -MMD -MP -MF"Core/Src/spi.d" -MT"Core/Src/spi.o" --specs=nano.specs -mfpu=fpv5-d16 -mfloat-abi=hard -mthumb -o "Core/Src/spi.o"
arm-none-eabi-gcc "../Core/Src/stm32h7xx_hal_msp.c" -mcpu=cortex-m7 -std=gnu11 -g3 -DDEBUG -DUSE_PWR_LDO_SUPPLY -DUSE_HAL_DRIVER -DSTM32H750xx -c -I../Core/Inc -I../Drivers/STM32H7xx_HAL_Driver/Inc -I../Drivers/STM32H7xx_HAL_Driver/Inc/Legacy -I../Drivers/CMSIS/Device/ST/STM32H7xx/Include -I../Drivers/CMSIS/Include -I"E:/StudyNote/study_STM32H7-MX/2.code/25.SPI/BSP" -I"E:/StudyNote/study_STM32H7-MX/2.code/25.SPI/BSP/LED" -I"E:/StudyNote/study_STM32H7-MX/2.code/25.SPI/BSP/KEY" -I"E:/StudyNote/study_STM32H7-MX/2.code/25.SPI/BSP/BEEP" -I"E:/StudyNote/study_STM32H7-MX/2.code/25.SPI/BSP/EXTI" -I"E:/StudyNote/study_STM32H7-MX/2.code/25.SPI/BSP/I2C" -I"E:/StudyNote/study_STM32H7-MX/2.code/25.SPI/BSP/Delay" -O0 -ffunction-sections -fdata-sections -Wall -fstack-usage -fcyclomatic-complexity -MMD -MP -MF"Core/Src/stm32h7xx_hal_msp.d" -MT"Core/Src/stm32h7xx_hal_msp.o" --specs=nano.specs -mfpu=fpv5-d16 -mfloat-abi=hard -mthumb -o "Core/Src/stm32h7xx_hal_msp.o"
arm-none-eabi-gcc "../Core/Src/stm32h7xx_it.c" -mcpu=cortex-m7 -std=gnu11 -g3 -DDEBUG -DUSE_PWR_LDO_SUPPLY -DUSE_HAL_DRIVER -DSTM32H750xx -c -I../Core/Inc -I../Drivers/STM32H7xx_HAL_Driver/Inc -I../Drivers/STM32H7xx_HAL_Driver/Inc/Legacy -I../Drivers/CMSIS/Device/ST/STM32H7xx/Include -I../Drivers/CMSIS/Include -I"E:/StudyNote/study_STM32H7-MX/2.code/25.SPI/BSP" -I"E:/StudyNote/study_STM32H7-MX/2.code/25.SPI/BSP/LED" -I"E:/StudyNote/study_STM32H7-MX/2.code/25.SPI/BSP/KEY" -I"E:/StudyNote/study_STM32H7-MX/2.code/25.SPI/BSP/BEEP" -I"E:/StudyNote/study_STM32H7-MX/2.code/25.SPI/BSP/EXTI" -I"E:/StudyNote/study_STM32H7-MX/2.code/25.SPI/BSP/I2C" -I"E:/StudyNote/study_STM32H7-MX/2.code/25.SPI/BSP/Delay" -O0 -ffunction-sections -fdata-sections -Wall -fstack-usage -fcyclomatic-complexity -MMD -MP -MF"Core/Src/stm32h7xx_it.d" -MT"Core/Src/stm32h7xx_it.o" --specs=nano.specs -mfpu=fpv5-d16 -mfloat-abi=hard -mthumb -o "Core/Src/stm32h7xx_it.o"
arm-none-eabi-gcc "../Core/Src/syscalls.c" -mcpu=cortex-m7 -std=gnu11 -g3 -DDEBUG -DUSE_PWR_LDO_SUPPLY -DUSE_HAL_DRIVER -DSTM32H750xx -c -I../Core/Inc -I../Drivers/STM32H7xx_HAL_Driver/Inc -I../Drivers/STM32H7xx_HAL_Driver/Inc/Legacy -I../Drivers/CMSIS/Device/ST/STM32H7xx/Include -I../Drivers/CMSIS/Include -I"E:/StudyNote/study_STM32H7-MX/2.code/25.SPI/BSP" -I"E:/StudyNote/study_STM32H7-MX/2.code/25.SPI/BSP/LED" -I"E:/StudyNote/study_STM32H7-MX/2.code/25.SPI/BSP/KEY" -I"E:/StudyNote/study_STM32H7-MX/2.code/25.SPI/BSP/BEEP" -I"E:/StudyNote/study_STM32H7-MX/2.code/25.SPI/BSP/EXTI" -I"E:/StudyNote/study_STM32H7-MX/2.code/25.SPI/BSP/I2C" -I"E:/StudyNote/study_STM32H7-MX/2.code/25.SPI/BSP/Delay" -O0 -ffunction-sections -fdata-sections -Wall -fstack-usage -fcyclomatic-complexity -MMD -MP -MF"Core/Src/syscalls.d" -MT"Core/Src/syscalls.o" --specs=nano.specs -mfpu=fpv5-d16 -mfloat-abi=hard -mthumb -o "Core/Src/syscalls.o"
arm-none-eabi-gcc "../Core/Src/sysmem.c" -mcpu=cortex-m7 -std=gnu11 -g3 -DDEBUG -DUSE_PWR_LDO_SUPPLY -DUSE_HAL_DRIVER -DSTM32H750xx -c -I../Core/Inc -I../Drivers/STM32H7xx_HAL_Driver/Inc -I../Drivers/STM32H7xx_HAL_Driver/Inc/Legacy -I../Drivers/CMSIS/Device/ST/STM32H7xx/Include -I../Drivers/CMSIS/Include -I"E:/StudyNote/study_STM32H7-MX/2.code/25.SPI/BSP" -I"E:/StudyNote/study_STM32H7-MX/2.code/25.SPI/BSP/LED" -I"E:/StudyNote/study_STM32H7-MX/2.code/25.SPI/BSP/KEY" -I"E:/StudyNote/study_STM32H7-MX/2.code/25.SPI/BSP/BEEP" -I"E:/StudyNote/study_STM32H7-MX/2.code/25.SPI/BSP/EXTI" -I"E:/StudyNote/study_STM32H7-MX/2.code/25.SPI/BSP/I2C" -I"E:/StudyNote/study_STM32H7-MX/2.code/25.SPI/BSP/Delay" -O0 -ffunction-sections -fdata-sections -Wall -fstack-usage -fcyclomatic-complexity -MMD -MP -MF"Core/Src/sysmem.d" -MT"Core/Src/sysmem.o" --specs=nano.specs -mfpu=fpv5-d16 -mfloat-abi=hard -mthumb -o "Core/Src/sysmem.o"
arm-none-eabi-gcc "../Core/Src/system_stm32h7xx.c" -mcpu=cortex-m7 -std=gnu11 -g3 -DDEBUG -DUSE_PWR_LDO_SUPPLY -DUSE_HAL_DRIVER -DSTM32H750xx -c -I../Core/Inc -I../Drivers/STM32H7xx_HAL_Driver/Inc -I../Drivers/STM32H7xx_HAL_Driver/Inc/Legacy -I../Drivers/CMSIS/Device/ST/STM32H7xx/Include -I../Drivers/CMSIS/Include -I"E:/StudyNote/study_STM32H7-MX/2.code/25.SPI/BSP" -I"E:/StudyNote/study_STM32H7-MX/2.code/25.SPI/BSP/LED" -I"E:/StudyNote/study_STM32H7-MX/2.code/25.SPI/BSP/KEY" -I"E:/StudyNote/study_STM32H7-MX/2.code/25.SPI/BSP/BEEP" -I"E:/StudyNote/study_STM32H7-MX/2.code/25.SPI/BSP/EXTI" -I"E:/StudyNote/study_STM32H7-MX/2.code/25.SPI/BSP/I2C" -I"E:/StudyNote/study_STM32H7-MX/2.code/25.SPI/BSP/Delay" -O0 -ffunction-sections -fdata-sections -Wall -fstack-usage -fcyclomatic-complexity -MMD -MP -MF"Core/Src/system_stm32h7xx.d" -MT"Core/Src/system_stm32h7xx.o" --specs=nano.specs -mfpu=fpv5-d16 -mfloat-abi=hard -mthumb -o "Core/Src/system_stm32h7xx.o"
arm-none-eabi-gcc "../Core/Src/usart.c" -mcpu=cortex-m7 -std=gnu11 -g3 -DDEBUG -DUSE_PWR_LDO_SUPPLY -DUSE_HAL_DRIVER -DSTM32H750xx -c -I../Core/Inc -I../Drivers/STM32H7xx_HAL_Driver/Inc -I../Drivers/STM32H7xx_HAL_Driver/Inc/Legacy -I../Drivers/CMSIS/Device/ST/STM32H7xx/Include -I../Drivers/CMSIS/Include -I"E:/StudyNote/study_STM32H7-MX/2.code/25.SPI/BSP" -I"E:/StudyNote/study_STM32H7-MX/2.code/25.SPI/BSP/LED" -I"E:/StudyNote/study_STM32H7-MX/2.code/25.SPI/BSP/KEY" -I"E:/StudyNote/study_STM32H7-MX/2.code/25.SPI/BSP/BEEP" -I"E:/StudyNote/study_STM32H7-MX/2.code/25.SPI/BSP/EXTI" -I"E:/StudyNote/study_STM32H7-MX/2.code/25.SPI/BSP/I2C" -I"E:/StudyNote/study_STM32H7-MX/2.code/25.SPI/BSP/Delay" -O0 -ffunction-sections -fdata-sections -Wall -fstack-usage -fcyclomatic-complexity -MMD -MP -MF"Core/Src/usart.d" -MT"Core/Src/usart.o" --specs=nano.specs -mfpu=fpv5-d16 -mfloat-abi=hard -mthumb -o "Core/Src/usart.o"
../Core/Src/adc.c: In function 'adc_get_result_average':
../Core/Src/adc.c:168:21: warning: implicit declaration of function 'MX_ADC1_result'; did you mean 'MX_ADC1_Init'? [-Wimplicit-function-declaration]
  168 |         temp_val += MX_ADC1_result(ch);
      |                     ^~~~~~~~~~~~~~
      |                     MX_ADC1_Init
arm-none-eabi-gcc "../Core/Src/wwdg.c" -mcpu=cortex-m7 -std=gnu11 -g3 -DDEBUG -DUSE_PWR_LDO_SUPPLY -DUSE_HAL_DRIVER -DSTM32H750xx -c -I../Core/Inc -I../Drivers/STM32H7xx_HAL_Driver/Inc -I../Drivers/STM32H7xx_HAL_Driver/Inc/Legacy -I../Drivers/CMSIS/Device/ST/STM32H7xx/Include -I../Drivers/CMSIS/Include -I"E:/StudyNote/study_STM32H7-MX/2.code/25.SPI/BSP" -I"E:/StudyNote/study_STM32H7-MX/2.code/25.SPI/BSP/LED" -I"E:/StudyNote/study_STM32H7-MX/2.code/25.SPI/BSP/KEY" -I"E:/StudyNote/study_STM32H7-MX/2.code/25.SPI/BSP/BEEP" -I"E:/StudyNote/study_STM32H7-MX/2.code/25.SPI/BSP/EXTI" -I"E:/StudyNote/study_STM32H7-MX/2.code/25.SPI/BSP/I2C" -I"E:/StudyNote/study_STM32H7-MX/2.code/25.SPI/BSP/Delay" -O0 -ffunction-sections -fdata-sections -Wall -fstack-usage -fcyclomatic-complexity -MMD -MP -MF"Core/Src/wwdg.d" -MT"Core/Src/wwdg.o" --specs=nano.specs -mfpu=fpv5-d16 -mfloat-abi=hard -mthumb -o "Core/Src/wwdg.o"
arm-none-eabi-gcc "../BSP/LED/led.c" -mcpu=cortex-m7 -std=gnu11 -g3 -DDEBUG -DUSE_PWR_LDO_SUPPLY -DUSE_HAL_DRIVER -DSTM32H750xx -c -I../Core/Inc -I../Drivers/STM32H7xx_HAL_Driver/Inc -I../Drivers/STM32H7xx_HAL_Driver/Inc/Legacy -I../Drivers/CMSIS/Device/ST/STM32H7xx/Include -I../Drivers/CMSIS/Include -I"E:/StudyNote/study_STM32H7-MX/2.code/25.SPI/BSP" -I"E:/StudyNote/study_STM32H7-MX/2.code/25.SPI/BSP/LED" -I"E:/StudyNote/study_STM32H7-MX/2.code/25.SPI/BSP/KEY" -I"E:/StudyNote/study_STM32H7-MX/2.code/25.SPI/BSP/BEEP" -I"E:/StudyNote/study_STM32H7-MX/2.code/25.SPI/BSP/EXTI" -I"E:/StudyNote/study_STM32H7-MX/2.code/25.SPI/BSP/I2C" -I"E:/StudyNote/study_STM32H7-MX/2.code/25.SPI/BSP/Delay" -O0 -ffunction-sections -fdata-sections -Wall -fstack-usage -fcyclomatic-complexity -MMD -MP -MF"BSP/LED/led.d" -MT"BSP/LED/led.o" --specs=nano.specs -mfpu=fpv5-d16 -mfloat-abi=hard -mthumb -o "BSP/LED/led.o"
arm-none-eabi-gcc "../BSP/KEY/key.c" -mcpu=cortex-m7 -std=gnu11 -g3 -DDEBUG -DUSE_PWR_LDO_SUPPLY -DUSE_HAL_DRIVER -DSTM32H750xx -c -I../Core/Inc -I../Drivers/STM32H7xx_HAL_Driver/Inc -I../Drivers/STM32H7xx_HAL_Driver/Inc/Legacy -I../Drivers/CMSIS/Device/ST/STM32H7xx/Include -I../Drivers/CMSIS/Include -I"E:/StudyNote/study_STM32H7-MX/2.code/25.SPI/BSP" -I"E:/StudyNote/study_STM32H7-MX/2.code/25.SPI/BSP/LED" -I"E:/StudyNote/study_STM32H7-MX/2.code/25.SPI/BSP/KEY" -I"E:/StudyNote/study_STM32H7-MX/2.code/25.SPI/BSP/BEEP" -I"E:/StudyNote/study_STM32H7-MX/2.code/25.SPI/BSP/EXTI" -I"E:/StudyNote/study_STM32H7-MX/2.code/25.SPI/BSP/I2C" -I"E:/StudyNote/study_STM32H7-MX/2.code/25.SPI/BSP/Delay" -O0 -ffunction-sections -fdata-sections -Wall -fstack-usage -fcyclomatic-complexity -MMD -MP -MF"BSP/KEY/key.d" -MT"BSP/KEY/key.o" --specs=nano.specs -mfpu=fpv5-d16 -mfloat-abi=hard -mthumb -o "BSP/KEY/key.o"
arm-none-eabi-gcc "../BSP/I2C/eeprom.c" -mcpu=cortex-m7 -std=gnu11 -g3 -DDEBUG -DUSE_PWR_LDO_SUPPLY -DUSE_HAL_DRIVER -DSTM32H750xx -c -I../Core/Inc -I../Drivers/STM32H7xx_HAL_Driver/Inc -I../Drivers/STM32H7xx_HAL_Driver/Inc/Legacy -I../Drivers/CMSIS/Device/ST/STM32H7xx/Include -I../Drivers/CMSIS/Include -I"E:/StudyNote/study_STM32H7-MX/2.code/25.SPI/BSP" -I"E:/StudyNote/study_STM32H7-MX/2.code/25.SPI/BSP/LED" -I"E:/StudyNote/study_STM32H7-MX/2.code/25.SPI/BSP/KEY" -I"E:/StudyNote/study_STM32H7-MX/2.code/25.SPI/BSP/BEEP" -I"E:/StudyNote/study_STM32H7-MX/2.code/25.SPI/BSP/EXTI" -I"E:/StudyNote/study_STM32H7-MX/2.code/25.SPI/BSP/I2C" -I"E:/StudyNote/study_STM32H7-MX/2.code/25.SPI/BSP/Delay" -O0 -ffunction-sections -fdata-sections -Wall -fstack-usage -fcyclomatic-complexity -MMD -MP -MF"BSP/I2C/eeprom.d" -MT"BSP/I2C/eeprom.o" --specs=nano.specs -mfpu=fpv5-d16 -mfloat-abi=hard -mthumb -o "BSP/I2C/eeprom.o"
arm-none-eabi-gcc "../BSP/I2C/i2c.c" -mcpu=cortex-m7 -std=gnu11 -g3 -DDEBUG -DUSE_PWR_LDO_SUPPLY -DUSE_HAL_DRIVER -DSTM32H750xx -c -I../Core/Inc -I../Drivers/STM32H7xx_HAL_Driver/Inc -I../Drivers/STM32H7xx_HAL_Driver/Inc/Legacy -I../Drivers/CMSIS/Device/ST/STM32H7xx/Include -I../Drivers/CMSIS/Include -I"E:/StudyNote/study_STM32H7-MX/2.code/25.SPI/BSP" -I"E:/StudyNote/study_STM32H7-MX/2.code/25.SPI/BSP/LED" -I"E:/StudyNote/study_STM32H7-MX/2.code/25.SPI/BSP/KEY" -I"E:/StudyNote/study_STM32H7-MX/2.code/25.SPI/BSP/BEEP" -I"E:/StudyNote/study_STM32H7-MX/2.code/25.SPI/BSP/EXTI" -I"E:/StudyNote/study_STM32H7-MX/2.code/25.SPI/BSP/I2C" -I"E:/StudyNote/study_STM32H7-MX/2.code/25.SPI/BSP/Delay" -O0 -ffunction-sections -fdata-sections -Wall -fstack-usage -fcyclomatic-complexity -MMD -MP -MF"BSP/I2C/i2c.d" -MT"BSP/I2C/i2c.o" --specs=nano.specs -mfpu=fpv5-d16 -mfloat-abi=hard -mthumb -o "BSP/I2C/i2c.o"
arm-none-eabi-gcc "../BSP/EXTI/exti.c" -mcpu=cortex-m7 -std=gnu11 -g3 -DDEBUG -DUSE_PWR_LDO_SUPPLY -DUSE_HAL_DRIVER -DSTM32H750xx -c -I../Core/Inc -I../Drivers/STM32H7xx_HAL_Driver/Inc -I../Drivers/STM32H7xx_HAL_Driver/Inc/Legacy -I../Drivers/CMSIS/Device/ST/STM32H7xx/Include -I../Drivers/CMSIS/Include -I"E:/StudyNote/study_STM32H7-MX/2.code/25.SPI/BSP" -I"E:/StudyNote/study_STM32H7-MX/2.code/25.SPI/BSP/LED" -I"E:/StudyNote/study_STM32H7-MX/2.code/25.SPI/BSP/KEY" -I"E:/StudyNote/study_STM32H7-MX/2.code/25.SPI/BSP/BEEP" -I"E:/StudyNote/study_STM32H7-MX/2.code/25.SPI/BSP/EXTI" -I"E:/StudyNote/study_STM32H7-MX/2.code/25.SPI/BSP/I2C" -I"E:/StudyNote/study_STM32H7-MX/2.code/25.SPI/BSP/Delay" -O0 -ffunction-sections -fdata-sections -Wall -fstack-usage -fcyclomatic-complexity -MMD -MP -MF"BSP/EXTI/exti.d" -MT"BSP/EXTI/exti.o" --specs=nano.specs -mfpu=fpv5-d16 -mfloat-abi=hard -mthumb -o "BSP/EXTI/exti.o"
arm-none-eabi-gcc "../BSP/Delay/delay.c" -mcpu=cortex-m7 -std=gnu11 -g3 -DDEBUG -DUSE_PWR_LDO_SUPPLY -DUSE_HAL_DRIVER -DSTM32H750xx -c -I../Core/Inc -I../Drivers/STM32H7xx_HAL_Driver/Inc -I../Drivers/STM32H7xx_HAL_Driver/Inc/Legacy -I../Drivers/CMSIS/Device/ST/STM32H7xx/Include -I../Drivers/CMSIS/Include -I"E:/StudyNote/study_STM32H7-MX/2.code/25.SPI/BSP" -I"E:/StudyNote/study_STM32H7-MX/2.code/25.SPI/BSP/LED" -I"E:/StudyNote/study_STM32H7-MX/2.code/25.SPI/BSP/KEY" -I"E:/StudyNote/study_STM32H7-MX/2.code/25.SPI/BSP/BEEP" -I"E:/StudyNote/study_STM32H7-MX/2.code/25.SPI/BSP/EXTI" -I"E:/StudyNote/study_STM32H7-MX/2.code/25.SPI/BSP/I2C" -I"E:/StudyNote/study_STM32H7-MX/2.code/25.SPI/BSP/Delay" -O0 -ffunction-sections -fdata-sections -Wall -fstack-usage -fcyclomatic-complexity -MMD -MP -MF"BSP/Delay/delay.d" -MT"BSP/Delay/delay.o" --specs=nano.specs -mfpu=fpv5-d16 -mfloat-abi=hard -mthumb -o "BSP/Delay/delay.o"
arm-none-eabi-gcc "../BSP/BEEP/beep.c" -mcpu=cortex-m7 -std=gnu11 -g3 -DDEBUG -DUSE_PWR_LDO_SUPPLY -DUSE_HAL_DRIVER -DSTM32H750xx -c -I../Core/Inc -I../Drivers/STM32H7xx_HAL_Driver/Inc -I../Drivers/STM32H7xx_HAL_Driver/Inc/Legacy -I../Drivers/CMSIS/Device/ST/STM32H7xx/Include -I../Drivers/CMSIS/Include -I"E:/StudyNote/study_STM32H7-MX/2.code/25.SPI/BSP" -I"E:/StudyNote/study_STM32H7-MX/2.code/25.SPI/BSP/LED" -I"E:/StudyNote/study_STM32H7-MX/2.code/25.SPI/BSP/KEY" -I"E:/StudyNote/study_STM32H7-MX/2.code/25.SPI/BSP/BEEP" -I"E:/StudyNote/study_STM32H7-MX/2.code/25.SPI/BSP/EXTI" -I"E:/StudyNote/study_STM32H7-MX/2.code/25.SPI/BSP/I2C" -I"E:/StudyNote/study_STM32H7-MX/2.code/25.SPI/BSP/Delay" -O0 -ffunction-sections -fdata-sections -Wall -fstack-usage -fcyclomatic-complexity -MMD -MP -MF"BSP/BEEP/beep.d" -MT"BSP/BEEP/beep.o" --specs=nano.specs -mfpu=fpv5-d16 -mfloat-abi=hard -mthumb -o "BSP/BEEP/beep.o"
arm-none-eabi-gcc "../BSP/bsp_init.c" -mcpu=cortex-m7 -std=gnu11 -g3 -DDEBUG -DUSE_PWR_LDO_SUPPLY -DUSE_HAL_DRIVER -DSTM32H750xx -c -I../Core/Inc -I../Drivers/STM32H7xx_HAL_Driver/Inc -I../Drivers/STM32H7xx_HAL_Driver/Inc/Legacy -I../Drivers/CMSIS/Device/ST/STM32H7xx/Include -I../Drivers/CMSIS/Include -I"E:/StudyNote/study_STM32H7-MX/2.code/25.SPI/BSP" -I"E:/StudyNote/study_STM32H7-MX/2.code/25.SPI/BSP/LED" -I"E:/StudyNote/study_STM32H7-MX/2.code/25.SPI/BSP/KEY" -I"E:/StudyNote/study_STM32H7-MX/2.code/25.SPI/BSP/BEEP" -I"E:/StudyNote/study_STM32H7-MX/2.code/25.SPI/BSP/EXTI" -I"E:/StudyNote/study_STM32H7-MX/2.code/25.SPI/BSP/I2C" -I"E:/StudyNote/study_STM32H7-MX/2.code/25.SPI/BSP/Delay" -O0 -ffunction-sections -fdata-sections -Wall -fstack-usage -fcyclomatic-complexity -MMD -MP -MF"BSP/bsp_init.d" -MT"BSP/bsp_init.o" --specs=nano.specs -mfpu=fpv5-d16 -mfloat-abi=hard -mthumb -o "BSP/bsp_init.o"
arm-none-eabi-gcc -o "25.SPI.elf" @"objects.list"   -mcpu=cortex-m7 -T"E:\StudyNote\study_STM32H7-MX\2.code\25.SPI\STM32H750VBTX_FLASH.ld" --specs=nosys.specs -Wl,-Map="25.SPI.map" -Wl,--gc-sections -static --specs=nano.specs -mfpu=fpv5-d16 -mfloat-abi=hard -mthumb -u _printf_float -Wl,--start-group -lc -lm -Wl,--end-group
Finished building target: 25.SPI.elf
 
arm-none-eabi-size  25.SPI.elf 
arm-none-eabi-objdump -h -S 25.SPI.elf  > "25.SPI.list"
   text	   data	    bss	    dec	    hex	filename
  30256	    472	   2072	  32800	   8020	25.SPI.elf
Finished building: default.size.stdout
 
Finished building: 25.SPI.list
 

14:02:22 Build Finished. 0 errors, 1 warnings. (took 3s.99ms)

