10:00:39 **** Incremental Build of configuration Debug for project 4.USART ****
make -j20 all 
arm-none-eabi-gcc "../Core/Src/main.c" -mcpu=cortex-m7 -std=gnu11 -g3 -DDEBUG -DUSE_PWR_LDO_SUPPLY -DUSE_HAL_DRIVER -DSTM32H750xx -c -I../Core/Inc -I../Drivers/STM32H7xx_HAL_Driver/Inc -I../Drivers/STM32H7xx_HAL_Driver/Inc/Legacy -I../Drivers/CMSIS/Device/ST/STM32H7xx/Include -I../Drivers/CMSIS/Include -I"E:/StudyNote/study_STM32H7-MX/2.code/4.USART/BSP" -I"E:/StudyNote/study_STM32H7-MX/2.code/4.USART/BSP/LED" -I"E:/StudyNote/study_STM32H7-MX/2.code/4.USART/BSP/KEY" -I"E:/StudyNote/study_STM32H7-MX/2.code/4.USART/BSP/BEEP" -I"E:/StudyNote/study_STM32H7-MX/2.code/4.USART/BSP/EXTI" -O0 -ffunction-sections -fdata-sections -Wall -fstack-usage -fcyclomatic-complexity -MMD -MP -MF"Core/Src/main.d" -MT"Core/Src/main.o" --specs=nano.specs -mfpu=fpv5-d16 -mfloat-abi=hard -mthumb -o "Core/Src/main.o"
arm-none-eabi-gcc "../Core/Src/stm32h7xx_it.c" -mcpu=cortex-m7 -std=gnu11 -g3 -DDEBUG -DUSE_PWR_LDO_SUPPLY -DUSE_HAL_DRIVER -DSTM32H750xx -c -I../Core/Inc -I../Drivers/STM32H7xx_HAL_Driver/Inc -I../Drivers/STM32H7xx_HAL_Driver/Inc/Legacy -I../Drivers/CMSIS/Device/ST/STM32H7xx/Include -I../Drivers/CMSIS/Include -I"E:/StudyNote/study_STM32H7-MX/2.code/4.USART/BSP" -I"E:/StudyNote/study_STM32H7-MX/2.code/4.USART/BSP/LED" -I"E:/StudyNote/study_STM32H7-MX/2.code/4.USART/BSP/KEY" -I"E:/StudyNote/study_STM32H7-MX/2.code/4.USART/BSP/BEEP" -I"E:/StudyNote/study_STM32H7-MX/2.code/4.USART/BSP/EXTI" -O0 -ffunction-sections -fdata-sections -Wall -fstack-usage -fcyclomatic-complexity -MMD -MP -MF"Core/Src/stm32h7xx_it.d" -MT"Core/Src/stm32h7xx_it.o" --specs=nano.specs -mfpu=fpv5-d16 -mfloat-abi=hard -mthumb -o "Core/Src/stm32h7xx_it.o"
arm-none-eabi-gcc "../Core/Src/usart.c" -mcpu=cortex-m7 -std=gnu11 -g3 -DDEBUG -DUSE_PWR_LDO_SUPPLY -DUSE_HAL_DRIVER -DSTM32H750xx -c -I../Core/Inc -I../Drivers/STM32H7xx_HAL_Driver/Inc -I../Drivers/STM32H7xx_HAL_Driver/Inc/Legacy -I../Drivers/CMSIS/Device/ST/STM32H7xx/Include -I../Drivers/CMSIS/Include -I"E:/StudyNote/study_STM32H7-MX/2.code/4.USART/BSP" -I"E:/StudyNote/study_STM32H7-MX/2.code/4.USART/BSP/LED" -I"E:/StudyNote/study_STM32H7-MX/2.code/4.USART/BSP/KEY" -I"E:/StudyNote/study_STM32H7-MX/2.code/4.USART/BSP/BEEP" -I"E:/StudyNote/study_STM32H7-MX/2.code/4.USART/BSP/EXTI" -O0 -ffunction-sections -fdata-sections -Wall -fstack-usage -fcyclomatic-complexity -MMD -MP -MF"Core/Src/usart.d" -MT"Core/Src/usart.o" --specs=nano.specs -mfpu=fpv5-d16 -mfloat-abi=hard -mthumb -o "Core/Src/usart.o"
arm-none-eabi-gcc "../BSP/bsp_init.c" -mcpu=cortex-m7 -std=gnu11 -g3 -DDEBUG -DUSE_PWR_LDO_SUPPLY -DUSE_HAL_DRIVER -DSTM32H750xx -c -I../Core/Inc -I../Drivers/STM32H7xx_HAL_Driver/Inc -I../Drivers/STM32H7xx_HAL_Driver/Inc/Legacy -I../Drivers/CMSIS/Device/ST/STM32H7xx/Include -I../Drivers/CMSIS/Include -I"E:/StudyNote/study_STM32H7-MX/2.code/4.USART/BSP" -I"E:/StudyNote/study_STM32H7-MX/2.code/4.USART/BSP/LED" -I"E:/StudyNote/study_STM32H7-MX/2.code/4.USART/BSP/KEY" -I"E:/StudyNote/study_STM32H7-MX/2.code/4.USART/BSP/BEEP" -I"E:/StudyNote/study_STM32H7-MX/2.code/4.USART/BSP/EXTI" -O0 -ffunction-sections -fdata-sections -Wall -fstack-usage -fcyclomatic-complexity -MMD -MP -MF"BSP/bsp_init.d" -MT"BSP/bsp_init.o" --specs=nano.specs -mfpu=fpv5-d16 -mfloat-abi=hard -mthumb -o "BSP/bsp_init.o"
arm-none-eabi-gcc -o "4.USART.elf" @"objects.list"   -mcpu=cortex-m7 -T"E:\StudyNote\study_STM32H7-MX\2.code\4.USART\STM32H750VBTX_FLASH.ld" --specs=nosys.specs -Wl,-Map="4.USART.map" -Wl,--gc-sections -static --specs=nano.specs -mfpu=fpv5-d16 -mfloat-abi=hard -mthumb -Wl,--start-group -lc -lm -Wl,--end-group
Finished building target: 4.USART.elf
 
arm-none-eabi-size  4.USART.elf 
arm-none-eabi-objdump -h -S 4.USART.elf  > "4.USART.list"
   text	   data	    bss	    dec	    hex	filename
  30248	     16	   1792	  32056	   7d38	4.USART.elf
Finished building: default.size.stdout
 
Finished building: 4.USART.list
 

10:00:40 Build Finished. 0 errors, 0 warnings. (took 955ms)

