14:32:25 **** Incremental Build of configuration Debug for project 7.BTIM ****
make -j20 all 
arm-none-eabi-gcc "../Core/Src/stm32h7xx_it.c" -mcpu=cortex-m7 -std=gnu11 -g3 -DDEBUG -DUSE_PWR_LDO_SUPPLY -DUSE_HAL_DRIVER -DSTM32H750xx -c -I../Core/Inc -I../Drivers/STM32H7xx_HAL_Driver/Inc -I../Drivers/STM32H7xx_HAL_Driver/Inc/Legacy -I../Drivers/CMSIS/Device/ST/STM32H7xx/Include -I../Drivers/CMSIS/Include -I"E:/StudyNote/study_STM32H7-MX/2.code/7.BTIM/BSP" -I"E:/StudyNote/study_STM32H7-MX/2.code/7.BTIM/BSP/LED" -I"E:/StudyNote/study_STM32H7-MX/2.code/7.BTIM/BSP/KEY" -I"E:/StudyNote/study_STM32H7-MX/2.code/7.BTIM/BSP/BEEP" -I"E:/StudyNote/study_STM32H7-MX/2.code/7.BTIM/BSP/EXTI" -O0 -ffunction-sections -fdata-sections -Wall -fstack-usage -fcyclomatic-complexity -MMD -MP -MF"Core/Src/stm32h7xx_it.d" -MT"Core/Src/stm32h7xx_it.o" --specs=nano.specs -mfpu=fpv5-d16 -mfloat-abi=hard -mthumb -o "Core/Src/stm32h7xx_it.o"
arm-none-eabi-gcc -o "7.BTIM.elf" @"objects.list"   -mcpu=cortex-m7 -T"E:\StudyNote\study_STM32H7-MX\2.code\7.BTIM\STM32H750VBTX_FLASH.ld" --specs=nosys.specs -Wl,-Map="7.BTIM.map" -Wl,--gc-sections -static --specs=nano.specs -mfpu=fpv5-d16 -mfloat-abi=hard -mthumb -Wl,--start-group -lc -lm -Wl,--end-group
Finished building target: 7.BTIM.elf
 
arm-none-eabi-size  7.BTIM.elf 
arm-none-eabi-objdump -h -S 7.BTIM.elf  > "7.BTIM.list"
   text	   data	    bss	    dec	    hex	filename
  31628	    108	   2148	  33884	   845c	7.BTIM.elf
Finished building: default.size.stdout
 
Finished building: 7.BTIM.list
 

14:32:26 Build Finished. 0 errors, 0 warnings. (took 1s.11ms)

