13:10:27 **** Incremental Build of configuration Debug for project 28.SDIO-SDCard ****
make -j20 all 
arm-none-eabi-gcc "../Core/Src/main.c" -mcpu=cortex-m7 -std=gnu11 -g3 -DDEBUG -DUSE_PWR_LDO_SUPPLY -DUSE_HAL_DRIVER -DSTM32H750xx -c -I../Core/Inc -I../Drivers/STM32H7xx_HAL_Driver/Inc -I../Drivers/STM32H7xx_HAL_Driver/Inc/Legacy -I../Drivers/CMSIS/Device/ST/STM32H7xx/Include -I../Drivers/CMSIS/Include -I"E:/StudyNote/study_STM32H7-MX/2.code/28.SDIO-SDCard/BSP" -I"E:/StudyNote/study_STM32H7-MX/2.code/28.SDIO-SDCard/BSP/LED" -I"E:/StudyNote/study_STM32H7-MX/2.code/28.SDIO-SDCard/BSP/KEY" -I"E:/StudyNote/study_STM32H7-MX/2.code/28.SDIO-SDCard/BSP/BEEP" -I"E:/StudyNote/study_STM32H7-MX/2.code/28.SDIO-SDCard/BSP/EXTI" -I"E:/StudyNote/study_STM32H7-MX/2.code/28.SDIO-SDCard/BSP/I2C" -I"E:/StudyNote/study_STM32H7-MX/2.code/28.SDIO-SDCard/BSP/Delay" -O0 -ffunction-sections -fdata-sections -Wall -fstack-usage -fcyclomatic-complexity -MMD -MP -MF"Core/Src/main.d" -MT"Core/Src/main.o" --specs=nano.specs -mfpu=fpv5-d16 -mfloat-abi=hard -mthumb -o "Core/Src/main.o"
arm-none-eabi-gcc -o "28.SDIO-SDCard.elf" @"objects.list"   -mcpu=cortex-m7 -T"E:\StudyNote\study_STM32H7-MX\2.code\28.SDIO-SDCard\STM32H750VBTX_FLASH.ld" --specs=nosys.specs -Wl,-Map="28.SDIO-SDCard.map" -Wl,--gc-sections -static --specs=nano.specs -mfpu=fpv5-d16 -mfloat-abi=hard -mthumb -u _printf_float -Wl,--start-group -lc -lm -Wl,--end-group
Finished building target: 28.SDIO-SDCard.elf
 
arm-none-eabi-size  28.SDIO-SDCard.elf 
arm-none-eabi-objdump -h -S 28.SDIO-SDCard.elf  > "28.SDIO-SDCard.list"
   text	   data	    bss	    dec	    hex	filename
  52188	    476	   2236	  54900	   d674	28.SDIO-SDCard.elf
Finished building: default.size.stdout
 
Finished building: 28.SDIO-SDCard.list
 
13:11:08 **** Incremental Build of configuration Debug for project 28.SDIO-SDCard ****
make -j20 all 
arm-none-eabi-size  28.SDIO-SDCard.elf 
   text	   data	    bss	    dec	    hex	filename
  52188	    476	   2236	  54900	   d674	28.SDIO-SDCard.elf
Finished building: default.size.stdout
 
13:12:00 **** Incremental Build of configuration Debug for project 28.SDIO-SDCard ****
make -j20 all 
arm-none-eabi-size  28.SDIO-SDCard.elf 
   text	   data	    bss	    dec	    hex	filename
  52188	    476	   2236	  54900	   d674	28.SDIO-SDCard.elf
Finished building: default.size.stdout
 
