<html>
<body>
<pre>
<h1>礦ision Build Log</h1>
<h2>Tool Versions:</h2>
IDE-Version: μVision V5.15
Copyright (C) 2015 ARM Ltd and ARM Germany GmbH. All rights reserved.
License Information: 123 456, lish12, LIC=RC93N-Y8R60-HLPCL-0K1GZ-Z9PMY-4LGV4
 
Tool Versions:
Toolchain:       MDK-ARM Standard  Version: 5.15.0
Toolchain Path:  d:\Keil_v5\ARM\ARMCC\Bin
C Compiler:      Armcc.exe V5.05 update 2 (build 169)
Assembler:       Armasm.exe V5.05 update 2 (build 169)
Linker/Locator:  ArmLink.exe V5.05 update 2 (build 169)
Library Manager: ArmAr.exe V5.05 update 2 (build 169)
Hex Converter:   FromElf.exe V5.05 update 2 (build 169)
CPU DLL:         SARMCM3.DLL V5.15.0
Dialog DLL:      DCM.DLL V1.13.2.0
Target DLL:      CMSIS_AGDI.dll V1.21.12.0
Dialog DLL:      TCM.DLL V1.14.5.0
 
<h2>Project:</h2>
E:\BaiduNetdiskDownload\01.正点原子开发板\【正点原子】探索者STM32F407开发板资料 视频盘(A盘)\9，增值资料\1，ALIENTEK 产品资料\1，ATK-HC05蓝牙串口模块\2，程序源码\（库函数版本，适合探索者STM32F4开发板）扩展实验1 ATK-HC05蓝牙串口模块实验\USER\ATK-HC05.uvprojx
Project File Date:  04/11/2015

<h2>Output:</h2>
*** Using Compiler 'V5.05 update 2 (build 169)', folder: 'd:\Keil_v5\ARM\ARMCC\Bin'
Build target 'ATK-HC05'
compiling hc05.c...
linking...
Program Size: Code=43694 RO-data=7242 RW-data=360 ZI-data=2648  
FromELF: creating hex file...
"..\OBJ\ATK-HC05.axf" - 0 Error(s), 0 Warning(s).

<h2>Collection of Component include folders:</h2>
  E:\BaiduNetdiskDownload\01.正点原子开发板\【正点原子】探索者STM32F407开发板资料 视频盘(A盘)\9，增值资料\1，ALIENTEK 产品资料\1，ATK-HC05蓝牙串口模块\2，程序源码\（库函数版本，适合探索者STM32F4开发板）扩展实验1 ATK-HC05蓝牙串口模块实验\USER\RTE
  d:\Keil_v5\ARM\PACK\Keil\STM32F4xx_DFP\2.13.0\Drivers\CMSIS\Device\ST\STM32F4xx\Include

<h2>Collection of Component Files used:</h2>
</pre>
</body>
</html>
