<html>
<body>
<pre>
<h1>µVision Build Log</h1>
<h2>Tool Versions:</h2>
IDE-Version: ¦ÌVision V5.38.0.0
Copyright (C) 2022 ARM Ltd and ARM Germany GmbH. All rights reserved.
License Information: 1 qiu, 1, LIC=JL28G-V89FM-MML9I-TXR8R-9LM29-P5CGD
 
Tool Versions:
Toolchain:       MDK-ARM Plus  Version: 5.38.0.0
Toolchain Path:  E:\dianzi\MDKv5\ARM\ARMCLANG\Bin
C Compiler:      ArmClang.exe V6.19
Assembler:       Armasm.exe V6.19
Linker/Locator:  ArmLink.exe V6.19
Library Manager: ArmAr.exe V6.19
Hex Converter:   FromElf.exe V6.19
CPU DLL:         SARMCM3.DLL V5.38.0.0
Dialog DLL:      DCM.DLL V1.17.5.0
Target DLL:      STLink\ST-LINKIII-KEIL_SWO.dll V3.0.1.0
Dialog DLL:      TCM.DLL V1.56.4.0
 
<h2>Project:</h2>
E:\StudyNote\study_STM32-HAL\STM32F4_Quick_Start_Guide_HAL\2.code\26.ADC-Normal\Project\STM32F4.uvprojx
Project File Date:  08/08/2025

<h2>Output:</h2>
*** Using Compiler 'V6.19', folder: 'E:\dianzi\MDKv5\ARM\ARMCLANG\Bin'
Rebuild target 'Template'
assembling startup_stm32f407xx.s...
creating preprocessor file for stm32f4xx_hal_rcc.c...
creating preprocessor file for stm32f4xx_hal_gpio.c...
creating preprocessor file for stm32f4xx_hal_usart.c...
creating preprocessor file for stm32f4xx_hal_dma.c...
creating preprocessor file for stm32f4xx_hal_rcc_ex.c...
creating preprocessor file for stm32f4xx_hal.c...
creating preprocessor file for stm32f4xx_hal_cortex.c...
compiling stm32f4xx_hal_rcc_ex.c...
compiling stm32f4xx_hal_cortex.c...
creating preprocessor file for stm32f4xx_hal_pwr.c...
compiling stm32f4xx_hal_gpio.c...
compiling stm32f4xx_hal.c...
compiling stm32f4xx_hal_rcc.c...
compiling stm32f4xx_hal_pwr.c...
creating preprocessor file for stm32f4xx_hal_pwr_ex.c...
compiling stm32f4xx_hal_dma.c...
compiling stm32f4xx_hal_pwr_ex.c...
creating preprocessor file for stm32f4xx_hal_uart.c...
compiling stm32f4xx_hal_usart.c...
creating preprocessor file for stm32f4xx_hal_dma_ex.c...
creating preprocessor file for stm32f4xx_hal_tim.c...
compiling stm32f4xx_hal_dma_ex.c...
creating preprocessor file for stm32f4xx_hal_tim_ex.c...
creating preprocessor file for stm32f4xx_ll_fsmc.c...
creating preprocessor file for stm32f4xx_hal_sram.c...
compiling stm32f4xx_ll_fsmc.c...
creating preprocessor file for stm32f4xx_hal_rng.c...
creating preprocessor file for stm32f4xx_hal_adc.c...
compiling stm32f4xx_hal_uart.c...
compiling stm32f4xx_hal_sram.c...
creating preprocessor file for stm32f4xx_hal_adc_ex.c...
compiling stm32f4xx_hal_rng.c...
creating preprocessor file for usmart.c...
compiling stm32f4xx_hal_tim_ex.c...
creating preprocessor file for usmart_config.c...
compiling stm32f4xx_hal_adc_ex.c...
compiling stm32f4xx_hal_adc.c...
creating preprocessor file for usmart_port.c...
compiling usmart.c...
creating preprocessor file for usmart_str.c...
compiling usmart_config.c...
compiling usmart_port.c...
creating preprocessor file for delay.c...
creating preprocessor file for sys.c...
compiling delay.c...
creating preprocessor file for usart.c...
compiling sys.c...
compiling stm32f4xx_hal_tim.c...
compiling usmart_str.c...
creating preprocessor file for main.c...
creating preprocessor file for stm32f4xx_it.c...
compiling usart.c...
compiling main.c...
creating preprocessor file for system_stm32f4xx.c...
compiling stm32f4xx_it.c...
compiling system_stm32f4xx.c...
creating preprocessor file for led.c...
compiling led.c...
creating preprocessor file for bsp_init.c...
creating preprocessor file for key.c...
compiling bsp_init.c...
creating preprocessor file for lcd.c...
compiling key.c...
creating preprocessor file for adc.c...
compiling adc.c...
compiling lcd.c...
linking...
Program Size: Code=20908 RO-data=20824 RW-data=416 ZI-data=1728  
FromELF: creating hex file...
"..\Output\Template.axf" - 0 Error(s), 0 Warning(s).

<h2>Software Packages used:</h2>

Package Vendor: Keil
                http://www.keil.com/pack/Keil.STM32F4xx_DFP.2.13.0.pack
                Keil.STM32F4xx_DFP.2.13.0
                STMicroelectronics STM32F4 Series Device Support, Drivers and Examples

<h2>Collection of Component include folders:</h2>
  E:/dianzi/MDKv5/Keil/STM32F4xx_DFP/2.13.0/Drivers/CMSIS/Device/ST/STM32F4xx/Include

<h2>Collection of Component Files used:</h2>
Build Time Elapsed:  00:00:02
</pre>
</body>
</html>
