../Core/Src/stm32h7xx_it.c:82:6:NMI_Handler	4	static
../Core/Src/stm32h7xx_it.c:97:6:HardFault_Handler	4	static
../Core/Src/stm32h7xx_it.c:112:6:MemManage_Handler	4	static
../Core/Src/stm32h7xx_it.c:127:6:BusFault_Handler	4	static
../Core/Src/stm32h7xx_it.c:142:6:UsageFault_Handler	4	static
../Core/Src/stm32h7xx_it.c:157:6:SVC_Handler	4	static
../Core/Src/stm32h7xx_it.c:170:6:DebugMon_Handler	4	static
../Core/Src/stm32h7xx_it.c:183:6:PendSV_Handler	4	static
../Core/Src/stm32h7xx_it.c:196:6:SysTick_Handler	8	static
../Core/Src/stm32h7xx_it.c:217:6:WWDG_IRQHandler	8	static
../Core/Src/stm32h7xx_it.c:230:6:EXTI1_IRQHandler	8	static
../Core/Src/stm32h7xx_it.c:244:6:TIM2_IRQHandler	8	static
../Core/Src/stm32h7xx_it.c:258:6:TIM3_IRQHandler	8	static
../Core/Src/stm32h7xx_it.c:271:6:USART1_IRQHandler	8	static
../Core/Src/stm32h7xx_it.c:285:6:TIM5_IRQHandler	8	static
../Core/Src/stm32h7xx_it.c:299:6:TIM6_DAC_IRQHandler	8	static
../Core/Src/stm32h7xx_it.c:312:6:TIM15_IRQHandler	8	static
